<!doctype html public "-//w3c//dtd html 4.0 transitional//en">
<html><head>
<title>Static Call Graph - [ModuleTestLetim\ModuleTestLetim.axf]</title></head>
<body><HR>
<H1>Static Call Graph for image ModuleTestLetim\ModuleTestLetim.axf</H1><HR>
<BR><P>#&#060CALLGRAPH&#062# ARM Linker, 5060750: Last Updated: Thu May 14 11:54:48 2020
<BR><P>
<H3>Maximum Stack Usage =        408 bytes + Unknown(Cycles, Untraceable Function Pointers)</H3><H3>
Call chain for Maximum Stack Depth:</H3>
main &rArr; SystemClock_Config &rArr; HAL_RCCEx_PeriphCLKConfig &rArr; RCCEx_PLL3_Config
<P>
<H3>
Mutually Recursive functions
</H3> <LI><a href="#[a1]">ADC3_IRQHandler</a>&nbsp;&nbsp;&nbsp;&rArr;&nbsp;&nbsp;&nbsp;<a href="#[a1]">ADC3_IRQHandler</a><BR>
 <LI><a href="#[24]">BusFault_Handler</a>&nbsp;&nbsp;&nbsp;&rArr;&nbsp;&nbsp;&nbsp;<a href="#[24]">BusFault_Handler</a><BR>
 <LI><a href="#[22]">HardFault_Handler</a>&nbsp;&nbsp;&nbsp;&rArr;&nbsp;&nbsp;&nbsp;<a href="#[22]">HardFault_Handler</a><BR>
 <LI><a href="#[23]">MemManage_Handler</a>&nbsp;&nbsp;&nbsp;&rArr;&nbsp;&nbsp;&nbsp;<a href="#[23]">MemManage_Handler</a><BR>
 <LI><a href="#[25]">UsageFault_Handler</a>&nbsp;&nbsp;&nbsp;&rArr;&nbsp;&nbsp;&nbsp;<a href="#[25]">UsageFault_Handler</a><BR>
</UL>
<P>
<H3>
Function Pointers
</H3><UL>
 <LI><a href="#[a1]">ADC3_IRQHandler</a> from startup_stm32h743xx.o(.text) referenced from startup_stm32h743xx.o(RESET)
 <LI><a href="#[b8]">ADC_DMAConvCplt</a> from stm32h7xx_hal_adc.o(i.ADC_DMAConvCplt) referenced from stm32h7xx_hal_adc.o(i.HAL_ADC_Start_DMA)
 <LI><a href="#[ba]">ADC_DMAError</a> from stm32h7xx_hal_adc.o(i.ADC_DMAError) referenced from stm32h7xx_hal_adc.o(i.HAL_ADC_Start_DMA)
 <LI><a href="#[b9]">ADC_DMAHalfConvCplt</a> from stm32h7xx_hal_adc.o(i.ADC_DMAHalfConvCplt) referenced from stm32h7xx_hal_adc.o(i.HAL_ADC_Start_DMA)
 <LI><a href="#[3c]">ADC_IRQHandler</a> from startup_stm32h743xx.o(.text) referenced from startup_stm32h743xx.o(RESET)
 <LI><a href="#[a3]">BDMA_Channel0_IRQHandler</a> from startup_stm32h743xx.o(.text) referenced from startup_stm32h743xx.o(RESET)
 <LI><a href="#[a4]">BDMA_Channel1_IRQHandler</a> from startup_stm32h743xx.o(.text) referenced from startup_stm32h743xx.o(RESET)
 <LI><a href="#[a5]">BDMA_Channel2_IRQHandler</a> from startup_stm32h743xx.o(.text) referenced from startup_stm32h743xx.o(RESET)
 <LI><a href="#[a6]">BDMA_Channel3_IRQHandler</a> from startup_stm32h743xx.o(.text) referenced from startup_stm32h743xx.o(RESET)
 <LI><a href="#[a7]">BDMA_Channel4_IRQHandler</a> from startup_stm32h743xx.o(.text) referenced from startup_stm32h743xx.o(RESET)
 <LI><a href="#[a8]">BDMA_Channel5_IRQHandler</a> from startup_stm32h743xx.o(.text) referenced from startup_stm32h743xx.o(RESET)
 <LI><a href="#[a9]">BDMA_Channel6_IRQHandler</a> from startup_stm32h743xx.o(.text) referenced from startup_stm32h743xx.o(RESET)
 <LI><a href="#[aa]">BDMA_Channel7_IRQHandler</a> from startup_stm32h743xx.o(.text) referenced from startup_stm32h743xx.o(RESET)
 <LI><a href="#[24]">BusFault_Handler</a> from stm32h7xx_it.o(i.BusFault_Handler) referenced from startup_stm32h743xx.o(RESET)
 <LI><a href="#[a]">CDC_Control_FS</a> from usbd_cdc_if.o(i.CDC_Control_FS) referenced 2 times from usbd_cdc_if.o(.data)
 <LI><a href="#[9]">CDC_DeInit_FS</a> from usbd_cdc_if.o(i.CDC_DeInit_FS) referenced 2 times from usbd_cdc_if.o(.data)
 <LI><a href="#[8]">CDC_Init_FS</a> from usbd_cdc_if.o(i.CDC_Init_FS) referenced 2 times from usbd_cdc_if.o(.data)
 <LI><a href="#[b]">CDC_Receive_FS</a> from usbd_cdc_if.o(i.CDC_Receive_FS) referenced 2 times from usbd_cdc_if.o(.data)
 <LI><a href="#[82]">CEC_IRQHandler</a> from startup_stm32h743xx.o(.text) referenced from startup_stm32h743xx.o(RESET)
 <LI><a href="#[ab]">COMP1_IRQHandler</a> from startup_stm32h743xx.o(.text) referenced from startup_stm32h743xx.o(RESET)
 <LI><a href="#[b1]">CRS_IRQHandler</a> from startup_stm32h743xx.o(.text) referenced from startup_stm32h743xx.o(RESET)
 <LI><a href="#[73]">DCMI_IRQHandler</a> from startup_stm32h743xx.o(.text) referenced from startup_stm32h743xx.o(RESET)
 <LI><a href="#[92]">DFSDM1_FLT0_IRQHandler</a> from startup_stm32h743xx.o(.text) referenced from startup_stm32h743xx.o(RESET)
 <LI><a href="#[93]">DFSDM1_FLT1_IRQHandler</a> from startup_stm32h743xx.o(.text) referenced from startup_stm32h743xx.o(RESET)
 <LI><a href="#[94]">DFSDM1_FLT2_IRQHandler</a> from startup_stm32h743xx.o(.text) referenced from startup_stm32h743xx.o(RESET)
 <LI><a href="#[95]">DFSDM1_FLT3_IRQHandler</a> from startup_stm32h743xx.o(.text) referenced from startup_stm32h743xx.o(RESET)
 <LI><a href="#[35]">DMA1_Stream0_IRQHandler</a> from stm32h7xx_it.o(i.DMA1_Stream0_IRQHandler) referenced from startup_stm32h743xx.o(RESET)
 <LI><a href="#[36]">DMA1_Stream1_IRQHandler</a> from startup_stm32h743xx.o(.text) referenced from startup_stm32h743xx.o(RESET)
 <LI><a href="#[37]">DMA1_Stream2_IRQHandler</a> from startup_stm32h743xx.o(.text) referenced from startup_stm32h743xx.o(RESET)
 <LI><a href="#[38]">DMA1_Stream3_IRQHandler</a> from startup_stm32h743xx.o(.text) referenced from startup_stm32h743xx.o(RESET)
 <LI><a href="#[39]">DMA1_Stream4_IRQHandler</a> from startup_stm32h743xx.o(.text) referenced from startup_stm32h743xx.o(RESET)
 <LI><a href="#[3a]">DMA1_Stream5_IRQHandler</a> from startup_stm32h743xx.o(.text) referenced from startup_stm32h743xx.o(RESET)
 <LI><a href="#[3b]">DMA1_Stream6_IRQHandler</a> from startup_stm32h743xx.o(.text) referenced from startup_stm32h743xx.o(RESET)
 <LI><a href="#[58]">DMA1_Stream7_IRQHandler</a> from startup_stm32h743xx.o(.text) referenced from startup_stm32h743xx.o(RESET)
 <LI><a href="#[7e]">DMA2D_IRQHandler</a> from startup_stm32h743xx.o(.text) referenced from startup_stm32h743xx.o(RESET)
 <LI><a href="#[61]">DMA2_Stream0_IRQHandler</a> from startup_stm32h743xx.o(.text) referenced from startup_stm32h743xx.o(RESET)
 <LI><a href="#[62]">DMA2_Stream1_IRQHandler</a> from startup_stm32h743xx.o(.text) referenced from startup_stm32h743xx.o(RESET)
 <LI><a href="#[63]">DMA2_Stream2_IRQHandler</a> from startup_stm32h743xx.o(.text) referenced from startup_stm32h743xx.o(RESET)
 <LI><a href="#[64]">DMA2_Stream3_IRQHandler</a> from startup_stm32h743xx.o(.text) referenced from startup_stm32h743xx.o(RESET)
 <LI><a href="#[65]">DMA2_Stream4_IRQHandler</a> from startup_stm32h743xx.o(.text) referenced from startup_stm32h743xx.o(RESET)
 <LI><a href="#[69]">DMA2_Stream5_IRQHandler</a> from startup_stm32h743xx.o(.text) referenced from startup_stm32h743xx.o(RESET)
 <LI><a href="#[6a]">DMA2_Stream6_IRQHandler</a> from startup_stm32h743xx.o(.text) referenced from startup_stm32h743xx.o(RESET)
 <LI><a href="#[6b]">DMA2_Stream7_IRQHandler</a> from startup_stm32h743xx.o(.text) referenced from startup_stm32h743xx.o(RESET)
 <LI><a href="#[8a]">DMAMUX1_OVR_IRQHandler</a> from startup_stm32h743xx.o(.text) referenced from startup_stm32h743xx.o(RESET)
 <LI><a href="#[a2]">DMAMUX2_OVR_IRQHandler</a> from startup_stm32h743xx.o(.text) referenced from startup_stm32h743xx.o(RESET)
 <LI><a href="#[27]">DebugMon_Handler</a> from stm32h7xx_it.o(i.DebugMon_Handler) referenced from startup_stm32h743xx.o(RESET)
 <LI><a href="#[b2]">ECC_IRQHandler</a> from startup_stm32h743xx.o(.text) referenced from startup_stm32h743xx.o(RESET)
 <LI><a href="#[66]">ETH_IRQHandler</a> from startup_stm32h743xx.o(.text) referenced from startup_stm32h743xx.o(RESET)
 <LI><a href="#[67]">ETH_WKUP_IRQHandler</a> from startup_stm32h743xx.o(.text) referenced from startup_stm32h743xx.o(RESET)
 <LI><a href="#[30]">EXTI0_IRQHandler</a> from startup_stm32h743xx.o(.text) referenced from startup_stm32h743xx.o(RESET)
 <LI><a href="#[52]">EXTI15_10_IRQHandler</a> from startup_stm32h743xx.o(.text) referenced from startup_stm32h743xx.o(RESET)
 <LI><a href="#[31]">EXTI1_IRQHandler</a> from startup_stm32h743xx.o(.text) referenced from startup_stm32h743xx.o(RESET)
 <LI><a href="#[32]">EXTI2_IRQHandler</a> from startup_stm32h743xx.o(.text) referenced from startup_stm32h743xx.o(RESET)
 <LI><a href="#[33]">EXTI3_IRQHandler</a> from startup_stm32h743xx.o(.text) referenced from startup_stm32h743xx.o(RESET)
 <LI><a href="#[34]">EXTI4_IRQHandler</a> from startup_stm32h743xx.o(.text) referenced from startup_stm32h743xx.o(RESET)
 <LI><a href="#[41]">EXTI9_5_IRQHandler</a> from startup_stm32h743xx.o(.text) referenced from startup_stm32h743xx.o(RESET)
 <LI><a href="#[3d]">FDCAN1_IT0_IRQHandler</a> from startup_stm32h743xx.o(.text) referenced from startup_stm32h743xx.o(RESET)
 <LI><a href="#[3f]">FDCAN1_IT1_IRQHandler</a> from startup_stm32h743xx.o(.text) referenced from startup_stm32h743xx.o(RESET)
 <LI><a href="#[3e]">FDCAN2_IT0_IRQHandler</a> from startup_stm32h743xx.o(.text) referenced from startup_stm32h743xx.o(RESET)
 <LI><a href="#[40]">FDCAN2_IT1_IRQHandler</a> from startup_stm32h743xx.o(.text) referenced from startup_stm32h743xx.o(RESET)
 <LI><a href="#[68]">FDCAN_CAL_IRQHandler</a> from startup_stm32h743xx.o(.text) referenced from startup_stm32h743xx.o(RESET)
 <LI><a href="#[2e]">FLASH_IRQHandler</a> from startup_stm32h743xx.o(.text) referenced from startup_stm32h743xx.o(RESET)
 <LI><a href="#[59]">FMC_IRQHandler</a> from startup_stm32h743xx.o(.text) referenced from startup_stm32h743xx.o(RESET)
 <LI><a href="#[75]">FPU_IRQHandler</a> from startup_stm32h743xx.o(.text) referenced from startup_stm32h743xx.o(RESET)
 <LI><a href="#[91]">HRTIM1_FLT_IRQHandler</a> from startup_stm32h743xx.o(.text) referenced from startup_stm32h743xx.o(RESET)
 <LI><a href="#[8b]">HRTIM1_Master_IRQHandler</a> from startup_stm32h743xx.o(.text) referenced from startup_stm32h743xx.o(RESET)
 <LI><a href="#[8c]">HRTIM1_TIMA_IRQHandler</a> from startup_stm32h743xx.o(.text) referenced from startup_stm32h743xx.o(RESET)
 <LI><a href="#[8d]">HRTIM1_TIMB_IRQHandler</a> from startup_stm32h743xx.o(.text) referenced from startup_stm32h743xx.o(RESET)
 <LI><a href="#[8e]">HRTIM1_TIMC_IRQHandler</a> from startup_stm32h743xx.o(.text) referenced from startup_stm32h743xx.o(RESET)
 <LI><a href="#[8f]">HRTIM1_TIMD_IRQHandler</a> from startup_stm32h743xx.o(.text) referenced from startup_stm32h743xx.o(RESET)
 <LI><a href="#[90]">HRTIM1_TIME_IRQHandler</a> from startup_stm32h743xx.o(.text) referenced from startup_stm32h743xx.o(RESET)
 <LI><a href="#[a0]">HSEM1_IRQHandler</a> from startup_stm32h743xx.o(.text) referenced from startup_stm32h743xx.o(RESET)
 <LI><a href="#[22]">HardFault_Handler</a> from stm32h7xx_it.o(i.HardFault_Handler) referenced from startup_stm32h743xx.o(RESET)
 <LI><a href="#[4a]">I2C1_ER_IRQHandler</a> from startup_stm32h743xx.o(.text) referenced from startup_stm32h743xx.o(RESET)
 <LI><a href="#[49]">I2C1_EV_IRQHandler</a> from startup_stm32h743xx.o(.text) referenced from startup_stm32h743xx.o(RESET)
 <LI><a href="#[4c]">I2C2_ER_IRQHandler</a> from stm32h7xx_it.o(i.I2C2_ER_IRQHandler) referenced from startup_stm32h743xx.o(RESET)
 <LI><a href="#[4b]">I2C2_EV_IRQHandler</a> from stm32h7xx_it.o(i.I2C2_EV_IRQHandler) referenced from startup_stm32h743xx.o(RESET)
 <LI><a href="#[6e]">I2C3_ER_IRQHandler</a> from startup_stm32h743xx.o(.text) referenced from startup_stm32h743xx.o(RESET)
 <LI><a href="#[6d]">I2C3_EV_IRQHandler</a> from startup_stm32h743xx.o(.text) referenced from startup_stm32h743xx.o(RESET)
 <LI><a href="#[84]">I2C4_ER_IRQHandler</a> from startup_stm32h743xx.o(.text) referenced from startup_stm32h743xx.o(RESET)
 <LI><a href="#[83]">I2C4_EV_IRQHandler</a> from startup_stm32h743xx.o(.text) referenced from startup_stm32h743xx.o(RESET)
 <LI><a href="#[bc]">I2C_DMAAbort</a> from stm32h7xx_hal_i2c.o(i.I2C_DMAAbort) referenced from stm32h7xx_hal_i2c.o(i.I2C_ITError)
 <LI><a href="#[bd]">I2C_Slave_ISR_IT</a> from stm32h7xx_hal_i2c.o(i.I2C_Slave_ISR_IT) referenced from stm32h7xx_hal_i2c.o(i.I2C_ITError)
 <LI><a href="#[9d]">JPEG_IRQHandler</a> from startup_stm32h743xx.o(.text) referenced from startup_stm32h743xx.o(RESET)
 <LI><a href="#[81]">LPTIM1_IRQHandler</a> from startup_stm32h743xx.o(.text) referenced from startup_stm32h743xx.o(RESET)
 <LI><a href="#[ac]">LPTIM2_IRQHandler</a> from startup_stm32h743xx.o(.text) referenced from startup_stm32h743xx.o(RESET)
 <LI><a href="#[ad]">LPTIM3_IRQHandler</a> from startup_stm32h743xx.o(.text) referenced from startup_stm32h743xx.o(RESET)
 <LI><a href="#[ae]">LPTIM4_IRQHandler</a> from startup_stm32h743xx.o(.text) referenced from startup_stm32h743xx.o(RESET)
 <LI><a href="#[af]">LPTIM5_IRQHandler</a> from startup_stm32h743xx.o(.text) referenced from startup_stm32h743xx.o(RESET)
 <LI><a href="#[b0]">LPUART1_IRQHandler</a> from startup_stm32h743xx.o(.text) referenced from startup_stm32h743xx.o(RESET)
 <LI><a href="#[7d]">LTDC_ER_IRQHandler</a> from startup_stm32h743xx.o(.text) referenced from startup_stm32h743xx.o(RESET)
 <LI><a href="#[7c]">LTDC_IRQHandler</a> from startup_stm32h743xx.o(.text) referenced from startup_stm32h743xx.o(RESET)
 <LI><a href="#[9c]">MDIOS_IRQHandler</a> from startup_stm32h743xx.o(.text) referenced from startup_stm32h743xx.o(RESET)
 <LI><a href="#[9b]">MDIOS_WKUP_IRQHandler</a> from startup_stm32h743xx.o(.text) referenced from startup_stm32h743xx.o(RESET)
 <LI><a href="#[9e]">MDMA_IRQHandler</a> from startup_stm32h743xx.o(.text) referenced from startup_stm32h743xx.o(RESET)
 <LI><a href="#[23]">MemManage_Handler</a> from stm32h7xx_it.o(i.MemManage_Handler) referenced from startup_stm32h743xx.o(RESET)
 <LI><a href="#[21]">NMI_Handler</a> from stm32h7xx_it.o(i.NMI_Handler) referenced from startup_stm32h743xx.o(RESET)
 <LI><a href="#[87]">OTG_FS_EP1_IN_IRQHandler</a> from startup_stm32h743xx.o(.text) referenced from startup_stm32h743xx.o(RESET)
 <LI><a href="#[86]">OTG_FS_EP1_OUT_IRQHandler</a> from startup_stm32h743xx.o(.text) referenced from startup_stm32h743xx.o(RESET)
 <LI><a href="#[89]">OTG_FS_IRQHandler</a> from stm32h7xx_it.o(i.OTG_FS_IRQHandler) referenced from startup_stm32h743xx.o(RESET)
 <LI><a href="#[88]">OTG_FS_WKUP_IRQHandler</a> from startup_stm32h743xx.o(.text) referenced from startup_stm32h743xx.o(RESET)
 <LI><a href="#[70]">OTG_HS_EP1_IN_IRQHandler</a> from startup_stm32h743xx.o(.text) referenced from startup_stm32h743xx.o(RESET)
 <LI><a href="#[6f]">OTG_HS_EP1_OUT_IRQHandler</a> from startup_stm32h743xx.o(.text) referenced from startup_stm32h743xx.o(RESET)
 <LI><a href="#[72]">OTG_HS_IRQHandler</a> from startup_stm32h743xx.o(.text) referenced from startup_stm32h743xx.o(RESET)
 <LI><a href="#[71]">OTG_HS_WKUP_IRQHandler</a> from startup_stm32h743xx.o(.text) referenced from startup_stm32h743xx.o(RESET)
 <LI><a href="#[2b]">PVD_AVD_IRQHandler</a> from startup_stm32h743xx.o(.text) referenced from startup_stm32h743xx.o(RESET)
 <LI><a href="#[28]">PendSV_Handler</a> from stm32h7xx_it.o(i.PendSV_Handler) referenced from startup_stm32h743xx.o(RESET)
 <LI><a href="#[80]">QUADSPI_IRQHandler</a> from startup_stm32h743xx.o(.text) referenced from startup_stm32h743xx.o(RESET)
 <LI><a href="#[2f]">RCC_IRQHandler</a> from startup_stm32h743xx.o(.text) referenced from startup_stm32h743xx.o(RESET)
 <LI><a href="#[74]">RNG_IRQHandler</a> from startup_stm32h743xx.o(.text) referenced from startup_stm32h743xx.o(RESET)
 <LI><a href="#[53]">RTC_Alarm_IRQHandler</a> from startup_stm32h743xx.o(.text) referenced from startup_stm32h743xx.o(RESET)
 <LI><a href="#[2d]">RTC_WKUP_IRQHandler</a> from startup_stm32h743xx.o(.text) referenced from startup_stm32h743xx.o(RESET)
 <LI><a href="#[20]">Reset_Handler</a> from startup_stm32h743xx.o(.text) referenced from startup_stm32h743xx.o(RESET)
 <LI><a href="#[7b]">SAI1_IRQHandler</a> from startup_stm32h743xx.o(.text) referenced from startup_stm32h743xx.o(RESET)
 <LI><a href="#[7f]">SAI2_IRQHandler</a> from startup_stm32h743xx.o(.text) referenced from startup_stm32h743xx.o(RESET)
 <LI><a href="#[96]">SAI3_IRQHandler</a> from startup_stm32h743xx.o(.text) referenced from startup_stm32h743xx.o(RESET)
 <LI><a href="#[b3]">SAI4_IRQHandler</a> from startup_stm32h743xx.o(.text) referenced from startup_stm32h743xx.o(RESET)
 <LI><a href="#[5a]">SDMMC1_IRQHandler</a> from startup_stm32h743xx.o(.text) referenced from startup_stm32h743xx.o(RESET)
 <LI><a href="#[9f]">SDMMC2_IRQHandler</a> from startup_stm32h743xx.o(.text) referenced from startup_stm32h743xx.o(RESET)
 <LI><a href="#[85]">SPDIF_RX_IRQHandler</a> from startup_stm32h743xx.o(.text) referenced from startup_stm32h743xx.o(RESET)
 <LI><a href="#[4d]">SPI1_IRQHandler</a> from startup_stm32h743xx.o(.text) referenced from startup_stm32h743xx.o(RESET)
 <LI><a href="#[4e]">SPI2_IRQHandler</a> from startup_stm32h743xx.o(.text) referenced from startup_stm32h743xx.o(RESET)
 <LI><a href="#[5c]">SPI3_IRQHandler</a> from startup_stm32h743xx.o(.text) referenced from startup_stm32h743xx.o(RESET)
 <LI><a href="#[78]">SPI4_IRQHandler</a> from startup_stm32h743xx.o(.text) referenced from startup_stm32h743xx.o(RESET)
 <LI><a href="#[79]">SPI5_IRQHandler</a> from startup_stm32h743xx.o(.text) referenced from startup_stm32h743xx.o(RESET)
 <LI><a href="#[7a]">SPI6_IRQHandler</a> from startup_stm32h743xx.o(.text) referenced from startup_stm32h743xx.o(RESET)
 <LI><a href="#[26]">SVC_Handler</a> from stm32h7xx_it.o(i.SVC_Handler) referenced from startup_stm32h743xx.o(RESET)
 <LI><a href="#[97]">SWPMI1_IRQHandler</a> from startup_stm32h743xx.o(.text) referenced from startup_stm32h743xx.o(RESET)
 <LI><a href="#[29]">SysTick_Handler</a> from stm32h7xx_it.o(i.SysTick_Handler) referenced from startup_stm32h743xx.o(RESET)
 <LI><a href="#[b6]">SystemInit</a> from system_stm32h7xx.o(i.SystemInit) referenced from startup_stm32h743xx.o(.text)
 <LI><a href="#[2c]">TAMP_STAMP_IRQHandler</a> from startup_stm32h743xx.o(.text) referenced from startup_stm32h743xx.o(RESET)
 <LI><a href="#[98]">TIM15_IRQHandler</a> from startup_stm32h743xx.o(.text) referenced from startup_stm32h743xx.o(RESET)
 <LI><a href="#[99]">TIM16_IRQHandler</a> from startup_stm32h743xx.o(.text) referenced from startup_stm32h743xx.o(RESET)
 <LI><a href="#[9a]">TIM17_IRQHandler</a> from startup_stm32h743xx.o(.text) referenced from startup_stm32h743xx.o(RESET)
 <LI><a href="#[42]">TIM1_BRK_IRQHandler</a> from startup_stm32h743xx.o(.text) referenced from startup_stm32h743xx.o(RESET)
 <LI><a href="#[45]">TIM1_CC_IRQHandler</a> from startup_stm32h743xx.o(.text) referenced from startup_stm32h743xx.o(RESET)
 <LI><a href="#[44]">TIM1_TRG_COM_IRQHandler</a> from startup_stm32h743xx.o(.text) referenced from startup_stm32h743xx.o(RESET)
 <LI><a href="#[43]">TIM1_UP_IRQHandler</a> from startup_stm32h743xx.o(.text) referenced from startup_stm32h743xx.o(RESET)
 <LI><a href="#[46]">TIM2_IRQHandler</a> from startup_stm32h743xx.o(.text) referenced from startup_stm32h743xx.o(RESET)
 <LI><a href="#[47]">TIM3_IRQHandler</a> from startup_stm32h743xx.o(.text) referenced from startup_stm32h743xx.o(RESET)
 <LI><a href="#[48]">TIM4_IRQHandler</a> from startup_stm32h743xx.o(.text) referenced from startup_stm32h743xx.o(RESET)
 <LI><a href="#[5b]">TIM5_IRQHandler</a> from startup_stm32h743xx.o(.text) referenced from startup_stm32h743xx.o(RESET)
 <LI><a href="#[5f]">TIM6_DAC_IRQHandler</a> from stm32h7xx_it.o(i.TIM6_DAC_IRQHandler) referenced from startup_stm32h743xx.o(RESET)
 <LI><a href="#[60]">TIM7_IRQHandler</a> from stm32h7xx_it.o(i.TIM7_IRQHandler) referenced from startup_stm32h743xx.o(RESET)
 <LI><a href="#[54]">TIM8_BRK_TIM12_IRQHandler</a> from startup_stm32h743xx.o(.text) referenced from startup_stm32h743xx.o(RESET)
 <LI><a href="#[57]">TIM8_CC_IRQHandler</a> from startup_stm32h743xx.o(.text) referenced from startup_stm32h743xx.o(RESET)
 <LI><a href="#[56]">TIM8_TRG_COM_TIM14_IRQHandler</a> from startup_stm32h743xx.o(.text) referenced from startup_stm32h743xx.o(RESET)
 <LI><a href="#[55]">TIM8_UP_TIM13_IRQHandler</a> from startup_stm32h743xx.o(.text) referenced from startup_stm32h743xx.o(RESET)
 <LI><a href="#[5d]">UART4_IRQHandler</a> from stm32h7xx_it.o(i.UART4_IRQHandler) referenced from startup_stm32h743xx.o(RESET)
 <LI><a href="#[5e]">UART5_IRQHandler</a> from startup_stm32h743xx.o(.text) referenced from startup_stm32h743xx.o(RESET)
 <LI><a href="#[76]">UART7_IRQHandler</a> from startup_stm32h743xx.o(.text) referenced from startup_stm32h743xx.o(RESET)
 <LI><a href="#[77]">UART8_IRQHandler</a> from startup_stm32h743xx.o(.text) referenced from startup_stm32h743xx.o(RESET)
 <LI><a href="#[bb]">UART_DMAAbortOnError</a> from stm32h7xx_hal_uart.o(i.UART_DMAAbortOnError) referenced from stm32h7xx_hal_uart.o(i.HAL_UART_IRQHandler)
 <LI><a href="#[4f]">USART1_IRQHandler</a> from startup_stm32h743xx.o(.text) referenced from startup_stm32h743xx.o(RESET)
 <LI><a href="#[50]">USART2_IRQHandler</a> from startup_stm32h743xx.o(.text) referenced from startup_stm32h743xx.o(RESET)
 <LI><a href="#[51]">USART3_IRQHandler</a> from stm32h7xx_it.o(i.USART3_IRQHandler) referenced from startup_stm32h743xx.o(RESET)
 <LI><a href="#[6c]">USART6_IRQHandler</a> from startup_stm32h743xx.o(.text) referenced from startup_stm32h743xx.o(RESET)
 <LI><a href="#[10]">USBD_CDC_DataIn</a> from usbd_cdc.o(i.USBD_CDC_DataIn) referenced 2 times from usbd_cdc.o(.data)
 <LI><a href="#[11]">USBD_CDC_DataOut</a> from usbd_cdc.o(i.USBD_CDC_DataOut) referenced 2 times from usbd_cdc.o(.data)
 <LI><a href="#[d]">USBD_CDC_DeInit</a> from usbd_cdc.o(i.USBD_CDC_DeInit) referenced 2 times from usbd_cdc.o(.data)
 <LI><a href="#[f]">USBD_CDC_EP0_RxReady</a> from usbd_cdc.o(i.USBD_CDC_EP0_RxReady) referenced 2 times from usbd_cdc.o(.data)
 <LI><a href="#[15]">USBD_CDC_GetDeviceQualifierDescriptor</a> from usbd_cdc.o(i.USBD_CDC_GetDeviceQualifierDescriptor) referenced 2 times from usbd_cdc.o(.data)
 <LI><a href="#[13]">USBD_CDC_GetFSCfgDesc</a> from usbd_cdc.o(i.USBD_CDC_GetFSCfgDesc) referenced 2 times from usbd_cdc.o(.data)
 <LI><a href="#[12]">USBD_CDC_GetHSCfgDesc</a> from usbd_cdc.o(i.USBD_CDC_GetHSCfgDesc) referenced 2 times from usbd_cdc.o(.data)
 <LI><a href="#[14]">USBD_CDC_GetOtherSpeedCfgDesc</a> from usbd_cdc.o(i.USBD_CDC_GetOtherSpeedCfgDesc) referenced 2 times from usbd_cdc.o(.data)
 <LI><a href="#[c]">USBD_CDC_Init</a> from usbd_cdc.o(i.USBD_CDC_Init) referenced 2 times from usbd_cdc.o(.data)
 <LI><a href="#[e]">USBD_CDC_Setup</a> from usbd_cdc.o(i.USBD_CDC_Setup) referenced 2 times from usbd_cdc.o(.data)
 <LI><a href="#[6]">USBD_FS_ConfigStrDescriptor</a> from usbd_desc.o(i.USBD_FS_ConfigStrDescriptor) referenced 2 times from usbd_desc.o(.data)
 <LI><a href="#[1]">USBD_FS_DeviceDescriptor</a> from usbd_desc.o(i.USBD_FS_DeviceDescriptor) referenced 2 times from usbd_desc.o(.data)
 <LI><a href="#[7]">USBD_FS_InterfaceStrDescriptor</a> from usbd_desc.o(i.USBD_FS_InterfaceStrDescriptor) referenced 2 times from usbd_desc.o(.data)
 <LI><a href="#[2]">USBD_FS_LangIDStrDescriptor</a> from usbd_desc.o(i.USBD_FS_LangIDStrDescriptor) referenced 2 times from usbd_desc.o(.data)
 <LI><a href="#[3]">USBD_FS_ManufacturerStrDescriptor</a> from usbd_desc.o(i.USBD_FS_ManufacturerStrDescriptor) referenced 2 times from usbd_desc.o(.data)
 <LI><a href="#[4]">USBD_FS_ProductStrDescriptor</a> from usbd_desc.o(i.USBD_FS_ProductStrDescriptor) referenced 2 times from usbd_desc.o(.data)
 <LI><a href="#[5]">USBD_FS_SerialStrDescriptor</a> from usbd_desc.o(i.USBD_FS_SerialStrDescriptor) referenced 2 times from usbd_desc.o(.data)
 <LI><a href="#[25]">UsageFault_Handler</a> from stm32h7xx_it.o(i.UsageFault_Handler) referenced from startup_stm32h743xx.o(RESET)
 <LI><a href="#[b4]">WAKEUP_PIN_IRQHandler</a> from startup_stm32h743xx.o(.text) referenced from startup_stm32h743xx.o(RESET)
 <LI><a href="#[2a]">WWDG_IRQHandler</a> from startup_stm32h743xx.o(.text) referenced from startup_stm32h743xx.o(RESET)
 <LI><a href="#[b7]">__main</a> from entry.o(.ARM.Collect$$$$00000000) referenced from startup_stm32h743xx.o(.text)
 <LI><a href="#[1c]">eMBFuncReadCoils</a> from mbfunccoils.o(i.eMBFuncReadCoils) referenced 2 times from mb.o(.data)
 <LI><a href="#[1f]">eMBFuncReadDiscreteInputs</a> from mbfuncdisc.o(i.eMBFuncReadDiscreteInputs) referenced 2 times from mb.o(.data)
 <LI><a href="#[18]">eMBFuncReadHoldingRegister</a> from mbfuncholding.o(i.eMBFuncReadHoldingRegister) referenced 2 times from mb.o(.data)
 <LI><a href="#[17]">eMBFuncReadInputRegister</a> from mbfuncinput.o(i.eMBFuncReadInputRegister) referenced 2 times from mb.o(.data)
 <LI><a href="#[1b]">eMBFuncReadWriteMultipleHoldingRegister</a> from mbfuncholding.o(i.eMBFuncReadWriteMultipleHoldingRegister) referenced 2 times from mb.o(.data)
 <LI><a href="#[16]">eMBFuncReportSlaveID</a> from mbfuncother.o(i.eMBFuncReportSlaveID) referenced 2 times from mb.o(.data)
 <LI><a href="#[1d]">eMBFuncWriteCoil</a> from mbfunccoils.o(i.eMBFuncWriteCoil) referenced 2 times from mb.o(.data)
 <LI><a href="#[1a]">eMBFuncWriteHoldingRegister</a> from mbfuncholding.o(i.eMBFuncWriteHoldingRegister) referenced 2 times from mb.o(.data)
 <LI><a href="#[1e]">eMBFuncWriteMultipleCoils</a> from mbfunccoils.o(i.eMBFuncWriteMultipleCoils) referenced 2 times from mb.o(.data)
 <LI><a href="#[19]">eMBFuncWriteMultipleHoldingRegister</a> from mbfuncholding.o(i.eMBFuncWriteMultipleHoldingRegister) referenced 2 times from mb.o(.data)
 <LI><a href="#[c1]">eMBRTUReceive</a> from mbrtu.o(i.eMBRTUReceive) referenced from mb.o(i.eMBInit)
 <LI><a href="#[c0]">eMBRTUSend</a> from mbrtu.o(i.eMBRTUSend) referenced from mb.o(i.eMBInit)
 <LI><a href="#[be]">eMBRTUStart</a> from mbrtu.o(i.eMBRTUStart) referenced from mb.o(i.eMBInit)
 <LI><a href="#[bf]">eMBRTUStop</a> from mbrtu.o(i.eMBRTUStop) referenced from mb.o(i.eMBInit)
 <LI><a href="#[b5]">main</a> from main.o(i.main) referenced from entry9a.o(.ARM.Collect$$$$0000000B)
 <LI><a href="#[c2]">xMBRTUReceiveFSM</a> from mbrtu.o(i.xMBRTUReceiveFSM) referenced from mb.o(i.eMBInit)
 <LI><a href="#[c4]">xMBRTUTimerT35Expired</a> from mbrtu.o(i.xMBRTUTimerT35Expired) referenced from mb.o(i.eMBInit)
 <LI><a href="#[c3]">xMBRTUTransmitFSM</a> from mbrtu.o(i.xMBRTUTransmitFSM) referenced from mb.o(i.eMBInit)
</UL>
<P>
<H3>
Global Symbols
</H3>
<P><STRONG><a name="[b7]"></a>__main</STRONG> (Thumb, 0 bytes, Stack size unknown bytes, entry.o(.ARM.Collect$$$$00000000))
<BR>[Address Reference Count : 1]<UL><LI> startup_stm32h743xx.o(.text)
</UL>
<P><STRONG><a name="[1f3]"></a>_main_stk</STRONG> (Thumb, 0 bytes, Stack size unknown bytes, entry2.o(.ARM.Collect$$$$00000001))

<P><STRONG><a name="[c5]"></a>_main_scatterload</STRONG> (Thumb, 0 bytes, Stack size unknown bytes, entry5.o(.ARM.Collect$$$$00000004))
<BR><BR>[Calls]<UL><LI><a href="#[c6]">&gt;&gt;</a>&nbsp;&nbsp;&nbsp;__scatterload
</UL>

<P><STRONG><a name="[cd]"></a>__main_after_scatterload</STRONG> (Thumb, 0 bytes, Stack size unknown bytes, entry5.o(.ARM.Collect$$$$00000004))
<BR><BR>[Called By]<UL><LI><a href="#[c6]">&gt;&gt;</a>&nbsp;&nbsp;&nbsp;__scatterload
</UL>

<P><STRONG><a name="[1f4]"></a>_main_clock</STRONG> (Thumb, 0 bytes, Stack size unknown bytes, entry7b.o(.ARM.Collect$$$$00000008))

<P><STRONG><a name="[1f5]"></a>_main_cpp_init</STRONG> (Thumb, 0 bytes, Stack size unknown bytes, entry8b.o(.ARM.Collect$$$$0000000A))

<P><STRONG><a name="[1f6]"></a>_main_init</STRONG> (Thumb, 0 bytes, Stack size unknown bytes, entry9a.o(.ARM.Collect$$$$0000000B))

<P><STRONG><a name="[1f7]"></a>__rt_final_cpp</STRONG> (Thumb, 0 bytes, Stack size unknown bytes, entry10a.o(.ARM.Collect$$$$0000000D))

<P><STRONG><a name="[1f8]"></a>__rt_final_exit</STRONG> (Thumb, 0 bytes, Stack size unknown bytes, entry11a.o(.ARM.Collect$$$$0000000F))

<P><STRONG><a name="[20]"></a>Reset_Handler</STRONG> (Thumb, 8 bytes, Stack size 0 bytes, startup_stm32h743xx.o(.text))
<BR>[Address Reference Count : 1]<UL><LI> startup_stm32h743xx.o(RESET)
</UL>
<P><STRONG><a name="[a1]"></a>ADC3_IRQHandler</STRONG> (Thumb, 0 bytes, Stack size 0 bytes, startup_stm32h743xx.o(.text))
<BR><BR>[Calls]<UL><LI><a href="#[a1]">&gt;&gt;</a>&nbsp;&nbsp;&nbsp;ADC3_IRQHandler
</UL>
<BR>[Called By]<UL><LI><a href="#[a1]">&gt;&gt;</a>&nbsp;&nbsp;&nbsp;ADC3_IRQHandler
</UL>
<BR>[Address Reference Count : 1]<UL><LI> startup_stm32h743xx.o(RESET)
</UL>
<P><STRONG><a name="[3c]"></a>ADC_IRQHandler</STRONG> (Thumb, 0 bytes, Stack size 0 bytes, startup_stm32h743xx.o(.text))
<BR>[Address Reference Count : 1]<UL><LI> startup_stm32h743xx.o(RESET)
</UL>
<P><STRONG><a name="[a3]"></a>BDMA_Channel0_IRQHandler</STRONG> (Thumb, 0 bytes, Stack size 0 bytes, startup_stm32h743xx.o(.text))
<BR>[Address Reference Count : 1]<UL><LI> startup_stm32h743xx.o(RESET)
</UL>
<P><STRONG><a name="[a4]"></a>BDMA_Channel1_IRQHandler</STRONG> (Thumb, 0 bytes, Stack size 0 bytes, startup_stm32h743xx.o(.text))
<BR>[Address Reference Count : 1]<UL><LI> startup_stm32h743xx.o(RESET)
</UL>
<P><STRONG><a name="[a5]"></a>BDMA_Channel2_IRQHandler</STRONG> (Thumb, 0 bytes, Stack size 0 bytes, startup_stm32h743xx.o(.text))
<BR>[Address Reference Count : 1]<UL><LI> startup_stm32h743xx.o(RESET)
</UL>
<P><STRONG><a name="[a6]"></a>BDMA_Channel3_IRQHandler</STRONG> (Thumb, 0 bytes, Stack size 0 bytes, startup_stm32h743xx.o(.text))
<BR>[Address Reference Count : 1]<UL><LI> startup_stm32h743xx.o(RESET)
</UL>
<P><STRONG><a name="[a7]"></a>BDMA_Channel4_IRQHandler</STRONG> (Thumb, 0 bytes, Stack size 0 bytes, startup_stm32h743xx.o(.text))
<BR>[Address Reference Count : 1]<UL><LI> startup_stm32h743xx.o(RESET)
</UL>
<P><STRONG><a name="[a8]"></a>BDMA_Channel5_IRQHandler</STRONG> (Thumb, 0 bytes, Stack size 0 bytes, startup_stm32h743xx.o(.text))
<BR>[Address Reference Count : 1]<UL><LI> startup_stm32h743xx.o(RESET)
</UL>
<P><STRONG><a name="[a9]"></a>BDMA_Channel6_IRQHandler</STRONG> (Thumb, 0 bytes, Stack size 0 bytes, startup_stm32h743xx.o(.text))
<BR>[Address Reference Count : 1]<UL><LI> startup_stm32h743xx.o(RESET)
</UL>
<P><STRONG><a name="[aa]"></a>BDMA_Channel7_IRQHandler</STRONG> (Thumb, 0 bytes, Stack size 0 bytes, startup_stm32h743xx.o(.text))
<BR>[Address Reference Count : 1]<UL><LI> startup_stm32h743xx.o(RESET)
</UL>
<P><STRONG><a name="[82]"></a>CEC_IRQHandler</STRONG> (Thumb, 0 bytes, Stack size 0 bytes, startup_stm32h743xx.o(.text))
<BR>[Address Reference Count : 1]<UL><LI> startup_stm32h743xx.o(RESET)
</UL>
<P><STRONG><a name="[ab]"></a>COMP1_IRQHandler</STRONG> (Thumb, 0 bytes, Stack size 0 bytes, startup_stm32h743xx.o(.text))
<BR>[Address Reference Count : 1]<UL><LI> startup_stm32h743xx.o(RESET)
</UL>
<P><STRONG><a name="[b1]"></a>CRS_IRQHandler</STRONG> (Thumb, 0 bytes, Stack size 0 bytes, startup_stm32h743xx.o(.text))
<BR>[Address Reference Count : 1]<UL><LI> startup_stm32h743xx.o(RESET)
</UL>
<P><STRONG><a name="[73]"></a>DCMI_IRQHandler</STRONG> (Thumb, 0 bytes, Stack size 0 bytes, startup_stm32h743xx.o(.text))
<BR>[Address Reference Count : 1]<UL><LI> startup_stm32h743xx.o(RESET)
</UL>
<P><STRONG><a name="[92]"></a>DFSDM1_FLT0_IRQHandler</STRONG> (Thumb, 0 bytes, Stack size 0 bytes, startup_stm32h743xx.o(.text))
<BR>[Address Reference Count : 1]<UL><LI> startup_stm32h743xx.o(RESET)
</UL>
<P><STRONG><a name="[93]"></a>DFSDM1_FLT1_IRQHandler</STRONG> (Thumb, 0 bytes, Stack size 0 bytes, startup_stm32h743xx.o(.text))
<BR>[Address Reference Count : 1]<UL><LI> startup_stm32h743xx.o(RESET)
</UL>
<P><STRONG><a name="[94]"></a>DFSDM1_FLT2_IRQHandler</STRONG> (Thumb, 0 bytes, Stack size 0 bytes, startup_stm32h743xx.o(.text))
<BR>[Address Reference Count : 1]<UL><LI> startup_stm32h743xx.o(RESET)
</UL>
<P><STRONG><a name="[95]"></a>DFSDM1_FLT3_IRQHandler</STRONG> (Thumb, 0 bytes, Stack size 0 bytes, startup_stm32h743xx.o(.text))
<BR>[Address Reference Count : 1]<UL><LI> startup_stm32h743xx.o(RESET)
</UL>
<P><STRONG><a name="[36]"></a>DMA1_Stream1_IRQHandler</STRONG> (Thumb, 0 bytes, Stack size 0 bytes, startup_stm32h743xx.o(.text))
<BR>[Address Reference Count : 1]<UL><LI> startup_stm32h743xx.o(RESET)
</UL>
<P><STRONG><a name="[37]"></a>DMA1_Stream2_IRQHandler</STRONG> (Thumb, 0 bytes, Stack size 0 bytes, startup_stm32h743xx.o(.text))
<BR>[Address Reference Count : 1]<UL><LI> startup_stm32h743xx.o(RESET)
</UL>
<P><STRONG><a name="[38]"></a>DMA1_Stream3_IRQHandler</STRONG> (Thumb, 0 bytes, Stack size 0 bytes, startup_stm32h743xx.o(.text))
<BR>[Address Reference Count : 1]<UL><LI> startup_stm32h743xx.o(RESET)
</UL>
<P><STRONG><a name="[39]"></a>DMA1_Stream4_IRQHandler</STRONG> (Thumb, 0 bytes, Stack size 0 bytes, startup_stm32h743xx.o(.text))
<BR>[Address Reference Count : 1]<UL><LI> startup_stm32h743xx.o(RESET)
</UL>
<P><STRONG><a name="[3a]"></a>DMA1_Stream5_IRQHandler</STRONG> (Thumb, 0 bytes, Stack size 0 bytes, startup_stm32h743xx.o(.text))
<BR>[Address Reference Count : 1]<UL><LI> startup_stm32h743xx.o(RESET)
</UL>
<P><STRONG><a name="[3b]"></a>DMA1_Stream6_IRQHandler</STRONG> (Thumb, 0 bytes, Stack size 0 bytes, startup_stm32h743xx.o(.text))
<BR>[Address Reference Count : 1]<UL><LI> startup_stm32h743xx.o(RESET)
</UL>
<P><STRONG><a name="[58]"></a>DMA1_Stream7_IRQHandler</STRONG> (Thumb, 0 bytes, Stack size 0 bytes, startup_stm32h743xx.o(.text))
<BR>[Address Reference Count : 1]<UL><LI> startup_stm32h743xx.o(RESET)
</UL>
<P><STRONG><a name="[7e]"></a>DMA2D_IRQHandler</STRONG> (Thumb, 0 bytes, Stack size 0 bytes, startup_stm32h743xx.o(.text))
<BR>[Address Reference Count : 1]<UL><LI> startup_stm32h743xx.o(RESET)
</UL>
<P><STRONG><a name="[61]"></a>DMA2_Stream0_IRQHandler</STRONG> (Thumb, 0 bytes, Stack size 0 bytes, startup_stm32h743xx.o(.text))
<BR>[Address Reference Count : 1]<UL><LI> startup_stm32h743xx.o(RESET)
</UL>
<P><STRONG><a name="[62]"></a>DMA2_Stream1_IRQHandler</STRONG> (Thumb, 0 bytes, Stack size 0 bytes, startup_stm32h743xx.o(.text))
<BR>[Address Reference Count : 1]<UL><LI> startup_stm32h743xx.o(RESET)
</UL>
<P><STRONG><a name="[63]"></a>DMA2_Stream2_IRQHandler</STRONG> (Thumb, 0 bytes, Stack size 0 bytes, startup_stm32h743xx.o(.text))
<BR>[Address Reference Count : 1]<UL><LI> startup_stm32h743xx.o(RESET)
</UL>
<P><STRONG><a name="[64]"></a>DMA2_Stream3_IRQHandler</STRONG> (Thumb, 0 bytes, Stack size 0 bytes, startup_stm32h743xx.o(.text))
<BR>[Address Reference Count : 1]<UL><LI> startup_stm32h743xx.o(RESET)
</UL>
<P><STRONG><a name="[65]"></a>DMA2_Stream4_IRQHandler</STRONG> (Thumb, 0 bytes, Stack size 0 bytes, startup_stm32h743xx.o(.text))
<BR>[Address Reference Count : 1]<UL><LI> startup_stm32h743xx.o(RESET)
</UL>
<P><STRONG><a name="[69]"></a>DMA2_Stream5_IRQHandler</STRONG> (Thumb, 0 bytes, Stack size 0 bytes, startup_stm32h743xx.o(.text))
<BR>[Address Reference Count : 1]<UL><LI> startup_stm32h743xx.o(RESET)
</UL>
<P><STRONG><a name="[6a]"></a>DMA2_Stream6_IRQHandler</STRONG> (Thumb, 0 bytes, Stack size 0 bytes, startup_stm32h743xx.o(.text))
<BR>[Address Reference Count : 1]<UL><LI> startup_stm32h743xx.o(RESET)
</UL>
<P><STRONG><a name="[6b]"></a>DMA2_Stream7_IRQHandler</STRONG> (Thumb, 0 bytes, Stack size 0 bytes, startup_stm32h743xx.o(.text))
<BR>[Address Reference Count : 1]<UL><LI> startup_stm32h743xx.o(RESET)
</UL>
<P><STRONG><a name="[8a]"></a>DMAMUX1_OVR_IRQHandler</STRONG> (Thumb, 0 bytes, Stack size 0 bytes, startup_stm32h743xx.o(.text))
<BR>[Address Reference Count : 1]<UL><LI> startup_stm32h743xx.o(RESET)
</UL>
<P><STRONG><a name="[a2]"></a>DMAMUX2_OVR_IRQHandler</STRONG> (Thumb, 0 bytes, Stack size 0 bytes, startup_stm32h743xx.o(.text))
<BR>[Address Reference Count : 1]<UL><LI> startup_stm32h743xx.o(RESET)
</UL>
<P><STRONG><a name="[b2]"></a>ECC_IRQHandler</STRONG> (Thumb, 0 bytes, Stack size 0 bytes, startup_stm32h743xx.o(.text))
<BR>[Address Reference Count : 1]<UL><LI> startup_stm32h743xx.o(RESET)
</UL>
<P><STRONG><a name="[66]"></a>ETH_IRQHandler</STRONG> (Thumb, 0 bytes, Stack size 0 bytes, startup_stm32h743xx.o(.text))
<BR>[Address Reference Count : 1]<UL><LI> startup_stm32h743xx.o(RESET)
</UL>
<P><STRONG><a name="[67]"></a>ETH_WKUP_IRQHandler</STRONG> (Thumb, 0 bytes, Stack size 0 bytes, startup_stm32h743xx.o(.text))
<BR>[Address Reference Count : 1]<UL><LI> startup_stm32h743xx.o(RESET)
</UL>
<P><STRONG><a name="[30]"></a>EXTI0_IRQHandler</STRONG> (Thumb, 0 bytes, Stack size 0 bytes, startup_stm32h743xx.o(.text))
<BR>[Address Reference Count : 1]<UL><LI> startup_stm32h743xx.o(RESET)
</UL>
<P><STRONG><a name="[52]"></a>EXTI15_10_IRQHandler</STRONG> (Thumb, 0 bytes, Stack size 0 bytes, startup_stm32h743xx.o(.text))
<BR>[Address Reference Count : 1]<UL><LI> startup_stm32h743xx.o(RESET)
</UL>
<P><STRONG><a name="[31]"></a>EXTI1_IRQHandler</STRONG> (Thumb, 0 bytes, Stack size 0 bytes, startup_stm32h743xx.o(.text))
<BR>[Address Reference Count : 1]<UL><LI> startup_stm32h743xx.o(RESET)
</UL>
<P><STRONG><a name="[32]"></a>EXTI2_IRQHandler</STRONG> (Thumb, 0 bytes, Stack size 0 bytes, startup_stm32h743xx.o(.text))
<BR>[Address Reference Count : 1]<UL><LI> startup_stm32h743xx.o(RESET)
</UL>
<P><STRONG><a name="[33]"></a>EXTI3_IRQHandler</STRONG> (Thumb, 0 bytes, Stack size 0 bytes, startup_stm32h743xx.o(.text))
<BR>[Address Reference Count : 1]<UL><LI> startup_stm32h743xx.o(RESET)
</UL>
<P><STRONG><a name="[34]"></a>EXTI4_IRQHandler</STRONG> (Thumb, 0 bytes, Stack size 0 bytes, startup_stm32h743xx.o(.text))
<BR>[Address Reference Count : 1]<UL><LI> startup_stm32h743xx.o(RESET)
</UL>
<P><STRONG><a name="[41]"></a>EXTI9_5_IRQHandler</STRONG> (Thumb, 0 bytes, Stack size 0 bytes, startup_stm32h743xx.o(.text))
<BR>[Address Reference Count : 1]<UL><LI> startup_stm32h743xx.o(RESET)
</UL>
<P><STRONG><a name="[3d]"></a>FDCAN1_IT0_IRQHandler</STRONG> (Thumb, 0 bytes, Stack size 0 bytes, startup_stm32h743xx.o(.text))
<BR>[Address Reference Count : 1]<UL><LI> startup_stm32h743xx.o(RESET)
</UL>
<P><STRONG><a name="[3f]"></a>FDCAN1_IT1_IRQHandler</STRONG> (Thumb, 0 bytes, Stack size 0 bytes, startup_stm32h743xx.o(.text))
<BR>[Address Reference Count : 1]<UL><LI> startup_stm32h743xx.o(RESET)
</UL>
<P><STRONG><a name="[3e]"></a>FDCAN2_IT0_IRQHandler</STRONG> (Thumb, 0 bytes, Stack size 0 bytes, startup_stm32h743xx.o(.text))
<BR>[Address Reference Count : 1]<UL><LI> startup_stm32h743xx.o(RESET)
</UL>
<P><STRONG><a name="[40]"></a>FDCAN2_IT1_IRQHandler</STRONG> (Thumb, 0 bytes, Stack size 0 bytes, startup_stm32h743xx.o(.text))
<BR>[Address Reference Count : 1]<UL><LI> startup_stm32h743xx.o(RESET)
</UL>
<P><STRONG><a name="[68]"></a>FDCAN_CAL_IRQHandler</STRONG> (Thumb, 0 bytes, Stack size 0 bytes, startup_stm32h743xx.o(.text))
<BR>[Address Reference Count : 1]<UL><LI> startup_stm32h743xx.o(RESET)
</UL>
<P><STRONG><a name="[2e]"></a>FLASH_IRQHandler</STRONG> (Thumb, 0 bytes, Stack size 0 bytes, startup_stm32h743xx.o(.text))
<BR>[Address Reference Count : 1]<UL><LI> startup_stm32h743xx.o(RESET)
</UL>
<P><STRONG><a name="[59]"></a>FMC_IRQHandler</STRONG> (Thumb, 0 bytes, Stack size 0 bytes, startup_stm32h743xx.o(.text))
<BR>[Address Reference Count : 1]<UL><LI> startup_stm32h743xx.o(RESET)
</UL>
<P><STRONG><a name="[75]"></a>FPU_IRQHandler</STRONG> (Thumb, 0 bytes, Stack size 0 bytes, startup_stm32h743xx.o(.text))
<BR>[Address Reference Count : 1]<UL><LI> startup_stm32h743xx.o(RESET)
</UL>
<P><STRONG><a name="[91]"></a>HRTIM1_FLT_IRQHandler</STRONG> (Thumb, 0 bytes, Stack size 0 bytes, startup_stm32h743xx.o(.text))
<BR>[Address Reference Count : 1]<UL><LI> startup_stm32h743xx.o(RESET)
</UL>
<P><STRONG><a name="[8b]"></a>HRTIM1_Master_IRQHandler</STRONG> (Thumb, 0 bytes, Stack size 0 bytes, startup_stm32h743xx.o(.text))
<BR>[Address Reference Count : 1]<UL><LI> startup_stm32h743xx.o(RESET)
</UL>
<P><STRONG><a name="[8c]"></a>HRTIM1_TIMA_IRQHandler</STRONG> (Thumb, 0 bytes, Stack size 0 bytes, startup_stm32h743xx.o(.text))
<BR>[Address Reference Count : 1]<UL><LI> startup_stm32h743xx.o(RESET)
</UL>
<P><STRONG><a name="[8d]"></a>HRTIM1_TIMB_IRQHandler</STRONG> (Thumb, 0 bytes, Stack size 0 bytes, startup_stm32h743xx.o(.text))
<BR>[Address Reference Count : 1]<UL><LI> startup_stm32h743xx.o(RESET)
</UL>
<P><STRONG><a name="[8e]"></a>HRTIM1_TIMC_IRQHandler</STRONG> (Thumb, 0 bytes, Stack size 0 bytes, startup_stm32h743xx.o(.text))
<BR>[Address Reference Count : 1]<UL><LI> startup_stm32h743xx.o(RESET)
</UL>
<P><STRONG><a name="[8f]"></a>HRTIM1_TIMD_IRQHandler</STRONG> (Thumb, 0 bytes, Stack size 0 bytes, startup_stm32h743xx.o(.text))
<BR>[Address Reference Count : 1]<UL><LI> startup_stm32h743xx.o(RESET)
</UL>
<P><STRONG><a name="[90]"></a>HRTIM1_TIME_IRQHandler</STRONG> (Thumb, 0 bytes, Stack size 0 bytes, startup_stm32h743xx.o(.text))
<BR>[Address Reference Count : 1]<UL><LI> startup_stm32h743xx.o(RESET)
</UL>
<P><STRONG><a name="[a0]"></a>HSEM1_IRQHandler</STRONG> (Thumb, 0 bytes, Stack size 0 bytes, startup_stm32h743xx.o(.text))
<BR>[Address Reference Count : 1]<UL><LI> startup_stm32h743xx.o(RESET)
</UL>
<P><STRONG><a name="[4a]"></a>I2C1_ER_IRQHandler</STRONG> (Thumb, 0 bytes, Stack size 0 bytes, startup_stm32h743xx.o(.text))
<BR>[Address Reference Count : 1]<UL><LI> startup_stm32h743xx.o(RESET)
</UL>
<P><STRONG><a name="[49]"></a>I2C1_EV_IRQHandler</STRONG> (Thumb, 0 bytes, Stack size 0 bytes, startup_stm32h743xx.o(.text))
<BR>[Address Reference Count : 1]<UL><LI> startup_stm32h743xx.o(RESET)
</UL>
<P><STRONG><a name="[6e]"></a>I2C3_ER_IRQHandler</STRONG> (Thumb, 0 bytes, Stack size 0 bytes, startup_stm32h743xx.o(.text))
<BR>[Address Reference Count : 1]<UL><LI> startup_stm32h743xx.o(RESET)
</UL>
<P><STRONG><a name="[6d]"></a>I2C3_EV_IRQHandler</STRONG> (Thumb, 0 bytes, Stack size 0 bytes, startup_stm32h743xx.o(.text))
<BR>[Address Reference Count : 1]<UL><LI> startup_stm32h743xx.o(RESET)
</UL>
<P><STRONG><a name="[84]"></a>I2C4_ER_IRQHandler</STRONG> (Thumb, 0 bytes, Stack size 0 bytes, startup_stm32h743xx.o(.text))
<BR>[Address Reference Count : 1]<UL><LI> startup_stm32h743xx.o(RESET)
</UL>
<P><STRONG><a name="[83]"></a>I2C4_EV_IRQHandler</STRONG> (Thumb, 0 bytes, Stack size 0 bytes, startup_stm32h743xx.o(.text))
<BR>[Address Reference Count : 1]<UL><LI> startup_stm32h743xx.o(RESET)
</UL>
<P><STRONG><a name="[9d]"></a>JPEG_IRQHandler</STRONG> (Thumb, 0 bytes, Stack size 0 bytes, startup_stm32h743xx.o(.text))
<BR>[Address Reference Count : 1]<UL><LI> startup_stm32h743xx.o(RESET)
</UL>
<P><STRONG><a name="[81]"></a>LPTIM1_IRQHandler</STRONG> (Thumb, 0 bytes, Stack size 0 bytes, startup_stm32h743xx.o(.text))
<BR>[Address Reference Count : 1]<UL><LI> startup_stm32h743xx.o(RESET)
</UL>
<P><STRONG><a name="[ac]"></a>LPTIM2_IRQHandler</STRONG> (Thumb, 0 bytes, Stack size 0 bytes, startup_stm32h743xx.o(.text))
<BR>[Address Reference Count : 1]<UL><LI> startup_stm32h743xx.o(RESET)
</UL>
<P><STRONG><a name="[ad]"></a>LPTIM3_IRQHandler</STRONG> (Thumb, 0 bytes, Stack size 0 bytes, startup_stm32h743xx.o(.text))
<BR>[Address Reference Count : 1]<UL><LI> startup_stm32h743xx.o(RESET)
</UL>
<P><STRONG><a name="[ae]"></a>LPTIM4_IRQHandler</STRONG> (Thumb, 0 bytes, Stack size 0 bytes, startup_stm32h743xx.o(.text))
<BR>[Address Reference Count : 1]<UL><LI> startup_stm32h743xx.o(RESET)
</UL>
<P><STRONG><a name="[af]"></a>LPTIM5_IRQHandler</STRONG> (Thumb, 0 bytes, Stack size 0 bytes, startup_stm32h743xx.o(.text))
<BR>[Address Reference Count : 1]<UL><LI> startup_stm32h743xx.o(RESET)
</UL>
<P><STRONG><a name="[b0]"></a>LPUART1_IRQHandler</STRONG> (Thumb, 0 bytes, Stack size 0 bytes, startup_stm32h743xx.o(.text))
<BR>[Address Reference Count : 1]<UL><LI> startup_stm32h743xx.o(RESET)
</UL>
<P><STRONG><a name="[7d]"></a>LTDC_ER_IRQHandler</STRONG> (Thumb, 0 bytes, Stack size 0 bytes, startup_stm32h743xx.o(.text))
<BR>[Address Reference Count : 1]<UL><LI> startup_stm32h743xx.o(RESET)
</UL>
<P><STRONG><a name="[7c]"></a>LTDC_IRQHandler</STRONG> (Thumb, 0 bytes, Stack size 0 bytes, startup_stm32h743xx.o(.text))
<BR>[Address Reference Count : 1]<UL><LI> startup_stm32h743xx.o(RESET)
</UL>
<P><STRONG><a name="[9c]"></a>MDIOS_IRQHandler</STRONG> (Thumb, 0 bytes, Stack size 0 bytes, startup_stm32h743xx.o(.text))
<BR>[Address Reference Count : 1]<UL><LI> startup_stm32h743xx.o(RESET)
</UL>
<P><STRONG><a name="[9b]"></a>MDIOS_WKUP_IRQHandler</STRONG> (Thumb, 0 bytes, Stack size 0 bytes, startup_stm32h743xx.o(.text))
<BR>[Address Reference Count : 1]<UL><LI> startup_stm32h743xx.o(RESET)
</UL>
<P><STRONG><a name="[9e]"></a>MDMA_IRQHandler</STRONG> (Thumb, 0 bytes, Stack size 0 bytes, startup_stm32h743xx.o(.text))
<BR>[Address Reference Count : 1]<UL><LI> startup_stm32h743xx.o(RESET)
</UL>
<P><STRONG><a name="[87]"></a>OTG_FS_EP1_IN_IRQHandler</STRONG> (Thumb, 0 bytes, Stack size 0 bytes, startup_stm32h743xx.o(.text))
<BR>[Address Reference Count : 1]<UL><LI> startup_stm32h743xx.o(RESET)
</UL>
<P><STRONG><a name="[86]"></a>OTG_FS_EP1_OUT_IRQHandler</STRONG> (Thumb, 0 bytes, Stack size 0 bytes, startup_stm32h743xx.o(.text))
<BR>[Address Reference Count : 1]<UL><LI> startup_stm32h743xx.o(RESET)
</UL>
<P><STRONG><a name="[88]"></a>OTG_FS_WKUP_IRQHandler</STRONG> (Thumb, 0 bytes, Stack size 0 bytes, startup_stm32h743xx.o(.text))
<BR>[Address Reference Count : 1]<UL><LI> startup_stm32h743xx.o(RESET)
</UL>
<P><STRONG><a name="[70]"></a>OTG_HS_EP1_IN_IRQHandler</STRONG> (Thumb, 0 bytes, Stack size 0 bytes, startup_stm32h743xx.o(.text))
<BR>[Address Reference Count : 1]<UL><LI> startup_stm32h743xx.o(RESET)
</UL>
<P><STRONG><a name="[6f]"></a>OTG_HS_EP1_OUT_IRQHandler</STRONG> (Thumb, 0 bytes, Stack size 0 bytes, startup_stm32h743xx.o(.text))
<BR>[Address Reference Count : 1]<UL><LI> startup_stm32h743xx.o(RESET)
</UL>
<P><STRONG><a name="[72]"></a>OTG_HS_IRQHandler</STRONG> (Thumb, 0 bytes, Stack size 0 bytes, startup_stm32h743xx.o(.text))
<BR>[Address Reference Count : 1]<UL><LI> startup_stm32h743xx.o(RESET)
</UL>
<P><STRONG><a name="[71]"></a>OTG_HS_WKUP_IRQHandler</STRONG> (Thumb, 0 bytes, Stack size 0 bytes, startup_stm32h743xx.o(.text))
<BR>[Address Reference Count : 1]<UL><LI> startup_stm32h743xx.o(RESET)
</UL>
<P><STRONG><a name="[2b]"></a>PVD_AVD_IRQHandler</STRONG> (Thumb, 0 bytes, Stack size 0 bytes, startup_stm32h743xx.o(.text))
<BR>[Address Reference Count : 1]<UL><LI> startup_stm32h743xx.o(RESET)
</UL>
<P><STRONG><a name="[80]"></a>QUADSPI_IRQHandler</STRONG> (Thumb, 0 bytes, Stack size 0 bytes, startup_stm32h743xx.o(.text))
<BR>[Address Reference Count : 1]<UL><LI> startup_stm32h743xx.o(RESET)
</UL>
<P><STRONG><a name="[2f]"></a>RCC_IRQHandler</STRONG> (Thumb, 0 bytes, Stack size 0 bytes, startup_stm32h743xx.o(.text))
<BR>[Address Reference Count : 1]<UL><LI> startup_stm32h743xx.o(RESET)
</UL>
<P><STRONG><a name="[74]"></a>RNG_IRQHandler</STRONG> (Thumb, 0 bytes, Stack size 0 bytes, startup_stm32h743xx.o(.text))
<BR>[Address Reference Count : 1]<UL><LI> startup_stm32h743xx.o(RESET)
</UL>
<P><STRONG><a name="[53]"></a>RTC_Alarm_IRQHandler</STRONG> (Thumb, 0 bytes, Stack size 0 bytes, startup_stm32h743xx.o(.text))
<BR>[Address Reference Count : 1]<UL><LI> startup_stm32h743xx.o(RESET)
</UL>
<P><STRONG><a name="[2d]"></a>RTC_WKUP_IRQHandler</STRONG> (Thumb, 0 bytes, Stack size 0 bytes, startup_stm32h743xx.o(.text))
<BR>[Address Reference Count : 1]<UL><LI> startup_stm32h743xx.o(RESET)
</UL>
<P><STRONG><a name="[7b]"></a>SAI1_IRQHandler</STRONG> (Thumb, 0 bytes, Stack size 0 bytes, startup_stm32h743xx.o(.text))
<BR>[Address Reference Count : 1]<UL><LI> startup_stm32h743xx.o(RESET)
</UL>
<P><STRONG><a name="[7f]"></a>SAI2_IRQHandler</STRONG> (Thumb, 0 bytes, Stack size 0 bytes, startup_stm32h743xx.o(.text))
<BR>[Address Reference Count : 1]<UL><LI> startup_stm32h743xx.o(RESET)
</UL>
<P><STRONG><a name="[96]"></a>SAI3_IRQHandler</STRONG> (Thumb, 0 bytes, Stack size 0 bytes, startup_stm32h743xx.o(.text))
<BR>[Address Reference Count : 1]<UL><LI> startup_stm32h743xx.o(RESET)
</UL>
<P><STRONG><a name="[b3]"></a>SAI4_IRQHandler</STRONG> (Thumb, 0 bytes, Stack size 0 bytes, startup_stm32h743xx.o(.text))
<BR>[Address Reference Count : 1]<UL><LI> startup_stm32h743xx.o(RESET)
</UL>
<P><STRONG><a name="[5a]"></a>SDMMC1_IRQHandler</STRONG> (Thumb, 0 bytes, Stack size 0 bytes, startup_stm32h743xx.o(.text))
<BR>[Address Reference Count : 1]<UL><LI> startup_stm32h743xx.o(RESET)
</UL>
<P><STRONG><a name="[9f]"></a>SDMMC2_IRQHandler</STRONG> (Thumb, 0 bytes, Stack size 0 bytes, startup_stm32h743xx.o(.text))
<BR>[Address Reference Count : 1]<UL><LI> startup_stm32h743xx.o(RESET)
</UL>
<P><STRONG><a name="[85]"></a>SPDIF_RX_IRQHandler</STRONG> (Thumb, 0 bytes, Stack size 0 bytes, startup_stm32h743xx.o(.text))
<BR>[Address Reference Count : 1]<UL><LI> startup_stm32h743xx.o(RESET)
</UL>
<P><STRONG><a name="[4d]"></a>SPI1_IRQHandler</STRONG> (Thumb, 0 bytes, Stack size 0 bytes, startup_stm32h743xx.o(.text))
<BR>[Address Reference Count : 1]<UL><LI> startup_stm32h743xx.o(RESET)
</UL>
<P><STRONG><a name="[4e]"></a>SPI2_IRQHandler</STRONG> (Thumb, 0 bytes, Stack size 0 bytes, startup_stm32h743xx.o(.text))
<BR>[Address Reference Count : 1]<UL><LI> startup_stm32h743xx.o(RESET)
</UL>
<P><STRONG><a name="[5c]"></a>SPI3_IRQHandler</STRONG> (Thumb, 0 bytes, Stack size 0 bytes, startup_stm32h743xx.o(.text))
<BR>[Address Reference Count : 1]<UL><LI> startup_stm32h743xx.o(RESET)
</UL>
<P><STRONG><a name="[78]"></a>SPI4_IRQHandler</STRONG> (Thumb, 0 bytes, Stack size 0 bytes, startup_stm32h743xx.o(.text))
<BR>[Address Reference Count : 1]<UL><LI> startup_stm32h743xx.o(RESET)
</UL>
<P><STRONG><a name="[79]"></a>SPI5_IRQHandler</STRONG> (Thumb, 0 bytes, Stack size 0 bytes, startup_stm32h743xx.o(.text))
<BR>[Address Reference Count : 1]<UL><LI> startup_stm32h743xx.o(RESET)
</UL>
<P><STRONG><a name="[7a]"></a>SPI6_IRQHandler</STRONG> (Thumb, 0 bytes, Stack size 0 bytes, startup_stm32h743xx.o(.text))
<BR>[Address Reference Count : 1]<UL><LI> startup_stm32h743xx.o(RESET)
</UL>
<P><STRONG><a name="[97]"></a>SWPMI1_IRQHandler</STRONG> (Thumb, 0 bytes, Stack size 0 bytes, startup_stm32h743xx.o(.text))
<BR>[Address Reference Count : 1]<UL><LI> startup_stm32h743xx.o(RESET)
</UL>
<P><STRONG><a name="[2c]"></a>TAMP_STAMP_IRQHandler</STRONG> (Thumb, 0 bytes, Stack size 0 bytes, startup_stm32h743xx.o(.text))
<BR>[Address Reference Count : 1]<UL><LI> startup_stm32h743xx.o(RESET)
</UL>
<P><STRONG><a name="[98]"></a>TIM15_IRQHandler</STRONG> (Thumb, 0 bytes, Stack size 0 bytes, startup_stm32h743xx.o(.text))
<BR>[Address Reference Count : 1]<UL><LI> startup_stm32h743xx.o(RESET)
</UL>
<P><STRONG><a name="[99]"></a>TIM16_IRQHandler</STRONG> (Thumb, 0 bytes, Stack size 0 bytes, startup_stm32h743xx.o(.text))
<BR>[Address Reference Count : 1]<UL><LI> startup_stm32h743xx.o(RESET)
</UL>
<P><STRONG><a name="[9a]"></a>TIM17_IRQHandler</STRONG> (Thumb, 0 bytes, Stack size 0 bytes, startup_stm32h743xx.o(.text))
<BR>[Address Reference Count : 1]<UL><LI> startup_stm32h743xx.o(RESET)
</UL>
<P><STRONG><a name="[42]"></a>TIM1_BRK_IRQHandler</STRONG> (Thumb, 0 bytes, Stack size 0 bytes, startup_stm32h743xx.o(.text))
<BR>[Address Reference Count : 1]<UL><LI> startup_stm32h743xx.o(RESET)
</UL>
<P><STRONG><a name="[45]"></a>TIM1_CC_IRQHandler</STRONG> (Thumb, 0 bytes, Stack size 0 bytes, startup_stm32h743xx.o(.text))
<BR>[Address Reference Count : 1]<UL><LI> startup_stm32h743xx.o(RESET)
</UL>
<P><STRONG><a name="[44]"></a>TIM1_TRG_COM_IRQHandler</STRONG> (Thumb, 0 bytes, Stack size 0 bytes, startup_stm32h743xx.o(.text))
<BR>[Address Reference Count : 1]<UL><LI> startup_stm32h743xx.o(RESET)
</UL>
<P><STRONG><a name="[43]"></a>TIM1_UP_IRQHandler</STRONG> (Thumb, 0 bytes, Stack size 0 bytes, startup_stm32h743xx.o(.text))
<BR>[Address Reference Count : 1]<UL><LI> startup_stm32h743xx.o(RESET)
</UL>
<P><STRONG><a name="[46]"></a>TIM2_IRQHandler</STRONG> (Thumb, 0 bytes, Stack size 0 bytes, startup_stm32h743xx.o(.text))
<BR>[Address Reference Count : 1]<UL><LI> startup_stm32h743xx.o(RESET)
</UL>
<P><STRONG><a name="[47]"></a>TIM3_IRQHandler</STRONG> (Thumb, 0 bytes, Stack size 0 bytes, startup_stm32h743xx.o(.text))
<BR>[Address Reference Count : 1]<UL><LI> startup_stm32h743xx.o(RESET)
</UL>
<P><STRONG><a name="[48]"></a>TIM4_IRQHandler</STRONG> (Thumb, 0 bytes, Stack size 0 bytes, startup_stm32h743xx.o(.text))
<BR>[Address Reference Count : 1]<UL><LI> startup_stm32h743xx.o(RESET)
</UL>
<P><STRONG><a name="[5b]"></a>TIM5_IRQHandler</STRONG> (Thumb, 0 bytes, Stack size 0 bytes, startup_stm32h743xx.o(.text))
<BR>[Address Reference Count : 1]<UL><LI> startup_stm32h743xx.o(RESET)
</UL>
<P><STRONG><a name="[54]"></a>TIM8_BRK_TIM12_IRQHandler</STRONG> (Thumb, 0 bytes, Stack size 0 bytes, startup_stm32h743xx.o(.text))
<BR>[Address Reference Count : 1]<UL><LI> startup_stm32h743xx.o(RESET)
</UL>
<P><STRONG><a name="[57]"></a>TIM8_CC_IRQHandler</STRONG> (Thumb, 0 bytes, Stack size 0 bytes, startup_stm32h743xx.o(.text))
<BR>[Address Reference Count : 1]<UL><LI> startup_stm32h743xx.o(RESET)
</UL>
<P><STRONG><a name="[56]"></a>TIM8_TRG_COM_TIM14_IRQHandler</STRONG> (Thumb, 0 bytes, Stack size 0 bytes, startup_stm32h743xx.o(.text))
<BR>[Address Reference Count : 1]<UL><LI> startup_stm32h743xx.o(RESET)
</UL>
<P><STRONG><a name="[55]"></a>TIM8_UP_TIM13_IRQHandler</STRONG> (Thumb, 0 bytes, Stack size 0 bytes, startup_stm32h743xx.o(.text))
<BR>[Address Reference Count : 1]<UL><LI> startup_stm32h743xx.o(RESET)
</UL>
<P><STRONG><a name="[5e]"></a>UART5_IRQHandler</STRONG> (Thumb, 0 bytes, Stack size 0 bytes, startup_stm32h743xx.o(.text))
<BR>[Address Reference Count : 1]<UL><LI> startup_stm32h743xx.o(RESET)
</UL>
<P><STRONG><a name="[76]"></a>UART7_IRQHandler</STRONG> (Thumb, 0 bytes, Stack size 0 bytes, startup_stm32h743xx.o(.text))
<BR>[Address Reference Count : 1]<UL><LI> startup_stm32h743xx.o(RESET)
</UL>
<P><STRONG><a name="[77]"></a>UART8_IRQHandler</STRONG> (Thumb, 0 bytes, Stack size 0 bytes, startup_stm32h743xx.o(.text))
<BR>[Address Reference Count : 1]<UL><LI> startup_stm32h743xx.o(RESET)
</UL>
<P><STRONG><a name="[4f]"></a>USART1_IRQHandler</STRONG> (Thumb, 0 bytes, Stack size 0 bytes, startup_stm32h743xx.o(.text))
<BR>[Address Reference Count : 1]<UL><LI> startup_stm32h743xx.o(RESET)
</UL>
<P><STRONG><a name="[50]"></a>USART2_IRQHandler</STRONG> (Thumb, 0 bytes, Stack size 0 bytes, startup_stm32h743xx.o(.text))
<BR>[Address Reference Count : 1]<UL><LI> startup_stm32h743xx.o(RESET)
</UL>
<P><STRONG><a name="[6c]"></a>USART6_IRQHandler</STRONG> (Thumb, 0 bytes, Stack size 0 bytes, startup_stm32h743xx.o(.text))
<BR>[Address Reference Count : 1]<UL><LI> startup_stm32h743xx.o(RESET)
</UL>
<P><STRONG><a name="[b4]"></a>WAKEUP_PIN_IRQHandler</STRONG> (Thumb, 0 bytes, Stack size 0 bytes, startup_stm32h743xx.o(.text))
<BR>[Address Reference Count : 1]<UL><LI> startup_stm32h743xx.o(RESET)
</UL>
<P><STRONG><a name="[2a]"></a>WWDG_IRQHandler</STRONG> (Thumb, 0 bytes, Stack size 0 bytes, startup_stm32h743xx.o(.text))
<BR>[Address Reference Count : 1]<UL><LI> startup_stm32h743xx.o(RESET)
</UL>
<P><STRONG><a name="[c7]"></a>__aeabi_uldivmod</STRONG> (Thumb, 98 bytes, Stack size 40 bytes, uldiv.o(.text))
<BR><BR>[Stack]<UL><LI>Max Depth = 40<LI>Call Chain = __aeabi_uldivmod
</UL>
<BR>[Calls]<UL><LI><a href="#[c8]">&gt;&gt;</a>&nbsp;&nbsp;&nbsp;__aeabi_llsr
<LI><a href="#[c9]">&gt;&gt;</a>&nbsp;&nbsp;&nbsp;__aeabi_llsl
</UL>
<BR>[Called By]<UL><LI><a href="#[17e]">&gt;&gt;</a>&nbsp;&nbsp;&nbsp;UART_SetConfig
</UL>

<P><STRONG><a name="[1d7]"></a>__aeabi_memcpy</STRONG> (Thumb, 36 bytes, Stack size 0 bytes, memcpya.o(.text))
<BR><BR>[Called By]<UL><LI><a href="#[16]">&gt;&gt;</a>&nbsp;&nbsp;&nbsp;eMBFuncReportSlaveID
</UL>

<P><STRONG><a name="[148]"></a>__aeabi_memcpy4</STRONG> (Thumb, 0 bytes, Stack size 0 bytes, memcpya.o(.text))
<BR><BR>[Called By]<UL><LI><a href="#[145]">&gt;&gt;</a>&nbsp;&nbsp;&nbsp;HAL_PCD_Init
</UL>

<P><STRONG><a name="[1f9]"></a>__aeabi_memcpy8</STRONG> (Thumb, 0 bytes, Stack size 0 bytes, memcpya.o(.text), UNUSED)

<P><STRONG><a name="[cb]"></a>__aeabi_memset</STRONG> (Thumb, 14 bytes, Stack size 0 bytes, memseta.o(.text), UNUSED)
<BR><BR>[Called By]<UL><LI><a href="#[cc]">&gt;&gt;</a>&nbsp;&nbsp;&nbsp;_memset$wrapper
<LI><a href="#[ca]">&gt;&gt;</a>&nbsp;&nbsp;&nbsp;__aeabi_memclr
</UL>

<P><STRONG><a name="[1fa]"></a>__aeabi_memset4</STRONG> (Thumb, 0 bytes, Stack size 0 bytes, memseta.o(.text), UNUSED)

<P><STRONG><a name="[1fb]"></a>__aeabi_memset8</STRONG> (Thumb, 0 bytes, Stack size 0 bytes, memseta.o(.text), UNUSED)

<P><STRONG><a name="[ca]"></a>__aeabi_memclr</STRONG> (Thumb, 4 bytes, Stack size 0 bytes, memseta.o(.text), UNUSED)
<BR><BR>[Calls]<UL><LI><a href="#[cb]">&gt;&gt;</a>&nbsp;&nbsp;&nbsp;__aeabi_memset
</UL>

<P><STRONG><a name="[f7]"></a>__aeabi_memclr4</STRONG> (Thumb, 0 bytes, Stack size 0 bytes, memseta.o(.text))
<BR><BR>[Called By]<UL><LI><a href="#[109]">&gt;&gt;</a>&nbsp;&nbsp;&nbsp;HAL_I2C_MspInit
<LI><a href="#[104]">&gt;&gt;</a>&nbsp;&nbsp;&nbsp;HAL_ETH_MspInit
<LI><a href="#[f6]">&gt;&gt;</a>&nbsp;&nbsp;&nbsp;HAL_ADC_MspInit
<LI><a href="#[194]">&gt;&gt;</a>&nbsp;&nbsp;&nbsp;MX_GPIO_Init
<LI><a href="#[193]">&gt;&gt;</a>&nbsp;&nbsp;&nbsp;MX_ETH_Init
<LI><a href="#[191]">&gt;&gt;</a>&nbsp;&nbsp;&nbsp;MX_ADC1_Init
<LI><a href="#[1ab]">&gt;&gt;</a>&nbsp;&nbsp;&nbsp;SystemClock_Config
<LI><a href="#[146]">&gt;&gt;</a>&nbsp;&nbsp;&nbsp;HAL_PCD_MspInit
<LI><a href="#[17d]">&gt;&gt;</a>&nbsp;&nbsp;&nbsp;HAL_UART_MspInit
</UL>

<P><STRONG><a name="[1fc]"></a>__aeabi_memclr8</STRONG> (Thumb, 0 bytes, Stack size 0 bytes, memseta.o(.text), UNUSED)

<P><STRONG><a name="[cc]"></a>_memset$wrapper</STRONG> (Thumb, 18 bytes, Stack size 8 bytes, memseta.o(.text), UNUSED)
<BR><BR>[Calls]<UL><LI><a href="#[cb]">&gt;&gt;</a>&nbsp;&nbsp;&nbsp;__aeabi_memset
</UL>

<P><STRONG><a name="[c9]"></a>__aeabi_llsl</STRONG> (Thumb, 30 bytes, Stack size 0 bytes, llshl.o(.text))
<BR><BR>[Called By]<UL><LI><a href="#[c7]">&gt;&gt;</a>&nbsp;&nbsp;&nbsp;__aeabi_uldivmod
</UL>

<P><STRONG><a name="[1fd]"></a>_ll_shift_l</STRONG> (Thumb, 0 bytes, Stack size 0 bytes, llshl.o(.text), UNUSED)

<P><STRONG><a name="[c8]"></a>__aeabi_llsr</STRONG> (Thumb, 32 bytes, Stack size 0 bytes, llushr.o(.text))
<BR><BR>[Called By]<UL><LI><a href="#[c7]">&gt;&gt;</a>&nbsp;&nbsp;&nbsp;__aeabi_uldivmod
</UL>

<P><STRONG><a name="[1fe]"></a>_ll_ushift_r</STRONG> (Thumb, 0 bytes, Stack size 0 bytes, llushr.o(.text), UNUSED)

<P><STRONG><a name="[c6]"></a>__scatterload</STRONG> (Thumb, 28 bytes, Stack size 0 bytes, init.o(.text))
<BR><BR>[Calls]<UL><LI><a href="#[cd]">&gt;&gt;</a>&nbsp;&nbsp;&nbsp;__main_after_scatterload
</UL>
<BR>[Called By]<UL><LI><a href="#[c5]">&gt;&gt;</a>&nbsp;&nbsp;&nbsp;_main_scatterload
</UL>

<P><STRONG><a name="[1ff]"></a>__scatterload_rt2</STRONG> (Thumb, 0 bytes, Stack size 0 bytes, init.o(.text), UNUSED)

<P><STRONG><a name="[200]"></a>__decompress</STRONG> (Thumb, 0 bytes, Stack size unknown bytes, __dczerorl2.o(.text), UNUSED)

<P><STRONG><a name="[201]"></a>__decompress1</STRONG> (Thumb, 86 bytes, Stack size unknown bytes, __dczerorl2.o(.text), UNUSED)

<P><STRONG><a name="[ce]"></a>AD5696_init</STRONG> (Thumb, 70 bytes, Stack size 8 bytes, ad5696.o(i.AD5696_init))
<BR><BR>[Stack]<UL><LI>Max Depth = 104<LI>Call Chain = AD5696_init &rArr; set_value_to_channel_AD5696 &rArr; HAL_I2C_Master_Transmit &rArr; I2C_WaitOnTXISFlagUntilTimeout &rArr; I2C_IsAcknowledgeFailed
</UL>
<BR>[Calls]<UL><LI><a href="#[cf]">&gt;&gt;</a>&nbsp;&nbsp;&nbsp;HAL_I2C_IsDeviceReady
<LI><a href="#[d0]">&gt;&gt;</a>&nbsp;&nbsp;&nbsp;set_value_to_channel_AD5696
</UL>
<BR>[Called By]<UL><LI><a href="#[b5]">&gt;&gt;</a>&nbsp;&nbsp;&nbsp;main
</UL>

<P><STRONG><a name="[d1]"></a>ADC_ConfigureBoostMode</STRONG> (Thumb, 234 bytes, Stack size 16 bytes, stm32h7xx_hal_adc.o(i.ADC_ConfigureBoostMode))
<BR><BR>[Stack]<UL><LI>Max Depth = 124<LI>Call Chain = ADC_ConfigureBoostMode &rArr; HAL_RCCEx_GetPeriphCLKFreq &rArr; HAL_RCCEx_GetD3PCLK1Freq &rArr; HAL_RCC_GetHCLKFreq &rArr; HAL_RCC_GetSysClockFreq
</UL>
<BR>[Calls]<UL><LI><a href="#[d3]">&gt;&gt;</a>&nbsp;&nbsp;&nbsp;HAL_RCCEx_GetPeriphCLKFreq
<LI><a href="#[d4]">&gt;&gt;</a>&nbsp;&nbsp;&nbsp;HAL_GetREVID
<LI><a href="#[d2]">&gt;&gt;</a>&nbsp;&nbsp;&nbsp;HAL_RCC_GetHCLKFreq
</UL>
<BR>[Called By]<UL><LI><a href="#[f5]">&gt;&gt;</a>&nbsp;&nbsp;&nbsp;HAL_ADC_Init
</UL>

<P><STRONG><a name="[d5]"></a>ADC_ConversionStop</STRONG> (Thumb, 212 bytes, Stack size 24 bytes, stm32h7xx_hal_adc.o(i.ADC_ConversionStop))
<BR><BR>[Stack]<UL><LI>Max Depth = 24<LI>Call Chain = ADC_ConversionStop
</UL>
<BR>[Calls]<UL><LI><a href="#[d6]">&gt;&gt;</a>&nbsp;&nbsp;&nbsp;LL_ADC_REG_IsConversionOngoing
<LI><a href="#[d7]">&gt;&gt;</a>&nbsp;&nbsp;&nbsp;LL_ADC_INJ_IsConversionOngoing
<LI><a href="#[d8]">&gt;&gt;</a>&nbsp;&nbsp;&nbsp;HAL_GetTick
</UL>
<BR>[Called By]<UL><LI><a href="#[f4]">&gt;&gt;</a>&nbsp;&nbsp;&nbsp;HAL_ADC_Stop_DMA
</UL>

<P><STRONG><a name="[b8]"></a>ADC_DMAConvCplt</STRONG> (Thumb, 104 bytes, Stack size 8 bytes, stm32h7xx_hal_adc.o(i.ADC_DMAConvCplt))
<BR><BR>[Stack]<UL><LI>Max Depth = 72<LI>Call Chain = ADC_DMAConvCplt &rArr; HAL_ADC_ConvCpltCallback &rArr; HAL_ADC_Stop_DMA &rArr; HAL_DMA_Abort
</UL>
<BR>[Calls]<UL><LI><a href="#[db]">&gt;&gt;</a>&nbsp;&nbsp;&nbsp;HAL_ADC_ConvCpltCallback
<LI><a href="#[d9]">&gt;&gt;</a>&nbsp;&nbsp;&nbsp;HAL_ADC_ErrorCallback
<LI><a href="#[da]">&gt;&gt;</a>&nbsp;&nbsp;&nbsp;LL_ADC_REG_IsTriggerSourceSWStart
</UL>
<BR>[Address Reference Count : 1]<UL><LI> stm32h7xx_hal_adc.o(i.HAL_ADC_Start_DMA)
</UL>
<P><STRONG><a name="[ba]"></a>ADC_DMAError</STRONG> (Thumb, 26 bytes, Stack size 8 bytes, stm32h7xx_hal_adc.o(i.ADC_DMAError))
<BR><BR>[Stack]<UL><LI>Max Depth = 8<LI>Call Chain = ADC_DMAError
</UL>
<BR>[Calls]<UL><LI><a href="#[d9]">&gt;&gt;</a>&nbsp;&nbsp;&nbsp;HAL_ADC_ErrorCallback
</UL>
<BR>[Address Reference Count : 1]<UL><LI> stm32h7xx_hal_adc.o(i.HAL_ADC_Start_DMA)
</UL>
<P><STRONG><a name="[b9]"></a>ADC_DMAHalfConvCplt</STRONG> (Thumb, 10 bytes, Stack size 8 bytes, stm32h7xx_hal_adc.o(i.ADC_DMAHalfConvCplt))
<BR><BR>[Stack]<UL><LI>Max Depth = 8<LI>Call Chain = ADC_DMAHalfConvCplt
</UL>
<BR>[Calls]<UL><LI><a href="#[dc]">&gt;&gt;</a>&nbsp;&nbsp;&nbsp;HAL_ADC_ConvHalfCpltCallback
</UL>
<BR>[Address Reference Count : 1]<UL><LI> stm32h7xx_hal_adc.o(i.HAL_ADC_Start_DMA)
</UL>
<P><STRONG><a name="[dd]"></a>ADC_Disable</STRONG> (Thumb, 98 bytes, Stack size 16 bytes, stm32h7xx_hal_adc.o(i.ADC_Disable))
<BR><BR>[Stack]<UL><LI>Max Depth = 16<LI>Call Chain = ADC_Disable
</UL>
<BR>[Calls]<UL><LI><a href="#[d8]">&gt;&gt;</a>&nbsp;&nbsp;&nbsp;HAL_GetTick
</UL>
<BR>[Called By]<UL><LI><a href="#[f4]">&gt;&gt;</a>&nbsp;&nbsp;&nbsp;HAL_ADC_Stop_DMA
<LI><a href="#[ee]">&gt;&gt;</a>&nbsp;&nbsp;&nbsp;HAL_ADCEx_Calibration_Start
</UL>

<P><STRONG><a name="[de]"></a>ADC_Enable</STRONG> (Thumb, 142 bytes, Stack size 16 bytes, stm32h7xx_hal_adc.o(i.ADC_Enable))
<BR><BR>[Stack]<UL><LI>Max Depth = 16<LI>Call Chain = ADC_Enable
</UL>
<BR>[Calls]<UL><LI><a href="#[d8]">&gt;&gt;</a>&nbsp;&nbsp;&nbsp;HAL_GetTick
</UL>
<BR>[Called By]<UL><LI><a href="#[e2]">&gt;&gt;</a>&nbsp;&nbsp;&nbsp;HAL_ADC_Start_DMA
</UL>

<P><STRONG><a name="[df]"></a>ADC_data_read</STRONG> (Thumb, 100 bytes, Stack size 8 bytes, main.o(i.ADC_data_read))
<BR><BR>[Stack]<UL><LI>Max Depth = 116<LI>Call Chain = ADC_data_read &rArr; HAL_ADC_Start_DMA &rArr; HAL_DMA_Start_IT &rArr; DMA_SetConfig
</UL>
<BR>[Calls]<UL><LI><a href="#[e1]">&gt;&gt;</a>&nbsp;&nbsp;&nbsp;moving_average_value_to_float
<LI><a href="#[e0]">&gt;&gt;</a>&nbsp;&nbsp;&nbsp;filter_moving_average
<LI><a href="#[e2]">&gt;&gt;</a>&nbsp;&nbsp;&nbsp;HAL_ADC_Start_DMA
</UL>
<BR>[Called By]<UL><LI><a href="#[b5]">&gt;&gt;</a>&nbsp;&nbsp;&nbsp;main
</UL>

<P><STRONG><a name="[e3]"></a>Algorithm_process</STRONG> (Thumb, 38 bytes, Stack size 0 bytes, main.o(i.Algorithm_process))
<BR><BR>[Stack]<UL><LI>Max Depth = 20<LI>Call Chain = Algorithm_process &rArr; test_algorithm2 &rArr; Timer_process_delay
</UL>
<BR>[Calls]<UL><LI><a href="#[e4]">&gt;&gt;</a>&nbsp;&nbsp;&nbsp;test_algorithm3
<LI><a href="#[e6]">&gt;&gt;</a>&nbsp;&nbsp;&nbsp;test_algorithm2
<LI><a href="#[e5]">&gt;&gt;</a>&nbsp;&nbsp;&nbsp;test_algorithm1
</UL>
<BR>[Called By]<UL><LI><a href="#[b5]">&gt;&gt;</a>&nbsp;&nbsp;&nbsp;main
</UL>

<P><STRONG><a name="[24]"></a>BusFault_Handler</STRONG> (Thumb, 2 bytes, Stack size 0 bytes, stm32h7xx_it.o(i.BusFault_Handler))
<BR><BR>[Calls]<UL><LI><a href="#[24]">&gt;&gt;</a>&nbsp;&nbsp;&nbsp;BusFault_Handler
</UL>
<BR>[Called By]<UL><LI><a href="#[24]">&gt;&gt;</a>&nbsp;&nbsp;&nbsp;BusFault_Handler
</UL>
<BR>[Address Reference Count : 1]<UL><LI> startup_stm32h743xx.o(RESET)
</UL>
<P><STRONG><a name="[35]"></a>DMA1_Stream0_IRQHandler</STRONG> (Thumb, 6 bytes, Stack size 0 bytes, stm32h7xx_it.o(i.DMA1_Stream0_IRQHandler))
<BR><BR>[Stack]<UL><LI>Max Depth = 48<LI>Call Chain = DMA1_Stream0_IRQHandler &rArr; HAL_DMA_IRQHandler
</UL>
<BR>[Calls]<UL><LI><a href="#[ea]">&gt;&gt;</a>&nbsp;&nbsp;&nbsp;HAL_DMA_IRQHandler
</UL>
<BR>[Address Reference Count : 1]<UL><LI> startup_stm32h743xx.o(RESET)
</UL>
<P><STRONG><a name="[27]"></a>DebugMon_Handler</STRONG> (Thumb, 2 bytes, Stack size 0 bytes, stm32h7xx_it.o(i.DebugMon_Handler))
<BR>[Address Reference Count : 1]<UL><LI> startup_stm32h743xx.o(RESET)
</UL>
<P><STRONG><a name="[fa]"></a>Error_Handler</STRONG> (Thumb, 2 bytes, Stack size 0 bytes, main.o(i.Error_Handler))
<BR><BR>[Called By]<UL><LI><a href="#[f6]">&gt;&gt;</a>&nbsp;&nbsp;&nbsp;HAL_ADC_MspInit
<LI><a href="#[19f]">&gt;&gt;</a>&nbsp;&nbsp;&nbsp;MX_USB_DEVICE_Init
<LI><a href="#[19d]">&gt;&gt;</a>&nbsp;&nbsp;&nbsp;MX_USART3_UART_Init
<LI><a href="#[19c]">&gt;&gt;</a>&nbsp;&nbsp;&nbsp;MX_TIM7_Init
<LI><a href="#[19a]">&gt;&gt;</a>&nbsp;&nbsp;&nbsp;MX_TIM6_Init
<LI><a href="#[199]">&gt;&gt;</a>&nbsp;&nbsp;&nbsp;MX_I2C2_Init
<LI><a href="#[196]">&gt;&gt;</a>&nbsp;&nbsp;&nbsp;MX_I2C1_Init
<LI><a href="#[193]">&gt;&gt;</a>&nbsp;&nbsp;&nbsp;MX_ETH_Init
<LI><a href="#[191]">&gt;&gt;</a>&nbsp;&nbsp;&nbsp;MX_ADC1_Init
<LI><a href="#[1c0]">&gt;&gt;</a>&nbsp;&nbsp;&nbsp;USBD_LL_Init
<LI><a href="#[13f]">&gt;&gt;</a>&nbsp;&nbsp;&nbsp;HAL_PCD_ResetCallback
</UL>

<P><STRONG><a name="[ee]"></a>HAL_ADCEx_Calibration_Start</STRONG> (Thumb, 146 bytes, Stack size 24 bytes, stm32h7xx_hal_adc_ex.o(i.HAL_ADCEx_Calibration_Start))
<BR><BR>[Stack]<UL><LI>Max Depth = 40<LI>Call Chain = HAL_ADCEx_Calibration_Start &rArr; ADC_Disable
</UL>
<BR>[Calls]<UL><LI><a href="#[dd]">&gt;&gt;</a>&nbsp;&nbsp;&nbsp;ADC_Disable
</UL>
<BR>[Called By]<UL><LI><a href="#[b5]">&gt;&gt;</a>&nbsp;&nbsp;&nbsp;main
</UL>

<P><STRONG><a name="[ef]"></a>HAL_ADCEx_MultiModeConfigChannel</STRONG> (Thumb, 270 bytes, Stack size 136 bytes, stm32h7xx_hal_adc_ex.o(i.HAL_ADCEx_MultiModeConfigChannel))
<BR><BR>[Stack]<UL><LI>Max Depth = 136<LI>Call Chain = HAL_ADCEx_MultiModeConfigChannel
</UL>
<BR>[Calls]<UL><LI><a href="#[f0]">&gt;&gt;</a>&nbsp;&nbsp;&nbsp;LL_ADC_REG_IsConversionOngoing
</UL>
<BR>[Called By]<UL><LI><a href="#[191]">&gt;&gt;</a>&nbsp;&nbsp;&nbsp;MX_ADC1_Init
</UL>

<P><STRONG><a name="[f1]"></a>HAL_ADC_ConfigChannel</STRONG> (Thumb, 930 bytes, Stack size 40 bytes, stm32h7xx_hal_adc.o(i.HAL_ADC_ConfigChannel))
<BR><BR>[Stack]<UL><LI>Max Depth = 48<LI>Call Chain = HAL_ADC_ConfigChannel &rArr; LL_ADC_SetChannelSamplingTime
</UL>
<BR>[Calls]<UL><LI><a href="#[f2]">&gt;&gt;</a>&nbsp;&nbsp;&nbsp;LL_ADC_SetChannelSamplingTime
<LI><a href="#[d6]">&gt;&gt;</a>&nbsp;&nbsp;&nbsp;LL_ADC_REG_IsConversionOngoing
<LI><a href="#[d7]">&gt;&gt;</a>&nbsp;&nbsp;&nbsp;LL_ADC_INJ_IsConversionOngoing
</UL>
<BR>[Called By]<UL><LI><a href="#[191]">&gt;&gt;</a>&nbsp;&nbsp;&nbsp;MX_ADC1_Init
</UL>

<P><STRONG><a name="[db]"></a>HAL_ADC_ConvCpltCallback</STRONG> (Thumb, 24 bytes, Stack size 8 bytes, main.o(i.HAL_ADC_ConvCpltCallback))
<BR><BR>[Stack]<UL><LI>Max Depth = 64<LI>Call Chain = HAL_ADC_ConvCpltCallback &rArr; HAL_ADC_Stop_DMA &rArr; HAL_DMA_Abort
</UL>
<BR>[Calls]<UL><LI><a href="#[f4]">&gt;&gt;</a>&nbsp;&nbsp;&nbsp;HAL_ADC_Stop_DMA
<LI><a href="#[f3]">&gt;&gt;</a>&nbsp;&nbsp;&nbsp;SCB_InvalidateDCache_by_Addr
</UL>
<BR>[Called By]<UL><LI><a href="#[b8]">&gt;&gt;</a>&nbsp;&nbsp;&nbsp;ADC_DMAConvCplt
</UL>

<P><STRONG><a name="[dc]"></a>HAL_ADC_ConvHalfCpltCallback</STRONG> (Thumb, 8 bytes, Stack size 0 bytes, main.o(i.HAL_ADC_ConvHalfCpltCallback))
<BR><BR>[Calls]<UL><LI><a href="#[f3]">&gt;&gt;</a>&nbsp;&nbsp;&nbsp;SCB_InvalidateDCache_by_Addr
</UL>
<BR>[Called By]<UL><LI><a href="#[b9]">&gt;&gt;</a>&nbsp;&nbsp;&nbsp;ADC_DMAHalfConvCplt
</UL>

<P><STRONG><a name="[d9]"></a>HAL_ADC_ErrorCallback</STRONG> (Thumb, 2 bytes, Stack size 0 bytes, stm32h7xx_hal_adc.o(i.HAL_ADC_ErrorCallback))
<BR><BR>[Called By]<UL><LI><a href="#[ba]">&gt;&gt;</a>&nbsp;&nbsp;&nbsp;ADC_DMAError
<LI><a href="#[b8]">&gt;&gt;</a>&nbsp;&nbsp;&nbsp;ADC_DMAConvCplt
</UL>

<P><STRONG><a name="[f5]"></a>HAL_ADC_Init</STRONG> (Thumb, 496 bytes, Stack size 24 bytes, stm32h7xx_hal_adc.o(i.HAL_ADC_Init))
<BR><BR>[Stack]<UL><LI>Max Depth = 148<LI>Call Chain = HAL_ADC_Init &rArr; ADC_ConfigureBoostMode &rArr; HAL_RCCEx_GetPeriphCLKFreq &rArr; HAL_RCCEx_GetD3PCLK1Freq &rArr; HAL_RCC_GetHCLKFreq &rArr; HAL_RCC_GetSysClockFreq
</UL>
<BR>[Calls]<UL><LI><a href="#[f6]">&gt;&gt;</a>&nbsp;&nbsp;&nbsp;HAL_ADC_MspInit
<LI><a href="#[d1]">&gt;&gt;</a>&nbsp;&nbsp;&nbsp;ADC_ConfigureBoostMode
<LI><a href="#[d6]">&gt;&gt;</a>&nbsp;&nbsp;&nbsp;LL_ADC_REG_IsConversionOngoing
<LI><a href="#[d7]">&gt;&gt;</a>&nbsp;&nbsp;&nbsp;LL_ADC_INJ_IsConversionOngoing
<LI><a href="#[d4]">&gt;&gt;</a>&nbsp;&nbsp;&nbsp;HAL_GetREVID
</UL>
<BR>[Called By]<UL><LI><a href="#[191]">&gt;&gt;</a>&nbsp;&nbsp;&nbsp;MX_ADC1_Init
</UL>

<P><STRONG><a name="[f6]"></a>HAL_ADC_MspInit</STRONG> (Thumb, 158 bytes, Stack size 48 bytes, adc.o(i.HAL_ADC_MspInit))
<BR><BR>[Stack]<UL><LI>Max Depth = 100<LI>Call Chain = HAL_ADC_MspInit &rArr; HAL_DMA_Init &rArr; DMA_CalcDMAMUXChannelBaseAndMask
</UL>
<BR>[Calls]<UL><LI><a href="#[f9]">&gt;&gt;</a>&nbsp;&nbsp;&nbsp;HAL_DMA_Init
<LI><a href="#[f8]">&gt;&gt;</a>&nbsp;&nbsp;&nbsp;HAL_GPIO_Init
<LI><a href="#[fa]">&gt;&gt;</a>&nbsp;&nbsp;&nbsp;Error_Handler
<LI><a href="#[f7]">&gt;&gt;</a>&nbsp;&nbsp;&nbsp;__aeabi_memclr4
</UL>
<BR>[Called By]<UL><LI><a href="#[f5]">&gt;&gt;</a>&nbsp;&nbsp;&nbsp;HAL_ADC_Init
</UL>

<P><STRONG><a name="[e2]"></a>HAL_ADC_Start_DMA</STRONG> (Thumb, 230 bytes, Stack size 32 bytes, stm32h7xx_hal_adc.o(i.HAL_ADC_Start_DMA))
<BR><BR>[Stack]<UL><LI>Max Depth = 108<LI>Call Chain = HAL_ADC_Start_DMA &rArr; HAL_DMA_Start_IT &rArr; DMA_SetConfig
</UL>
<BR>[Calls]<UL><LI><a href="#[de]">&gt;&gt;</a>&nbsp;&nbsp;&nbsp;ADC_Enable
<LI><a href="#[d6]">&gt;&gt;</a>&nbsp;&nbsp;&nbsp;LL_ADC_REG_IsConversionOngoing
<LI><a href="#[fb]">&gt;&gt;</a>&nbsp;&nbsp;&nbsp;HAL_DMA_Start_IT
</UL>
<BR>[Called By]<UL><LI><a href="#[b5]">&gt;&gt;</a>&nbsp;&nbsp;&nbsp;main
<LI><a href="#[df]">&gt;&gt;</a>&nbsp;&nbsp;&nbsp;ADC_data_read
</UL>

<P><STRONG><a name="[f4]"></a>HAL_ADC_Stop_DMA</STRONG> (Thumb, 122 bytes, Stack size 16 bytes, stm32h7xx_hal_adc.o(i.HAL_ADC_Stop_DMA))
<BR><BR>[Stack]<UL><LI>Max Depth = 56<LI>Call Chain = HAL_ADC_Stop_DMA &rArr; HAL_DMA_Abort
</UL>
<BR>[Calls]<UL><LI><a href="#[dd]">&gt;&gt;</a>&nbsp;&nbsp;&nbsp;ADC_Disable
<LI><a href="#[d5]">&gt;&gt;</a>&nbsp;&nbsp;&nbsp;ADC_ConversionStop
<LI><a href="#[fc]">&gt;&gt;</a>&nbsp;&nbsp;&nbsp;HAL_DMA_Abort
</UL>
<BR>[Called By]<UL><LI><a href="#[db]">&gt;&gt;</a>&nbsp;&nbsp;&nbsp;HAL_ADC_ConvCpltCallback
</UL>

<P><STRONG><a name="[fc]"></a>HAL_DMA_Abort</STRONG> (Thumb, 840 bytes, Stack size 40 bytes, stm32h7xx_hal_dma.o(i.HAL_DMA_Abort))
<BR><BR>[Stack]<UL><LI>Max Depth = 40<LI>Call Chain = HAL_DMA_Abort
</UL>
<BR>[Calls]<UL><LI><a href="#[d8]">&gt;&gt;</a>&nbsp;&nbsp;&nbsp;HAL_GetTick
</UL>
<BR>[Called By]<UL><LI><a href="#[f4]">&gt;&gt;</a>&nbsp;&nbsp;&nbsp;HAL_ADC_Stop_DMA
</UL>

<P><STRONG><a name="[176]"></a>HAL_DMA_Abort_IT</STRONG> (Thumb, 602 bytes, Stack size 40 bytes, stm32h7xx_hal_dma.o(i.HAL_DMA_Abort_IT))
<BR><BR>[Stack]<UL><LI>Max Depth = 40<LI>Call Chain = HAL_DMA_Abort_IT
</UL>
<BR>[Called By]<UL><LI><a href="#[174]">&gt;&gt;</a>&nbsp;&nbsp;&nbsp;HAL_UART_IRQHandler
<LI><a href="#[107]">&gt;&gt;</a>&nbsp;&nbsp;&nbsp;I2C_ITError
</UL>

<P><STRONG><a name="[186]"></a>HAL_DMA_GetState</STRONG> (Thumb, 6 bytes, Stack size 0 bytes, stm32h7xx_hal_dma.o(i.HAL_DMA_GetState))
<BR><BR>[Called By]<UL><LI><a href="#[107]">&gt;&gt;</a>&nbsp;&nbsp;&nbsp;I2C_ITError
</UL>

<P><STRONG><a name="[ea]"></a>HAL_DMA_IRQHandler</STRONG> (Thumb, 1762 bytes, Stack size 48 bytes, stm32h7xx_hal_dma.o(i.HAL_DMA_IRQHandler))
<BR><BR>[Stack]<UL><LI>Max Depth = 48<LI>Call Chain = HAL_DMA_IRQHandler
</UL>
<BR>[Called By]<UL><LI><a href="#[35]">&gt;&gt;</a>&nbsp;&nbsp;&nbsp;DMA1_Stream0_IRQHandler
</UL>

<P><STRONG><a name="[f9]"></a>HAL_DMA_Init</STRONG> (Thumb, 926 bytes, Stack size 40 bytes, stm32h7xx_hal_dma.o(i.HAL_DMA_Init))
<BR><BR>[Stack]<UL><LI>Max Depth = 52<LI>Call Chain = HAL_DMA_Init &rArr; DMA_CalcDMAMUXChannelBaseAndMask
</UL>
<BR>[Calls]<UL><LI><a href="#[d8]">&gt;&gt;</a>&nbsp;&nbsp;&nbsp;HAL_GetTick
<LI><a href="#[fd]">&gt;&gt;</a>&nbsp;&nbsp;&nbsp;DMA_CheckFifoParam
<LI><a href="#[100]">&gt;&gt;</a>&nbsp;&nbsp;&nbsp;DMA_CalcDMAMUXRequestGenBaseAndMask
<LI><a href="#[ff]">&gt;&gt;</a>&nbsp;&nbsp;&nbsp;DMA_CalcDMAMUXChannelBaseAndMask
<LI><a href="#[fe]">&gt;&gt;</a>&nbsp;&nbsp;&nbsp;DMA_CalcBaseAndBitshift
</UL>
<BR>[Called By]<UL><LI><a href="#[f6]">&gt;&gt;</a>&nbsp;&nbsp;&nbsp;HAL_ADC_MspInit
</UL>

<P><STRONG><a name="[fb]"></a>HAL_DMA_Start_IT</STRONG> (Thumb, 626 bytes, Stack size 40 bytes, stm32h7xx_hal_dma.o(i.HAL_DMA_Start_IT))
<BR><BR>[Stack]<UL><LI>Max Depth = 76<LI>Call Chain = HAL_DMA_Start_IT &rArr; DMA_SetConfig
</UL>
<BR>[Calls]<UL><LI><a href="#[101]">&gt;&gt;</a>&nbsp;&nbsp;&nbsp;DMA_SetConfig
</UL>
<BR>[Called By]<UL><LI><a href="#[e2]">&gt;&gt;</a>&nbsp;&nbsp;&nbsp;HAL_ADC_Start_DMA
</UL>

<P><STRONG><a name="[102]"></a>HAL_Delay</STRONG> (Thumb, 32 bytes, Stack size 16 bytes, stm32h7xx_hal.o(i.HAL_Delay))
<BR><BR>[Stack]<UL><LI>Max Depth = 16<LI>Call Chain = HAL_Delay
</UL>
<BR>[Calls]<UL><LI><a href="#[d8]">&gt;&gt;</a>&nbsp;&nbsp;&nbsp;HAL_GetTick
</UL>
<BR>[Called By]<UL><LI><a href="#[14a]">&gt;&gt;</a>&nbsp;&nbsp;&nbsp;USB_SetCurrentMode
<LI><a href="#[14d]">&gt;&gt;</a>&nbsp;&nbsp;&nbsp;USB_DevDisconnect
<LI><a href="#[156]">&gt;&gt;</a>&nbsp;&nbsp;&nbsp;USB_DevConnect
</UL>

<P><STRONG><a name="[103]"></a>HAL_ETH_Init</STRONG> (Thumb, 474 bytes, Stack size 24 bytes, stm32h7xx_hal_eth.o(i.HAL_ETH_Init))
<BR><BR>[Stack]<UL><LI>Max Depth = 196<LI>Call Chain = HAL_ETH_Init &rArr; ETH_MACDMAConfig &rArr; ETH_SetMACConfig
</UL>
<BR>[Calls]<UL><LI><a href="#[104]">&gt;&gt;</a>&nbsp;&nbsp;&nbsp;HAL_ETH_MspInit
<LI><a href="#[eb]">&gt;&gt;</a>&nbsp;&nbsp;&nbsp;ETH_MACDMAConfig
<LI><a href="#[d8]">&gt;&gt;</a>&nbsp;&nbsp;&nbsp;HAL_GetTick
<LI><a href="#[d2]">&gt;&gt;</a>&nbsp;&nbsp;&nbsp;HAL_RCC_GetHCLKFreq
<LI><a href="#[105]">&gt;&gt;</a>&nbsp;&nbsp;&nbsp;HAL_SYSCFG_ETHInterfaceSelect
</UL>
<BR>[Called By]<UL><LI><a href="#[193]">&gt;&gt;</a>&nbsp;&nbsp;&nbsp;MX_ETH_Init
</UL>

<P><STRONG><a name="[104]"></a>HAL_ETH_MspInit</STRONG> (Thumb, 232 bytes, Stack size 40 bytes, eth.o(i.HAL_ETH_MspInit))
<BR><BR>[Stack]<UL><LI>Max Depth = 84<LI>Call Chain = HAL_ETH_MspInit &rArr; HAL_GPIO_Init
</UL>
<BR>[Calls]<UL><LI><a href="#[f8]">&gt;&gt;</a>&nbsp;&nbsp;&nbsp;HAL_GPIO_Init
<LI><a href="#[f7]">&gt;&gt;</a>&nbsp;&nbsp;&nbsp;__aeabi_memclr4
</UL>
<BR>[Called By]<UL><LI><a href="#[103]">&gt;&gt;</a>&nbsp;&nbsp;&nbsp;HAL_ETH_Init
</UL>

<P><STRONG><a name="[f8]"></a>HAL_GPIO_Init</STRONG> (Thumb, 510 bytes, Stack size 44 bytes, stm32h7xx_hal_gpio.o(i.HAL_GPIO_Init))
<BR><BR>[Stack]<UL><LI>Max Depth = 44<LI>Call Chain = HAL_GPIO_Init
</UL>
<BR>[Called By]<UL><LI><a href="#[109]">&gt;&gt;</a>&nbsp;&nbsp;&nbsp;HAL_I2C_MspInit
<LI><a href="#[104]">&gt;&gt;</a>&nbsp;&nbsp;&nbsp;HAL_ETH_MspInit
<LI><a href="#[f6]">&gt;&gt;</a>&nbsp;&nbsp;&nbsp;HAL_ADC_MspInit
<LI><a href="#[194]">&gt;&gt;</a>&nbsp;&nbsp;&nbsp;MX_GPIO_Init
<LI><a href="#[146]">&gt;&gt;</a>&nbsp;&nbsp;&nbsp;HAL_PCD_MspInit
<LI><a href="#[17d]">&gt;&gt;</a>&nbsp;&nbsp;&nbsp;HAL_UART_MspInit
</UL>

<P><STRONG><a name="[1ee]"></a>HAL_GPIO_ReadPin</STRONG> (Thumb, 10 bytes, Stack size 0 bytes, stm32h7xx_hal_gpio.o(i.HAL_GPIO_ReadPin))
<BR><BR>[Called By]<UL><LI><a href="#[1e8]">&gt;&gt;</a>&nbsp;&nbsp;&nbsp;read_input_2
<LI><a href="#[1e7]">&gt;&gt;</a>&nbsp;&nbsp;&nbsp;read_input_1
</UL>

<P><STRONG><a name="[195]"></a>HAL_GPIO_WritePin</STRONG> (Thumb, 10 bytes, Stack size 0 bytes, stm32h7xx_hal_gpio.o(i.HAL_GPIO_WritePin))
<BR><BR>[Called By]<UL><LI><a href="#[e6]">&gt;&gt;</a>&nbsp;&nbsp;&nbsp;test_algorithm2
<LI><a href="#[194]">&gt;&gt;</a>&nbsp;&nbsp;&nbsp;MX_GPIO_Init
</UL>

<P><STRONG><a name="[d4]"></a>HAL_GetREVID</STRONG> (Thumb, 8 bytes, Stack size 0 bytes, stm32h7xx_hal.o(i.HAL_GetREVID))
<BR><BR>[Called By]<UL><LI><a href="#[f5]">&gt;&gt;</a>&nbsp;&nbsp;&nbsp;HAL_ADC_Init
<LI><a href="#[164]">&gt;&gt;</a>&nbsp;&nbsp;&nbsp;HAL_RCC_OscConfig
<LI><a href="#[d1]">&gt;&gt;</a>&nbsp;&nbsp;&nbsp;ADC_ConfigureBoostMode
</UL>

<P><STRONG><a name="[d8]"></a>HAL_GetTick</STRONG> (Thumb, 6 bytes, Stack size 0 bytes, stm32h7xx_hal.o(i.HAL_GetTick))
<BR><BR>[Called By]<UL><LI><a href="#[103]">&gt;&gt;</a>&nbsp;&nbsp;&nbsp;HAL_ETH_Init
<LI><a href="#[f9]">&gt;&gt;</a>&nbsp;&nbsp;&nbsp;HAL_DMA_Init
<LI><a href="#[164]">&gt;&gt;</a>&nbsp;&nbsp;&nbsp;HAL_RCC_OscConfig
<LI><a href="#[161]">&gt;&gt;</a>&nbsp;&nbsp;&nbsp;HAL_RCC_ClockConfig
<LI><a href="#[15e]">&gt;&gt;</a>&nbsp;&nbsp;&nbsp;HAL_RCCEx_PeriphCLKConfig
<LI><a href="#[159]">&gt;&gt;</a>&nbsp;&nbsp;&nbsp;HAL_PWREx_ConfigSupply
<LI><a href="#[de]">&gt;&gt;</a>&nbsp;&nbsp;&nbsp;ADC_Enable
<LI><a href="#[dd]">&gt;&gt;</a>&nbsp;&nbsp;&nbsp;ADC_Disable
<LI><a href="#[d5]">&gt;&gt;</a>&nbsp;&nbsp;&nbsp;ADC_ConversionStop
<LI><a href="#[10b]">&gt;&gt;</a>&nbsp;&nbsp;&nbsp;HAL_I2C_Master_Transmit
<LI><a href="#[cf]">&gt;&gt;</a>&nbsp;&nbsp;&nbsp;HAL_I2C_IsDeviceReady
<LI><a href="#[102]">&gt;&gt;</a>&nbsp;&nbsp;&nbsp;HAL_Delay
<LI><a href="#[160]">&gt;&gt;</a>&nbsp;&nbsp;&nbsp;RCCEx_PLL3_Config
<LI><a href="#[15f]">&gt;&gt;</a>&nbsp;&nbsp;&nbsp;RCCEx_PLL2_Config
<LI><a href="#[fc]">&gt;&gt;</a>&nbsp;&nbsp;&nbsp;HAL_DMA_Abort
<LI><a href="#[10d]">&gt;&gt;</a>&nbsp;&nbsp;&nbsp;I2C_WaitOnTXISFlagUntilTimeout
<LI><a href="#[10e]">&gt;&gt;</a>&nbsp;&nbsp;&nbsp;I2C_WaitOnSTOPFlagUntilTimeout
<LI><a href="#[10a]">&gt;&gt;</a>&nbsp;&nbsp;&nbsp;I2C_WaitOnFlagUntilTimeout
<LI><a href="#[18e]">&gt;&gt;</a>&nbsp;&nbsp;&nbsp;I2C_IsAcknowledgeFailed
<LI><a href="#[1ad]">&gt;&gt;</a>&nbsp;&nbsp;&nbsp;UART_WaitOnFlagUntilTimeout
<LI><a href="#[180]">&gt;&gt;</a>&nbsp;&nbsp;&nbsp;UART_CheckIdleState
</UL>

<P><STRONG><a name="[197]"></a>HAL_I2CEx_ConfigAnalogFilter</STRONG> (Thumb, 88 bytes, Stack size 12 bytes, stm32h7xx_hal_i2c_ex.o(i.HAL_I2CEx_ConfigAnalogFilter))
<BR><BR>[Stack]<UL><LI>Max Depth = 12<LI>Call Chain = HAL_I2CEx_ConfigAnalogFilter
</UL>
<BR>[Called By]<UL><LI><a href="#[199]">&gt;&gt;</a>&nbsp;&nbsp;&nbsp;MX_I2C2_Init
<LI><a href="#[196]">&gt;&gt;</a>&nbsp;&nbsp;&nbsp;MX_I2C1_Init
</UL>

<P><STRONG><a name="[198]"></a>HAL_I2CEx_ConfigDigitalFilter</STRONG> (Thumb, 84 bytes, Stack size 12 bytes, stm32h7xx_hal_i2c_ex.o(i.HAL_I2CEx_ConfigDigitalFilter))
<BR><BR>[Stack]<UL><LI>Max Depth = 12<LI>Call Chain = HAL_I2CEx_ConfigDigitalFilter
</UL>
<BR>[Called By]<UL><LI><a href="#[199]">&gt;&gt;</a>&nbsp;&nbsp;&nbsp;MX_I2C2_Init
<LI><a href="#[196]">&gt;&gt;</a>&nbsp;&nbsp;&nbsp;MX_I2C1_Init
</UL>

<P><STRONG><a name="[190]"></a>HAL_I2C_AbortCpltCallback</STRONG> (Thumb, 2 bytes, Stack size 0 bytes, stm32h7xx_hal_i2c.o(i.HAL_I2C_AbortCpltCallback))
<BR><BR>[Called By]<UL><LI><a href="#[182]">&gt;&gt;</a>&nbsp;&nbsp;&nbsp;I2C_TreatErrorCallback
</UL>

<P><STRONG><a name="[185]"></a>HAL_I2C_AddrCallback</STRONG> (Thumb, 2 bytes, Stack size 0 bytes, stm32h7xx_hal_i2c.o(i.HAL_I2C_AddrCallback))
<BR><BR>[Called By]<UL><LI><a href="#[183]">&gt;&gt;</a>&nbsp;&nbsp;&nbsp;I2C_ITAddrCplt
</UL>

<P><STRONG><a name="[106]"></a>HAL_I2C_ER_IRQHandler</STRONG> (Thumb, 104 bytes, Stack size 8 bytes, stm32h7xx_hal_i2c.o(i.HAL_I2C_ER_IRQHandler))
<BR><BR>[Stack]<UL><LI>Max Depth = 64<LI>Call Chain = HAL_I2C_ER_IRQHandler &rArr; I2C_ITError &rArr; HAL_DMA_Abort_IT
</UL>
<BR>[Calls]<UL><LI><a href="#[107]">&gt;&gt;</a>&nbsp;&nbsp;&nbsp;I2C_ITError
</UL>
<BR>[Called By]<UL><LI><a href="#[4c]">&gt;&gt;</a>&nbsp;&nbsp;&nbsp;I2C2_ER_IRQHandler
</UL>

[...]
<BR><BR>[Stack]<UL><LI>Max Depth = 32<LI>Call Chain = RCCEx_PLL2_Config
</UL>
<BR>[Calls]<UL><LI><a href="#[d8]">&gt;&gt;</a>&nbsp;&nbsp;&nbsp;HAL_GetTick
</UL>
<BR>[Called By]<UL><LI><a href="#[15e]">&gt;&gt;</a>&nbsp;&nbsp;&nbsp;HAL_RCCEx_PeriphCLKConfig
</UL>

<P><STRONG><a name="[160]"></a>RCCEx_PLL3_Config</STRONG> (Thumb, 284 bytes, Stack size 32 bytes, stm32h7xx_hal_rcc_ex.o(i.RCCEx_PLL3_Config))
<BR><BR>[Stack]<UL><LI>Max Depth = 32<LI>Call Chain = RCCEx_PLL3_Config
</UL>
<BR>[Calls]<UL><LI><a href="#[d8]">&gt;&gt;</a>&nbsp;&nbsp;&nbsp;HAL_GetTick
</UL>
<BR>[Called By]<UL><LI><a href="#[15e]">&gt;&gt;</a>&nbsp;&nbsp;&nbsp;HAL_RCCEx_PeriphCLKConfig
</UL>

<P><STRONG><a name="[fe]"></a>DMA_CalcBaseAndBitshift</STRONG> (Thumb, 168 bytes, Stack size 0 bytes, stm32h7xx_hal_dma.o(i.DMA_CalcBaseAndBitshift))
<BR><BR>[Called By]<UL><LI><a href="#[f9]">&gt;&gt;</a>&nbsp;&nbsp;&nbsp;HAL_DMA_Init
</UL>

<P><STRONG><a name="[ff]"></a>DMA_CalcDMAMUXChannelBaseAndMask</STRONG> (Thumb, 138 bytes, Stack size 12 bytes, stm32h7xx_hal_dma.o(i.DMA_CalcDMAMUXChannelBaseAndMask))
<BR><BR>[Stack]<UL><LI>Max Depth = 12<LI>Call Chain = DMA_CalcDMAMUXChannelBaseAndMask
</UL>
<BR>[Called By]<UL><LI><a href="#[f9]">&gt;&gt;</a>&nbsp;&nbsp;&nbsp;HAL_DMA_Init
</UL>

<P><STRONG><a name="[100]"></a>DMA_CalcDMAMUXRequestGenBaseAndMask</STRONG> (Thumb, 104 bytes, Stack size 8 bytes, stm32h7xx_hal_dma.o(i.DMA_CalcDMAMUXRequestGenBaseAndMask))
<BR><BR>[Stack]<UL><LI>Max Depth = 8<LI>Call Chain = DMA_CalcDMAMUXRequestGenBaseAndMask
</UL>
<BR>[Called By]<UL><LI><a href="#[f9]">&gt;&gt;</a>&nbsp;&nbsp;&nbsp;HAL_DMA_Init
</UL>

<P><STRONG><a name="[fd]"></a>DMA_CheckFifoParam</STRONG> (Thumb, 84 bytes, Stack size 8 bytes, stm32h7xx_hal_dma.o(i.DMA_CheckFifoParam))
<BR><BR>[Stack]<UL><LI>Max Depth = 8<LI>Call Chain = DMA_CheckFifoParam
</UL>
<BR>[Called By]<UL><LI><a href="#[f9]">&gt;&gt;</a>&nbsp;&nbsp;&nbsp;HAL_DMA_Init
</UL>

<P><STRONG><a name="[101]"></a>DMA_SetConfig</STRONG> (Thumb, 518 bytes, Stack size 36 bytes, stm32h7xx_hal_dma.o(i.DMA_SetConfig))
<BR><BR>[Stack]<UL><LI>Max Depth = 36<LI>Call Chain = DMA_SetConfig
</UL>
<BR>[Called By]<UL><LI><a href="#[fb]">&gt;&gt;</a>&nbsp;&nbsp;&nbsp;HAL_DMA_Start_IT
</UL>

<P><STRONG><a name="[117]"></a>__NVIC_SetPriority</STRONG> (Thumb, 34 bytes, Stack size 0 bytes, stm32h7xx_hal_cortex.o(i.__NVIC_SetPriority))
<BR><BR>[Called By]<UL><LI><a href="#[10f]">&gt;&gt;</a>&nbsp;&nbsp;&nbsp;HAL_NVIC_SetPriority
<LI><a href="#[116]">&gt;&gt;</a>&nbsp;&nbsp;&nbsp;HAL_SYSTICK_Config
</UL>

<P><STRONG><a name="[bc]"></a>I2C_DMAAbort</STRONG> (Thumb, 20 bytes, Stack size 0 bytes, stm32h7xx_hal_i2c.o(i.I2C_DMAAbort))
<BR><BR>[Stack]<UL><LI>Max Depth = 8<LI>Call Chain = I2C_DMAAbort &rArr; I2C_TreatErrorCallback
</UL>
<BR>[Calls]<UL><LI><a href="#[182]">&gt;&gt;</a>&nbsp;&nbsp;&nbsp;I2C_TreatErrorCallback
</UL>
<BR>[Address Reference Count : 1]<UL><LI> stm32h7xx_hal_i2c.o(i.I2C_ITError)
</UL>
<P><STRONG><a name="[184]"></a>I2C_Disable_IRQ</STRONG> (Thumb, 96 bytes, Stack size 8 bytes, stm32h7xx_hal_i2c.o(i.I2C_Disable_IRQ))
<BR><BR>[Stack]<UL><LI>Max Depth = 8<LI>Call Chain = I2C_Disable_IRQ
</UL>
<BR>[Called By]<UL><LI><a href="#[18b]">&gt;&gt;</a>&nbsp;&nbsp;&nbsp;I2C_ITSlaveSeqCplt
<LI><a href="#[189]">&gt;&gt;</a>&nbsp;&nbsp;&nbsp;I2C_ITSlaveCplt
<LI><a href="#[187]">&gt;&gt;</a>&nbsp;&nbsp;&nbsp;I2C_ITListenCplt
<LI><a href="#[107]">&gt;&gt;</a>&nbsp;&nbsp;&nbsp;I2C_ITError
<LI><a href="#[183]">&gt;&gt;</a>&nbsp;&nbsp;&nbsp;I2C_ITAddrCplt
</UL>

<P><STRONG><a name="[18a]"></a>I2C_Flush_TXDR</STRONG> (Thumb, 34 bytes, Stack size 0 bytes, stm32h7xx_hal_i2c.o(i.I2C_Flush_TXDR))
<BR><BR>[Called By]<UL><LI><a href="#[bd]">&gt;&gt;</a>&nbsp;&nbsp;&nbsp;I2C_Slave_ISR_IT
<LI><a href="#[18e]">&gt;&gt;</a>&nbsp;&nbsp;&nbsp;I2C_IsAcknowledgeFailed
<LI><a href="#[189]">&gt;&gt;</a>&nbsp;&nbsp;&nbsp;I2C_ITSlaveCplt
</UL>

<P><STRONG><a name="[183]"></a>I2C_ITAddrCplt</STRONG> (Thumb, 148 bytes, Stack size 32 bytes, stm32h7xx_hal_i2c.o(i.I2C_ITAddrCplt))
<BR><BR>[Stack]<UL><LI>Max Depth = 40<LI>Call Chain = I2C_ITAddrCplt &rArr; I2C_Disable_IRQ
</UL>
<BR>[Calls]<UL><LI><a href="#[185]">&gt;&gt;</a>&nbsp;&nbsp;&nbsp;HAL_I2C_AddrCallback
<LI><a href="#[184]">&gt;&gt;</a>&nbsp;&nbsp;&nbsp;I2C_Disable_IRQ
</UL>
<BR>[Called By]<UL><LI><a href="#[bd]">&gt;&gt;</a>&nbsp;&nbsp;&nbsp;I2C_Slave_ISR_IT
</UL>

<P><STRONG><a name="[107]"></a>I2C_ITError</STRONG> (Thumb, 234 bytes, Stack size 16 bytes, stm32h7xx_hal_i2c.o(i.I2C_ITError))
<BR><BR>[Stack]<UL><LI>Max Depth = 56<LI>Call Chain = I2C_ITError &rArr; HAL_DMA_Abort_IT
</UL>
<BR>[Calls]<UL><LI><a href="#[186]">&gt;&gt;</a>&nbsp;&nbsp;&nbsp;HAL_DMA_GetState
<LI><a href="#[176]">&gt;&gt;</a>&nbsp;&nbsp;&nbsp;HAL_DMA_Abort_IT
<LI><a href="#[182]">&gt;&gt;</a>&nbsp;&nbsp;&nbsp;I2C_TreatErrorCallback
<LI><a href="#[184]">&gt;&gt;</a>&nbsp;&nbsp;&nbsp;I2C_Disable_IRQ
</UL>
<BR>[Called By]<UL><LI><a href="#[106]">&gt;&gt;</a>&nbsp;&nbsp;&nbsp;HAL_I2C_ER_IRQHandler
<LI><a href="#[bd]">&gt;&gt;</a>&nbsp;&nbsp;&nbsp;I2C_Slave_ISR_IT
<LI><a href="#[189]">&gt;&gt;</a>&nbsp;&nbsp;&nbsp;I2C_ITSlaveCplt
</UL>

<P><STRONG><a name="[187]"></a>I2C_ITListenCplt</STRONG> (Thumb, 96 bytes, Stack size 16 bytes, stm32h7xx_hal_i2c.o(i.I2C_ITListenCplt))
<BR><BR>[Stack]<UL><LI>Max Depth = 24<LI>Call Chain = I2C_ITListenCplt &rArr; I2C_Disable_IRQ
</UL>
<BR>[Calls]<UL><LI><a href="#[188]">&gt;&gt;</a>&nbsp;&nbsp;&nbsp;HAL_I2C_ListenCpltCallback
<LI><a href="#[184]">&gt;&gt;</a>&nbsp;&nbsp;&nbsp;I2C_Disable_IRQ
</UL>
<BR>[Called By]<UL><LI><a href="#[bd]">&gt;&gt;</a>&nbsp;&nbsp;&nbsp;I2C_Slave_ISR_IT
<LI><a href="#[189]">&gt;&gt;</a>&nbsp;&nbsp;&nbsp;I2C_ITSlaveCplt
</UL>

<P><STRONG><a name="[189]"></a>I2C_ITSlaveCplt</STRONG> (Thumb, 414 bytes, Stack size 40 bytes, stm32h7xx_hal_i2c.o(i.I2C_ITSlaveCplt))
<BR><BR>[Stack]<UL><LI>Max Depth = 96<LI>Call Chain = I2C_ITSlaveCplt &rArr; I2C_ITError &rArr; HAL_DMA_Abort_IT
</UL>
<BR>[Calls]<UL><LI><a href="#[18c]">&gt;&gt;</a>&nbsp;&nbsp;&nbsp;HAL_I2C_SlaveTxCpltCallback
<LI><a href="#[18d]">&gt;&gt;</a>&nbsp;&nbsp;&nbsp;HAL_I2C_SlaveRxCpltCallback
<LI><a href="#[188]">&gt;&gt;</a>&nbsp;&nbsp;&nbsp;HAL_I2C_ListenCpltCallback
<LI><a href="#[18b]">&gt;&gt;</a>&nbsp;&nbsp;&nbsp;I2C_ITSlaveSeqCplt
<LI><a href="#[187]">&gt;&gt;</a>&nbsp;&nbsp;&nbsp;I2C_ITListenCplt
<LI><a href="#[107]">&gt;&gt;</a>&nbsp;&nbsp;&nbsp;I2C_ITError
<LI><a href="#[18a]">&gt;&gt;</a>&nbsp;&nbsp;&nbsp;I2C_Flush_TXDR
<LI><a href="#[184]">&gt;&gt;</a>&nbsp;&nbsp;&nbsp;I2C_Disable_IRQ
</UL>
<BR>[Called By]<UL><LI><a href="#[bd]">&gt;&gt;</a>&nbsp;&nbsp;&nbsp;I2C_Slave_ISR_IT
</UL>

<P><STRONG><a name="[18b]"></a>I2C_ITSlaveSeqCplt</STRONG> (Thumb, 114 bytes, Stack size 16 bytes, stm32h7xx_hal_i2c.o(i.I2C_ITSlaveSeqCplt))
<BR><BR>[Stack]<UL><LI>Max Depth = 24<LI>Call Chain = I2C_ITSlaveSeqCplt &rArr; I2C_Disable_IRQ
</UL>
<BR>[Calls]<UL><LI><a href="#[18c]">&gt;&gt;</a>&nbsp;&nbsp;&nbsp;HAL_I2C_SlaveTxCpltCallback
<LI><a href="#[18d]">&gt;&gt;</a>&nbsp;&nbsp;&nbsp;HAL_I2C_SlaveRxCpltCallback
<LI><a href="#[184]">&gt;&gt;</a>&nbsp;&nbsp;&nbsp;I2C_Disable_IRQ
</UL>
<BR>[Called By]<UL><LI><a href="#[bd]">&gt;&gt;</a>&nbsp;&nbsp;&nbsp;I2C_Slave_ISR_IT
<LI><a href="#[189]">&gt;&gt;</a>&nbsp;&nbsp;&nbsp;I2C_ITSlaveCplt
</UL>

<P><STRONG><a name="[18e]"></a>I2C_IsAcknowledgeFailed</STRONG> (Thumb, 132 bytes, Stack size 24 bytes, stm32h7xx_hal_i2c.o(i.I2C_IsAcknowledgeFailed))
<BR><BR>[Stack]<UL><LI>Max Depth = 24<LI>Call Chain = I2C_IsAcknowledgeFailed
</UL>
<BR>[Calls]<UL><LI><a href="#[d8]">&gt;&gt;</a>&nbsp;&nbsp;&nbsp;HAL_GetTick
<LI><a href="#[18a]">&gt;&gt;</a>&nbsp;&nbsp;&nbsp;I2C_Flush_TXDR
</UL>
<BR>[Called By]<UL><LI><a href="#[10d]">&gt;&gt;</a>&nbsp;&nbsp;&nbsp;I2C_WaitOnTXISFlagUntilTimeout
<LI><a href="#[10e]">&gt;&gt;</a>&nbsp;&nbsp;&nbsp;I2C_WaitOnSTOPFlagUntilTimeout
</UL>

<P><STRONG><a name="[bd]"></a>I2C_Slave_ISR_IT</STRONG> (Thumb, 284 bytes, Stack size 24 bytes, stm32h7xx_hal_i2c.o(i.I2C_Slave_ISR_IT))
<BR><BR>[Stack]<UL><LI>Max Depth = 120<LI>Call Chain = I2C_Slave_ISR_IT &rArr; I2C_ITSlaveCplt &rArr; I2C_ITError &rArr; HAL_DMA_Abort_IT
</UL>
<BR>[Calls]<UL><LI><a href="#[18b]">&gt;&gt;</a>&nbsp;&nbsp;&nbsp;I2C_ITSlaveSeqCplt
<LI><a href="#[189]">&gt;&gt;</a>&nbsp;&nbsp;&nbsp;I2C_ITSlaveCplt
<LI><a href="#[187]">&gt;&gt;</a>&nbsp;&nbsp;&nbsp;I2C_ITListenCplt
<LI><a href="#[107]">&gt;&gt;</a>&nbsp;&nbsp;&nbsp;I2C_ITError
<LI><a href="#[183]">&gt;&gt;</a>&nbsp;&nbsp;&nbsp;I2C_ITAddrCplt
<LI><a href="#[18a]">&gt;&gt;</a>&nbsp;&nbsp;&nbsp;I2C_Flush_TXDR
</UL>
<BR>[Address Reference Count : 1]<UL><LI> stm32h7xx_hal_i2c.o(i.I2C_ITError)
</UL>
<P><STRONG><a name="[10c]"></a>I2C_TransferConfig</STRONG> (Thumb, 40 bytes, Stack size 16 bytes, stm32h7xx_hal_i2c.o(i.I2C_TransferConfig))
<BR><BR>[Stack]<UL><LI>Max Depth = 16<LI>Call Chain = I2C_TransferConfig
</UL>
<BR>[Called By]<UL><LI><a href="#[10b]">&gt;&gt;</a>&nbsp;&nbsp;&nbsp;HAL_I2C_Master_Transmit
</UL>

<P><STRONG><a name="[182]"></a>I2C_TreatErrorCallback</STRONG> (Thumb, 42 bytes, Stack size 8 bytes, stm32h7xx_hal_i2c.o(i.I2C_TreatErrorCallback))
<BR><BR>[Stack]<UL><LI>Max Depth = 8<LI>Call Chain = I2C_TreatErrorCallback
</UL>
<BR>[Calls]<UL><LI><a href="#[18f]">&gt;&gt;</a>&nbsp;&nbsp;&nbsp;HAL_I2C_ErrorCallback
<LI><a href="#[190]">&gt;&gt;</a>&nbsp;&nbsp;&nbsp;HAL_I2C_AbortCpltCallback
</UL>
<BR>[Called By]<UL><LI><a href="#[107]">&gt;&gt;</a>&nbsp;&nbsp;&nbsp;I2C_ITError
<LI><a href="#[bc]">&gt;&gt;</a>&nbsp;&nbsp;&nbsp;I2C_DMAAbort
</UL>

<P><STRONG><a name="[10a]"></a>I2C_WaitOnFlagUntilTimeout</STRONG> (Thumb, 90 bytes, Stack size 24 bytes, stm32h7xx_hal_i2c.o(i.I2C_WaitOnFlagUntilTimeout))
<BR><BR>[Stack]<UL><LI>Max Depth = 24<LI>Call Chain = I2C_WaitOnFlagUntilTimeout
</UL>
<BR>[Calls]<UL><LI><a href="#[d8]">&gt;&gt;</a>&nbsp;&nbsp;&nbsp;HAL_GetTick
</UL>
<BR>[Called By]<UL><LI><a href="#[10b]">&gt;&gt;</a>&nbsp;&nbsp;&nbsp;HAL_I2C_Master_Transmit
<LI><a href="#[cf]">&gt;&gt;</a>&nbsp;&nbsp;&nbsp;HAL_I2C_IsDeviceReady
</UL>

<P><STRONG><a name="[10e]"></a>I2C_WaitOnSTOPFlagUntilTimeout</STRONG> (Thumb, 78 bytes, Stack size 16 bytes, stm32h7xx_hal_i2c.o(i.I2C_WaitOnSTOPFlagUntilTimeout))
<BR><BR>[Stack]<UL><LI>Max Depth = 40<LI>Call Chain = I2C_WaitOnSTOPFlagUntilTimeout &rArr; I2C_IsAcknowledgeFailed
</UL>
<BR>[Calls]<UL><LI><a href="#[d8]">&gt;&gt;</a>&nbsp;&nbsp;&nbsp;HAL_GetTick
<LI><a href="#[18e]">&gt;&gt;</a>&nbsp;&nbsp;&nbsp;I2C_IsAcknowledgeFailed
</UL>
<BR>[Called By]<UL><LI><a href="#[10b]">&gt;&gt;</a>&nbsp;&nbsp;&nbsp;HAL_I2C_Master_Transmit
</UL>

<P><STRONG><a name="[10d]"></a>I2C_WaitOnTXISFlagUntilTimeout</STRONG> (Thumb, 82 bytes, Stack size 16 bytes, stm32h7xx_hal_i2c.o(i.I2C_WaitOnTXISFlagUntilTimeout))
<BR><BR>[Stack]<UL><LI>Max Depth = 40<LI>Call Chain = I2C_WaitOnTXISFlagUntilTimeout &rArr; I2C_IsAcknowledgeFailed
</UL>
<BR>[Calls]<UL><LI><a href="#[d8]">&gt;&gt;</a>&nbsp;&nbsp;&nbsp;HAL_GetTick
<LI><a href="#[18e]">&gt;&gt;</a>&nbsp;&nbsp;&nbsp;I2C_IsAcknowledgeFailed
</UL>
<BR>[Called By]<UL><LI><a href="#[10b]">&gt;&gt;</a>&nbsp;&nbsp;&nbsp;HAL_I2C_Master_Transmit
</UL>

<P><STRONG><a name="[d7]"></a>LL_ADC_INJ_IsConversionOngoing</STRONG> (Thumb, 8 bytes, Stack size 0 bytes, stm32h7xx_hal_adc.o(i.LL_ADC_INJ_IsConversionOngoing))
<BR><BR>[Called By]<UL><LI><a href="#[f5]">&gt;&gt;</a>&nbsp;&nbsp;&nbsp;HAL_ADC_Init
<LI><a href="#[f1]">&gt;&gt;</a>&nbsp;&nbsp;&nbsp;HAL_ADC_ConfigChannel
<LI><a href="#[d5]">&gt;&gt;</a>&nbsp;&nbsp;&nbsp;ADC_ConversionStop
</UL>

<P><STRONG><a name="[d6]"></a>LL_ADC_REG_IsConversionOngoing</STRONG> (Thumb, 8 bytes, Stack size 0 bytes, stm32h7xx_hal_adc.o(i.LL_ADC_REG_IsConversionOngoing))
<BR><BR>[Called By]<UL><LI><a href="#[f5]">&gt;&gt;</a>&nbsp;&nbsp;&nbsp;HAL_ADC_Init
<LI><a href="#[f1]">&gt;&gt;</a>&nbsp;&nbsp;&nbsp;HAL_ADC_ConfigChannel
<LI><a href="#[e2]">&gt;&gt;</a>&nbsp;&nbsp;&nbsp;HAL_ADC_Start_DMA
<LI><a href="#[d5]">&gt;&gt;</a>&nbsp;&nbsp;&nbsp;ADC_ConversionStop
</UL>

<P><STRONG><a name="[da]"></a>LL_ADC_REG_IsTriggerSourceSWStart</STRONG> (Thumb, 16 bytes, Stack size 0 bytes, stm32h7xx_hal_adc.o(i.LL_ADC_REG_IsTriggerSourceSWStart))
<BR><BR>[Called By]<UL><LI><a href="#[b8]">&gt;&gt;</a>&nbsp;&nbsp;&nbsp;ADC_DMAConvCplt
</UL>

<P><STRONG><a name="[f2]"></a>LL_ADC_SetChannelSamplingTime</STRONG> (Thumb, 30 bytes, Stack size 8 bytes, stm32h7xx_hal_adc.o(i.LL_ADC_SetChannelSamplingTime))
<BR><BR>[Stack]<UL><LI>Max Depth = 8<LI>Call Chain = LL_ADC_SetChannelSamplingTime
</UL>
<BR>[Called By]<UL><LI><a href="#[f1]">&gt;&gt;</a>&nbsp;&nbsp;&nbsp;HAL_ADC_ConfigChannel
</UL>

<P><STRONG><a name="[f0]"></a>LL_ADC_REG_IsConversionOngoing</STRONG> (Thumb, 8 bytes, Stack size 0 bytes, stm32h7xx_hal_adc_ex.o(i.LL_ADC_REG_IsConversionOngoing))
<BR><BR>[Called By]<UL><LI><a href="#[ef]">&gt;&gt;</a>&nbsp;&nbsp;&nbsp;HAL_ADCEx_MultiModeConfigChannel
</UL>

<P><STRONG><a name="[eb]"></a>ETH_MACDMAConfig</STRONG> (Thumb, 216 bytes, Stack size 152 bytes, stm32h7xx_hal_eth.o(i.ETH_MACDMAConfig))
<BR><BR>[Stack]<UL><LI>Max Depth = 172<LI>Call Chain = ETH_MACDMAConfig &rArr; ETH_SetMACConfig
</UL>
<BR>[Calls]<UL><LI><a href="#[ec]">&gt;&gt;</a>&nbsp;&nbsp;&nbsp;ETH_SetMACConfig
<LI><a href="#[ed]">&gt;&gt;</a>&nbsp;&nbsp;&nbsp;ETH_SetDMAConfig
</UL>
<BR>[Called By]<UL><LI><a href="#[103]">&gt;&gt;</a>&nbsp;&nbsp;&nbsp;HAL_ETH_Init
</UL>

<P><STRONG><a name="[ed]"></a>ETH_SetDMAConfig</STRONG> (Thumb, 168 bytes, Stack size 20 bytes, stm32h7xx_hal_eth.o(i.ETH_SetDMAConfig))
<BR><BR>[Stack]<UL><LI>Max Depth = 20<LI>Call Chain = ETH_SetDMAConfig
</UL>
<BR>[Called By]<UL><LI><a href="#[eb]">&gt;&gt;</a>&nbsp;&nbsp;&nbsp;ETH_MACDMAConfig
</UL>

<P><STRONG><a name="[ec]"></a>ETH_SetMACConfig</STRONG> (Thumb, 416 bytes, Stack size 20 bytes, stm32h7xx_hal_eth.o(i.ETH_SetMACConfig))
<BR><BR>[Stack]<UL><LI>Max Depth = 20<LI>Call Chain = ETH_SetMACConfig
</UL>
<BR>[Called By]<UL><LI><a href="#[eb]">&gt;&gt;</a>&nbsp;&nbsp;&nbsp;ETH_MACDMAConfig
</UL>

<P><STRONG><a name="[bb]"></a>UART_DMAAbortOnError</STRONG> (Thumb, 20 bytes, Stack size 8 bytes, stm32h7xx_hal_uart.o(i.UART_DMAAbortOnError))
<BR><BR>[Stack]<UL><LI>Max Depth = 8<LI>Call Chain = UART_DMAAbortOnError
</UL>
<BR>[Calls]<UL><LI><a href="#[177]">&gt;&gt;</a>&nbsp;&nbsp;&nbsp;HAL_UART_ErrorCallback
</UL>
<BR>[Address Reference Count : 1]<UL><LI> stm32h7xx_hal_uart.o(i.HAL_UART_IRQHandler)
</UL>
<P><STRONG><a name="[175]"></a>UART_EndRxTransfer</STRONG> (Thumb, 34 bytes, Stack size 12 bytes, stm32h7xx_hal_uart.o(i.UART_EndRxTransfer))
<BR><BR>[Stack]<UL><LI>Max Depth = 12<LI>Call Chain = UART_EndRxTransfer
</UL>
<BR>[Called By]<UL><LI><a href="#[174]">&gt;&gt;</a>&nbsp;&nbsp;&nbsp;HAL_UART_IRQHandler
</UL>

<P><STRONG><a name="[172]"></a>UARTEx_SetNbDataToProcess</STRONG> (Thumb, 82 bytes, Stack size 28 bytes, stm32h7xx_hal_uart_ex.o(i.UARTEx_SetNbDataToProcess))
<BR><BR>[Stack]<UL><LI>Max Depth = 28<LI>Call Chain = UARTEx_SetNbDataToProcess
</UL>
<BR>[Called By]<UL><LI><a href="#[173]">&gt;&gt;</a>&nbsp;&nbsp;&nbsp;HAL_UARTEx_SetTxFifoThreshold
<LI><a href="#[171]">&gt;&gt;</a>&nbsp;&nbsp;&nbsp;HAL_UARTEx_SetRxFifoThreshold
</UL>

<P><STRONG><a name="[1bf]"></a>USBD_GetDescriptor</STRONG> (Thumb, 232 bytes, Stack size 24 bytes, usbd_ctlreq.o(i.USBD_GetDescriptor))
<BR><BR>[Stack]<UL><LI>Max Depth = 96<LI>Call Chain = USBD_GetDescriptor &rArr; USBD_CtlSendData &rArr; USBD_LL_Transmit &rArr; HAL_PCD_EP_Transmit &rArr; USB_EPStartXfer &rArr; USB_WritePacket
</UL>
<BR>[Calls]<UL><LI><a href="#[1b6]">&gt;&gt;</a>&nbsp;&nbsp;&nbsp;USBD_CtlSendData
<LI><a href="#[1b7]">&gt;&gt;</a>&nbsp;&nbsp;&nbsp;USBD_CtlError
<LI><a href="#[1bc]">&gt;&gt;</a>&nbsp;&nbsp;&nbsp;USBD_CtlSendStatus
</UL>
<BR>[Called By]<UL><LI><a href="#[1c8]">&gt;&gt;</a>&nbsp;&nbsp;&nbsp;USBD_StdDevReq
</UL>

<P><STRONG><a name="[1cc]"></a>USBD_SetConfig</STRONG> (Thumb, 130 bytes, Stack size 16 bytes, usbd_ctlreq.o(i.USBD_SetConfig))
<BR><BR>[Stack]<UL><LI>Max Depth = 88<LI>Call Chain = USBD_SetConfig &rArr; USBD_CtlSendStatus &rArr; USBD_LL_Transmit &rArr; HAL_PCD_EP_Transmit &rArr; USB_EPStartXfer &rArr; USB_WritePacket
</UL>
<BR>[Calls]<UL><LI><a href="#[1b7]">&gt;&gt;</a>&nbsp;&nbsp;&nbsp;USBD_CtlError
<LI><a href="#[1bc]">&gt;&gt;</a>&nbsp;&nbsp;&nbsp;USBD_CtlSendStatus
<LI><a href="#[1ce]">&gt;&gt;</a>&nbsp;&nbsp;&nbsp;USBD_SetClassConfig
<LI><a href="#[1cd]">&gt;&gt;</a>&nbsp;&nbsp;&nbsp;USBD_ClrClassConfig
</UL>
<BR>[Called By]<UL><LI><a href="#[1c8]">&gt;&gt;</a>&nbsp;&nbsp;&nbsp;USBD_StdDevReq
</UL>

<P><STRONG><a name="[10]"></a>USBD_CDC_DataIn</STRONG> (Thumb, 74 bytes, Stack size 24 bytes, usbd_cdc.o(i.USBD_CDC_DataIn))
<BR><BR>[Stack]<UL><LI>Max Depth = 88<LI>Call Chain = USBD_CDC_DataIn &rArr; USBD_LL_Transmit &rArr; HAL_PCD_EP_Transmit &rArr; USB_EPStartXfer &rArr; USB_WritePacket
</UL>
<BR>[Calls]<UL><LI><a href="#[1ae]">&gt;&gt;</a>&nbsp;&nbsp;&nbsp;USBD_LL_Transmit
</UL>
<BR>[Address Reference Count : 1]<UL><LI> usbd_cdc.o(.data)
</UL>
<P><STRONG><a name="[11]"></a>USBD_CDC_DataOut</STRONG> (Thumb, 46 bytes, Stack size 16 bytes, usbd_cdc.o(i.USBD_CDC_DataOut))
<BR><BR>[Stack]<UL><LI>Max Depth = 16<LI>Call Chain = USBD_CDC_DataOut
</UL>
<BR>[Calls]<UL><LI><a href="#[1af]">&gt;&gt;</a>&nbsp;&nbsp;&nbsp;USBD_LL_GetRxDataSize
</UL>
<BR>[Address Reference Count : 1]<UL><LI> usbd_cdc.o(.data)
</UL>
<P><STRONG><a name="[d]"></a>USBD_CDC_DeInit</STRONG> (Thumb, 68 bytes, Stack size 16 bytes, usbd_cdc.o(i.USBD_CDC_DeInit))
<BR><BR>[Stack]<UL><LI>Max Depth = 52<LI>Call Chain = USBD_CDC_DeInit &rArr; USBD_LL_CloseEP &rArr; HAL_PCD_EP_Close &rArr; USB_DeactivateEndpoint
</UL>
<BR>[Calls]<UL><LI><a href="#[1b0]">&gt;&gt;</a>&nbsp;&nbsp;&nbsp;USBD_LL_CloseEP
<LI><a href="#[1b1]">&gt;&gt;</a>&nbsp;&nbsp;&nbsp;free
</UL>
<BR>[Address Reference Count : 1]<UL><LI> usbd_cdc.o(.data)
</UL>
<P><STRONG><a name="[f]"></a>USBD_CDC_EP0_RxReady</STRONG> (Thumb, 36 bytes, Stack size 8 bytes, usbd_cdc.o(i.USBD_CDC_EP0_RxReady))
<BR><BR>[Stack]<UL><LI>Max Depth = 8<LI>Call Chain = USBD_CDC_EP0_RxReady
</UL>
<BR>[Address Reference Count : 1]<UL><LI> usbd_cdc.o(.data)
</UL>
<P><STRONG><a name="[13]"></a>USBD_CDC_GetFSCfgDesc</STRONG> (Thumb, 8 bytes, Stack size 0 bytes, usbd_cdc.o(i.USBD_CDC_GetFSCfgDesc))
<BR>[Address Reference Count : 1]<UL><LI> usbd_cdc.o(.data)
</UL>
<P><STRONG><a name="[12]"></a>USBD_CDC_GetHSCfgDesc</STRONG> (Thumb, 8 bytes, Stack size 0 bytes, usbd_cdc.o(i.USBD_CDC_GetHSCfgDesc))
<BR>[Address Reference Count : 1]<UL><LI> usbd_cdc.o(.data)
</UL>
<P><STRONG><a name="[14]"></a>USBD_CDC_GetOtherSpeedCfgDesc</STRONG> (Thumb, 8 bytes, Stack size 0 bytes, usbd_cdc.o(i.USBD_CDC_GetOtherSpeedCfgDesc))
<BR>[Address Reference Count : 1]<UL><LI> usbd_cdc.o(.data)
</UL>
<P><STRONG><a name="[c]"></a>USBD_CDC_Init</STRONG> (Thumb, 148 bytes, Stack size 24 bytes, usbd_cdc.o(i.USBD_CDC_Init))
<BR><BR>[Stack]<UL><LI>Max Depth = 80<LI>Call Chain = USBD_CDC_Init &rArr; USBD_LL_PrepareReceive &rArr; HAL_PCD_EP_Receive &rArr; USB_EPStartXfer &rArr; USB_WritePacket
</UL>
<BR>[Calls]<UL><LI><a href="#[1b4]">&gt;&gt;</a>&nbsp;&nbsp;&nbsp;USBD_LL_PrepareReceive
<LI><a href="#[1b2]">&gt;&gt;</a>&nbsp;&nbsp;&nbsp;USBD_LL_OpenEP
<LI><a href="#[1b3]">&gt;&gt;</a>&nbsp;&nbsp;&nbsp;malloc
</UL>
<BR>[Address Reference Count : 1]<UL><LI> usbd_cdc.o(.data)
</UL>
<P><STRONG><a name="[e]"></a>USBD_CDC_Setup</STRONG> (Thumb, 174 bytes, Stack size 32 bytes, usbd_cdc.o(i.USBD_CDC_Setup))
<BR><BR>[Stack]<UL><LI>Max Depth = 104<LI>Call Chain = USBD_CDC_Setup &rArr; USBD_CtlSendData &rArr; USBD_LL_Transmit &rArr; HAL_PCD_EP_Transmit &rArr; USB_EPStartXfer &rArr; USB_WritePacket
</UL>
<BR>[Calls]<UL><LI><a href="#[1b5]">&gt;&gt;</a>&nbsp;&nbsp;&nbsp;USBD_CtlPrepareRx
<LI><a href="#[1b6]">&gt;&gt;</a>&nbsp;&nbsp;&nbsp;USBD_CtlSendData
<LI><a href="#[1b7]">&gt;&gt;</a>&nbsp;&nbsp;&nbsp;USBD_CtlError
</UL>
<BR>[Address Reference Count : 1]<UL><LI> usbd_cdc.o(.data)
</UL><P>
<H3>
Undefined Global Symbols
</H3><HR></body></html>
