Component: ARM Compiler 5.06 update 6 (build 750) Tool: armlink [4d35ed]

==============================================================================

Section Cross References

    startup_stm32h743xx.o(RESET) refers to startup_stm32h743xx.o(STACK) for __initial_sp
    startup_stm32h743xx.o(RESET) refers to startup_stm32h743xx.o(.text) for Reset_Handler
    startup_stm32h743xx.o(RESET) refers to stm32h7xx_it.o(i.NMI_Handler) for NMI_Handler
    startup_stm32h743xx.o(RESET) refers to stm32h7xx_it.o(i.HardFault_Handler) for HardFault_Handler
    startup_stm32h743xx.o(RESET) refers to stm32h7xx_it.o(i.MemManage_Handler) for MemManage_Handler
    startup_stm32h743xx.o(RESET) refers to stm32h7xx_it.o(i.BusFault_Handler) for BusFault_Handler
    startup_stm32h743xx.o(RESET) refers to stm32h7xx_it.o(i.UsageFault_Handler) for UsageFault_Handler
    startup_stm32h743xx.o(RESET) refers to stm32h7xx_it.o(i.SVC_Handler) for SVC_Handler
    startup_stm32h743xx.o(RESET) refers to stm32h7xx_it.o(i.DebugMon_Handler) for DebugMon_Handler
    startup_stm32h743xx.o(RESET) refers to stm32h7xx_it.o(i.PendSV_Handler) for PendSV_Handler
    startup_stm32h743xx.o(RESET) refers to stm32h7xx_it.o(i.SysTick_Handler) for SysTick_Handler
    startup_stm32h743xx.o(RESET) refers to stm32h7xx_it.o(i.DMA1_Stream0_IRQHandler) for DMA1_Stream0_IRQHandler
    startup_stm32h743xx.o(RESET) refers to stm32h7xx_it.o(i.I2C2_EV_IRQHandler) for I2C2_EV_IRQHandler
    startup_stm32h743xx.o(RESET) refers to stm32h7xx_it.o(i.I2C2_ER_IRQHandler) for I2C2_ER_IRQHandler
    startup_stm32h743xx.o(RESET) refers to stm32h7xx_it.o(i.USART3_IRQHandler) for USART3_IRQHandler
    startup_stm32h743xx.o(RESET) refers to stm32h7xx_it.o(i.UART4_IRQHandler) for UART4_IRQHandler
    startup_stm32h743xx.o(RESET) refers to stm32h7xx_it.o(i.TIM6_DAC_IRQHandler) for TIM6_DAC_IRQHandler
    startup_stm32h743xx.o(RESET) refers to stm32h7xx_it.o(i.TIM7_IRQHandler) for TIM7_IRQHandler
    startup_stm32h743xx.o(RESET) refers to stm32h7xx_it.o(i.OTG_FS_IRQHandler) for OTG_FS_IRQHandler
    startup_stm32h743xx.o(.text) refers to system_stm32h7xx.o(i.SystemInit) for SystemInit
    startup_stm32h743xx.o(.text) refers to entry.o(.ARM.Collect$$$$00000000) for __main
    main.o(i.ADC_data_read) refers to adc_input.o(i.filter_moving_average) for filter_moving_average
    main.o(i.ADC_data_read) refers to adc_input.o(i.moving_average_value_to_float) for moving_average_value_to_float
    main.o(i.ADC_data_read) refers to stm32h7xx_hal_adc.o(i.HAL_ADC_Start_DMA) for HAL_ADC_Start_DMA
    main.o(i.ADC_data_read) refers to adc_input.o(.data) for flag_adc_dma
    main.o(i.ADC_data_read) refers to main.o(.data) for .data
    main.o(i.ADC_data_read) refers to adc_input.o(.data) for ADC_11
    main.o(i.ADC_data_read) refers to adc_input.o(.data) for ADC_12
    main.o(i.ADC_data_read) refers to adc_input.o(.data) for filter_reg1
    main.o(i.ADC_data_read) refers to adc_input.o(.bss) for buf_11
    main.o(i.ADC_data_read) refers to adc_input.o(.data) for filter_value11
    main.o(i.ADC_data_read) refers to adc_input.o(.data) for adc_average_value1
    main.o(i.ADC_data_read) refers to adc_input.o(.data) for filter_reg2
    main.o(i.ADC_data_read) refers to adc_input.o(.bss) for buf_12
    main.o(i.ADC_data_read) refers to adc_input.o(.data) for filter_value12
    main.o(i.ADC_data_read) refers to adc_input.o(.data) for adc_average_value2
    main.o(i.ADC_data_read) refers to adc.o(.bss) for hadc1
    main.o(i.Algorithm_process) refers to test_algorithm3.o(i.test_algorithm3) for test_algorithm3
    main.o(i.Algorithm_process) refers to test_algorithm1.o(i.test_algorithm1) for test_algorithm1
    main.o(i.Algorithm_process) refers to test_algorithm2.o(i.test_algorithm2) for test_algorithm2
    main.o(i.Algorithm_process) refers to output.o(.data) for OUTPUT_CURRENT_ALGORITHM
    main.o(i.Algorithm_process) refers to main.o(.data) for .data
    main.o(i.Get_current_algorithm) refers to output.o(.data) for OUTPUT_CURRENT_ALGORITHM
    main.o(i.HAL_ADC_ConvCpltCallback) refers to main.o(i.SCB_InvalidateDCache_by_Addr) for SCB_InvalidateDCache_by_Addr
    main.o(i.HAL_ADC_ConvCpltCallback) refers to stm32h7xx_hal_adc.o(i.HAL_ADC_Stop_DMA) for HAL_ADC_Stop_DMA
    main.o(i.HAL_ADC_ConvCpltCallback) refers to main.o(.data) for .data
    main.o(i.HAL_ADC_ConvCpltCallback) refers to adc.o(.bss) for hadc1
    main.o(i.HAL_ADC_ConvCpltCallback) refers to adc_input.o(.data) for flag_adc_dma
    main.o(i.HAL_ADC_ConvHalfCpltCallback) refers to main.o(i.SCB_InvalidateDCache_by_Addr) for SCB_InvalidateDCache_by_Addr
    main.o(i.HAL_ADC_ConvHalfCpltCallback) refers to main.o(.data) for .data
    main.o(i.HAL_TIM_PeriodElapsedCallback) refers to porttimer.o(.data) for counter_Timer6
    main.o(i.HAL_TIM_PeriodElapsedCallback) refers to mb.o(.data) for pxMBPortCBTimerExpired
    main.o(i.HAL_TIM_PeriodElapsedCallback) refers to timer.o(.data) for Timer_Tick
[...]
    HAL_I2C_SlaveTxCpltCallback              0x0800388b   Thumb Code     2  stm32h7xx_hal_i2c.o(i.HAL_I2C_SlaveTxCpltCallback)
    HAL_IncTick                              0x0800388d   Thumb Code    12  stm32h7xx_hal.o(i.HAL_IncTick)
    HAL_Init                                 0x0800389d   Thumb Code    74  stm32h7xx_hal.o(i.HAL_Init)
    HAL_InitTick                             0x080038f9   Thumb Code    56  stm32h7xx_hal.o(i.HAL_InitTick)
    HAL_MspInit                              0x08003939   Thumb Code    22  stm32h7xx_hal_msp.o(i.HAL_MspInit)
    HAL_NVIC_EnableIRQ                       0x08003955   Thumb Code    26  stm32h7xx_hal_cortex.o(i.HAL_NVIC_EnableIRQ)
    HAL_NVIC_SetPriority                     0x08003971   Thumb Code    60  stm32h7xx_hal_cortex.o(i.HAL_NVIC_SetPriority)
    HAL_NVIC_SetPriorityGrouping             0x080039b1   Thumb Code    28  stm32h7xx_hal_cortex.o(i.HAL_NVIC_SetPriorityGrouping)
    HAL_PCDEx_ActivateLPM                    0x080039d5   Thumb Code    34  stm32h7xx_hal_pcd_ex.o(i.HAL_PCDEx_ActivateLPM)
    HAL_PCDEx_LPM_Callback                   0x080039fd   Thumb Code     2  stm32h7xx_hal_pcd_ex.o(i.HAL_PCDEx_LPM_Callback)
    HAL_PCDEx_SetRxFiFo                      0x080039ff   Thumb Code     8  stm32h7xx_hal_pcd_ex.o(i.HAL_PCDEx_SetRxFiFo)
    HAL_PCDEx_SetTxFiFo                      0x08003a07   Thumb Code    70  stm32h7xx_hal_pcd_ex.o(i.HAL_PCDEx_SetTxFiFo)
    HAL_PCD_ConnectCallback                  0x08003a4d   Thumb Code     8  usbd_conf.o(i.HAL_PCD_ConnectCallback)
    HAL_PCD_DataInStageCallback              0x08003a55   Thumb Code    18  usbd_conf.o(i.HAL_PCD_DataInStageCallback)
    HAL_PCD_DataOutStageCallback             0x08003a67   Thumb Code    20  usbd_conf.o(i.HAL_PCD_DataOutStageCallback)
    HAL_PCD_DisconnectCallback               0x08003a7b   Thumb Code     8  usbd_conf.o(i.HAL_PCD_DisconnectCallback)
    HAL_PCD_EP_Close                         0x08003a83   Thumb Code    76  stm32h7xx_hal_pcd.o(i.HAL_PCD_EP_Close)
    HAL_PCD_EP_ClrStall                      0x08003acf   Thumb Code    92  stm32h7xx_hal_pcd.o(i.HAL_PCD_EP_ClrStall)
    HAL_PCD_EP_GetRxCount                    0x08003b2b   Thumb Code    18  stm32h7xx_hal_pcd.o(i.HAL_PCD_EP_GetRxCount)
    HAL_PCD_EP_Open                          0x08003b3d   Thumb Code    96  stm32h7xx_hal_pcd.o(i.HAL_PCD_EP_Open)
    HAL_PCD_EP_Receive                       0x08003b9d   Thumb Code    68  stm32h7xx_hal_pcd.o(i.HAL_PCD_EP_Receive)
    HAL_PCD_EP_SetStall                      0x08003be1   Thumb Code   116  stm32h7xx_hal_pcd.o(i.HAL_PCD_EP_SetStall)
    HAL_PCD_EP_Transmit                      0x08003c55   Thumb Code    68  stm32h7xx_hal_pcd.o(i.HAL_PCD_EP_Transmit)
    HAL_PCD_IRQHandler                       0x08003c99   Thumb Code  1134  stm32h7xx_hal_pcd.o(i.HAL_PCD_IRQHandler)
    HAL_PCD_ISOINIncompleteCallback          0x0800410d   Thumb Code     8  usbd_conf.o(i.HAL_PCD_ISOINIncompleteCallback)
    HAL_PCD_ISOOUTIncompleteCallback         0x08004115   Thumb Code     8  usbd_conf.o(i.HAL_PCD_ISOOUTIncompleteCallback)
    HAL_PCD_Init                             0x0800411d   Thumb Code   242  stm32h7xx_hal_pcd.o(i.HAL_PCD_Init)
    HAL_PCD_MspInit                          0x08004211   Thumb Code   108  usbd_conf.o(i.HAL_PCD_MspInit)
    HAL_PCD_ResetCallback                    0x08004289   Thumb Code    44  usbd_conf.o(i.HAL_PCD_ResetCallback)
    HAL_PCD_ResumeCallback                   0x080042b5   Thumb Code     8  usbd_conf.o(i.HAL_PCD_ResumeCallback)
    HAL_PCD_SOFCallback                      0x080042bd   Thumb Code     8  usbd_conf.o(i.HAL_PCD_SOFCallback)
    HAL_PCD_SetAddress                       0x080042c5   Thumb Code    40  stm32h7xx_hal_pcd.o(i.HAL_PCD_SetAddress)
    HAL_PCD_SetupStageCallback               0x080042ed   Thumb Code    14  usbd_conf.o(i.HAL_PCD_SetupStageCallback)
    HAL_PCD_Start                            0x080042fb   Thumb Code    66  stm32h7xx_hal_pcd.o(i.HAL_PCD_Start)
    HAL_PCD_SuspendCallback                  0x0800433d   Thumb Code    44  usbd_conf.o(i.HAL_PCD_SuspendCallback)
    HAL_PWREx_ConfigSupply                   0x0800436d   Thumb Code    78  stm32h7xx_hal_pwr_ex.o(i.HAL_PWREx_ConfigSupply)
    HAL_PWREx_EnableUSBVoltageDetector       0x080043c1   Thumb Code    12  stm32h7xx_hal_pwr_ex.o(i.HAL_PWREx_EnableUSBVoltageDetector)
    HAL_RCCEx_GetD3PCLK1Freq                 0x080043d1   Thumb Code    26  stm32h7xx_hal_rcc_ex.o(i.HAL_RCCEx_GetD3PCLK1Freq)
    HAL_RCCEx_GetPLL1ClockFreq               0x080043f5   Thumb Code   296  stm32h7xx_hal_rcc_ex.o(i.HAL_RCCEx_GetPLL1ClockFreq)
    HAL_RCCEx_GetPLL2ClockFreq               0x08004539   Thumb Code   296  stm32h7xx_hal_rcc_ex.o(i.HAL_RCCEx_GetPLL2ClockFreq)
    HAL_RCCEx_GetPLL3ClockFreq               0x0800467d   Thumb Code   296  stm32h7xx_hal_rcc_ex.o(i.HAL_RCCEx_GetPLL3ClockFreq)
    HAL_RCCEx_GetPeriphCLKFreq               0x080047c1   Thumb Code   456  stm32h7xx_hal_rcc_ex.o(i.HAL_RCCEx_GetPeriphCLKFreq)
    HAL_RCCEx_PeriphCLKConfig                0x08004999   Thumb Code  2204  stm32h7xx_hal_rcc_ex.o(i.HAL_RCCEx_PeriphCLKConfig)
    HAL_RCC_ClockConfig                      0x08005235   Thumb Code   580  stm32h7xx_hal_rcc.o(i.HAL_RCC_ClockConfig)
    HAL_RCC_GetHCLKFreq                      0x08005491   Thumb Code    52  stm32h7xx_hal_rcc.o(i.HAL_RCC_GetHCLKFreq)
    HAL_RCC_GetPCLK1Freq                     0x080054d5   Thumb Code    26  stm32h7xx_hal_rcc.o(i.HAL_RCC_GetPCLK1Freq)
    HAL_RCC_GetPCLK2Freq                     0x080054f9   Thumb Code    26  stm32h7xx_hal_rcc.o(i.HAL_RCC_GetPCLK2Freq)
    HAL_RCC_GetSysClockFreq                  0x0800551d   Thumb Code   278  stm32h7xx_hal_rcc.o(i.HAL_RCC_GetSysClockFreq)
    HAL_RCC_OscConfig                        0x08005655   Thumb Code  1258  stm32h7xx_hal_rcc.o(i.HAL_RCC_OscConfig)
    HAL_SYSCFG_ETHInterfaceSelect            0x08005b41   Thumb Code    14  stm32h7xx_hal.o(i.HAL_SYSCFG_ETHInterfaceSelect)
    HAL_SYSTICK_Config                       0x08005b55   Thumb Code    38  stm32h7xx_hal_cortex.o(i.HAL_SYSTICK_Config)
    HAL_TIMEx_Break2Callback                 0x08005b7b   Thumb Code     2  stm32h7xx_hal_tim_ex.o(i.HAL_TIMEx_Break2Callback)
    HAL_TIMEx_BreakCallback                  0x08005b7d   Thumb Code     2  stm32h7xx_hal_tim_ex.o(i.HAL_TIMEx_BreakCallback)
    HAL_TIMEx_CommutCallback                 0x08005b7f   Thumb Code     2  stm32h7xx_hal_tim_ex.o(i.HAL_TIMEx_CommutCallback)
    HAL_TIMEx_MasterConfigSynchronization    0x08005b81   Thumb Code   128  stm32h7xx_hal_tim_ex.o(i.HAL_TIMEx_MasterConfigSynchronization)
    HAL_TIM_Base_Init                        0x08005c19   Thumb Code    54  stm32h7xx_hal_tim.o(i.HAL_TIM_Base_Init)
    HAL_TIM_Base_MspInit                     0x08005c51   Thumb Code    86  tim.o(i.HAL_TIM_Base_MspInit)
    HAL_TIM_Base_Start_IT                    0x08005cb5   Thumb Code    40  stm32h7xx_hal_tim.o(i.HAL_TIM_Base_Start_IT)
    HAL_TIM_Base_Stop_IT                     0x08005ce1   Thumb Code    42  stm32h7xx_hal_tim.o(i.HAL_TIM_Base_Stop_IT)
    HAL_TIM_IC_CaptureCallback               0x08005d0b   Thumb Code     2  stm32h7xx_hal_tim.o(i.HAL_TIM_IC_CaptureCallback)
    HAL_TIM_IRQHandler                       0x08005d0d   Thumb Code   386  stm32h7xx_hal_tim.o(i.HAL_TIM_IRQHandler)
    HAL_TIM_OC_DelayElapsedCallback          0x08005e8f   Thumb Code     2  stm32h7xx_hal_tim.o(i.HAL_TIM_OC_DelayElapsedCallback)
    HAL_TIM_PWM_PulseFinishedCallback        0x08005e91   Thumb Code     2  stm32h7xx_hal_tim.o(i.HAL_TIM_PWM_PulseFinishedCallback)
    HAL_TIM_PeriodElapsedCallback            0x08005e95   Thumb Code    62  main.o(i.HAL_TIM_PeriodElapsedCallback)
    HAL_TIM_TriggerCallback                  0x08005ef1   Thumb Code     2  stm32h7xx_hal_tim.o(i.HAL_TIM_TriggerCallback)
    HAL_UARTEx_DisableFifoMode               0x08005ef3   Thumb Code    64  stm32h7xx_hal_uart_ex.o(i.HAL_UARTEx_DisableFifoMode)
    HAL_UARTEx_RxFifoFullCallback            0x08005f33   Thumb Code     2  stm32h7xx_hal_uart_ex.o(i.HAL_UARTEx_RxFifoFullCallback)
    HAL_UARTEx_SetRxFifoThreshold            0x08005f35   Thumb Code    76  stm32h7xx_hal_uart_ex.o(i.HAL_UARTEx_SetRxFifoThreshold)
    HAL_UARTEx_SetTxFifoThreshold            0x08005f81   Thumb Code    76  stm32h7xx_hal_uart_ex.o(i.HAL_UARTEx_SetTxFifoThreshold)
    HAL_UARTEx_TxFifoEmptyCallback           0x08005fcd   Thumb Code     2  stm32h7xx_hal_uart_ex.o(i.HAL_UARTEx_TxFifoEmptyCallback)
    HAL_UARTEx_WakeupCallback                0x08005fcf   Thumb Code     2  stm32h7xx_hal_uart_ex.o(i.HAL_UARTEx_WakeupCallback)
    HAL_UART_ErrorCallback                   0x08005fd1   Thumb Code     2  stm32h7xx_hal_uart.o(i.HAL_UART_ErrorCallback)
    HAL_UART_IRQHandler                      0x08005fd5   Thumb Code   436  stm32h7xx_hal_uart.o(i.HAL_UART_IRQHandler)
    HAL_UART_Init                            0x08006195   Thumb Code   106  stm32h7xx_hal_uart.o(i.HAL_UART_Init)
    HAL_UART_MspInit                         0x08006201   Thumb Code   218  usart.o(i.HAL_UART_MspInit)
    HAL_UART_TxCpltCallback                  0x080062f5   Thumb Code     2  stm32h7xx_hal_uart.o(i.HAL_UART_TxCpltCallback)
    HardFault_Handler                        0x080062f7   Thumb Code     2  stm32h7xx_it.o(i.HardFault_Handler)
    I2C2_ER_IRQHandler                       0x080062f9   Thumb Code     6  stm32h7xx_it.o(i.I2C2_ER_IRQHandler)
    I2C2_EV_IRQHandler                       0x08006305   Thumb Code     6  stm32h7xx_it.o(i.I2C2_EV_IRQHandler)
    MX_ADC1_Init                             0x08006b51   Thumb Code   150  adc.o(i.MX_ADC1_Init)
    MX_DMA_Init                              0x08006bf9   Thumb Code    40  dma.o(i.MX_DMA_Init)
    MX_ETH_Init                              0x08006c25   Thumb Code    94  eth.o(i.MX_ETH_Init)
    MX_GPIO_Init                             0x08006c95   Thumb Code   298  gpio.o(i.MX_GPIO_Init)
    MX_I2C1_Init                             0x08006dd9   Thumb Code    76  i2c.o(i.MX_I2C1_Init)
    MX_I2C2_Init                             0x08006e31   Thumb Code    76  i2c.o(i.MX_I2C2_Init)
    MX_TIM6_Init                             0x08006e89   Thumb Code    62  tim.o(i.MX_TIM6_Init)
    MX_TIM7_Init                             0x08006ed1   Thumb Code    62  tim.o(i.MX_TIM7_Init)
    MX_UART4_Init                            0x08006f19   Thumb Code     2  usart.o(i.MX_UART4_Init)
    MX_USART3_UART_Init                      0x08006f1d   Thumb Code    94  usart.o(i.MX_USART3_UART_Init)
    MX_USB_DEVICE_Init                       0x08006f85   Thumb Code    66  usb_device.o(i.MX_USB_DEVICE_Init)
    MemManage_Handler                        0x08006fd9   Thumb Code     2  stm32h7xx_it.o(i.MemManage_Handler)
    ModbusRTU_polling                        0x08006fdb   Thumb Code    18  main.o(i.ModbusRTU_polling)
    NMI_Handler                              0x08006fed   Thumb Code     2  stm32h7xx_it.o(i.NMI_Handler)
    OTG_FS_IRQHandler                        0x08006ff1   Thumb Code     6  stm32h7xx_it.o(i.OTG_FS_IRQHandler)
    PendSV_Handler                           0x0800716b   Thumb Code     2  stm32h7xx_it.o(i.PendSV_Handler)
    SVC_Handler                              0x080073d1   Thumb Code     2  stm32h7xx_it.o(i.SVC_Handler)
    SysTick_Handler                          0x080073d3   Thumb Code     4  stm32h7xx_it.o(i.SysTick_Handler)
    SystemClock_Config                       0x080073d9   Thumb Code   216  main.o(i.SystemClock_Config)
    SystemInit                               0x080074c1   Thumb Code   134  system_stm32h7xx.o(i.SystemInit)
    TIM6_DAC_IRQHandler                      0x0800755d   Thumb Code     6  stm32h7xx_it.o(i.TIM6_DAC_IRQHandler)
    TIM7_IRQHandler                          0x08007569   Thumb Code     6  stm32h7xx_it.o(i.TIM7_IRQHandler)
    TIM_Base_SetConfig                       0x08007575   Thumb Code   162  stm32h7xx_hal_tim.o(i.TIM_Base_SetConfig)
    Timer_process_delay                      0x08007639   Thumb Code    50  timer.o(i.Timer_process_delay)
    UART4_IRQHandler                         0x08007671   Thumb Code    16  stm32h7xx_it.o(i.UART4_IRQHandler)
    UART_AdvFeatureConfig                    0x080076e9   Thumb Code   200  stm32h7xx_hal_uart.o(i.UART_AdvFeatureConfig)
    UART_CheckIdleState                      0x080077b1   Thumb Code    94  stm32h7xx_hal_uart.o(i.UART_CheckIdleState)
    UART_SetConfig                           0x0800784d   Thumb Code  3084  stm32h7xx_hal_uart.o(i.UART_SetConfig)
    UART_WaitOnFlagUntilTimeout              0x0800845d   Thumb Code   164  stm32h7xx_hal_uart.o(i.UART_WaitOnFlagUntilTimeout)
    USART3_IRQHandler                        0x08008501   Thumb Code     6  stm32h7xx_it.o(i.USART3_IRQHandler)
    USBD_CDC_GetDeviceQualifierDescriptor    0x080085ed   Thumb Code     8  usbd_cdc.o(i.USBD_CDC_GetDeviceQualifierDescriptor)
    USBD_CDC_ReceivePacket                   0x080086b1   Thumb Code    40  usbd_cdc.o(i.USBD_CDC_ReceivePacket)
    USBD_CDC_RegisterInterface               0x080086d9   Thumb Code    20  usbd_cdc.o(i.USBD_CDC_RegisterInterface)
    USBD_CDC_SetRxBuffer                     0x080086ed   Thumb Code    12  usbd_cdc.o(i.USBD_CDC_SetRxBuffer)
    USBD_CDC_SetTxBuffer                     0x080086f9   Thumb Code    16  usbd_cdc.o(i.USBD_CDC_SetTxBuffer)
    USBD_ClrClassConfig                      0x080087b7   Thumb Code    14  usbd_core.o(i.USBD_ClrClassConfig)
    USBD_CtlContinueRx                       0x080087c5   Thumb Code    16  usbd_ioreq.o(i.USBD_CtlContinueRx)
    USBD_CtlContinueSendData                 0x080087d5   Thumb Code    16  usbd_ioreq.o(i.USBD_CtlContinueSendData)
    USBD_CtlError                            0x080087e5   Thumb Code    22  usbd_ctlreq.o(i.USBD_CtlError)
    USBD_CtlPrepareRx                        0x080087fb   Thumb Code    30  usbd_ioreq.o(i.USBD_CtlPrepareRx)
    USBD_CtlReceiveStatus                    0x08008819   Thumb Code    22  usbd_ioreq.o(i.USBD_CtlReceiveStatus)
    USBD_CtlSendData                         0x0800882f   Thumb Code    26  usbd_ioreq.o(i.USBD_CtlSendData)
    USBD_CtlSendStatus                       0x08008849   Thumb Code    22  usbd_ioreq.o(i.USBD_CtlSendStatus)
    USBD_FS_ConfigStrDescriptor              0x08008861   Thumb Code    16  usbd_desc.o(i.USBD_FS_ConfigStrDescriptor)
    USBD_FS_DeviceDescriptor                 0x08008881   Thumb Code     8  usbd_desc.o(i.USBD_FS_DeviceDescriptor)
    USBD_FS_InterfaceStrDescriptor           0x0800888d   Thumb Code    16  usbd_desc.o(i.USBD_FS_InterfaceStrDescriptor)
    USBD_FS_LangIDStrDescriptor              0x080088b1   Thumb Code     8  usbd_desc.o(i.USBD_FS_LangIDStrDescriptor)
    USBD_FS_ManufacturerStrDescriptor        0x080088bd   Thumb Code    16  usbd_desc.o(i.USBD_FS_ManufacturerStrDescriptor)
    USBD_FS_ProductStrDescriptor             0x080088e5   Thumb Code    16  usbd_desc.o(i.USBD_FS_ProductStrDescriptor)
    USBD_FS_SerialStrDescriptor              0x08008911   Thumb Code    50  usbd_desc.o(i.USBD_FS_SerialStrDescriptor)
    USBD_GetString                           0x08008a35   Thumb Code    74  usbd_ctlreq.o(i.USBD_GetString)
    USBD_Get_USB_Status                      0x08008a7f   Thumb Code    24  usbd_conf.o(i.USBD_Get_USB_Status)
    USBD_Init                                0x08008a97   Thumb Code    42  usbd_core.o(i.USBD_Init)
    USBD_LL_ClearStallEP                     0x08008ac1   Thumb Code    18  usbd_conf.o(i.USBD_LL_ClearStallEP)
    USBD_LL_CloseEP                          0x08008ad3   Thumb Code    18  usbd_conf.o(i.USBD_LL_CloseEP)
    USBD_LL_DataInStage                      0x08008ae5   Thumb Code   194  usbd_core.o(i.USBD_LL_DataInStage)
    USBD_LL_DataOutStage                     0x08008ba7   Thumb Code   130  usbd_core.o(i.USBD_LL_DataOutStage)
    USBD_LL_DevConnected                     0x08008c29   Thumb Code     4  usbd_core.o(i.USBD_LL_DevConnected)
    USBD_LL_DevDisconnected                  0x08008c2d   Thumb Code    22  usbd_core.o(i.USBD_LL_DevDisconnected)
    USBD_LL_GetRxDataSize                    0x08008c43   Thumb Code     8  usbd_conf.o(i.USBD_LL_GetRxDataSize)
    USBD_LL_Init                             0x08008c4d   Thumb Code    90  usbd_conf.o(i.USBD_LL_Init)
    USBD_LL_IsStallEP                        0x08008cb1   Thumb Code    32  usbd_conf.o(i.USBD_LL_IsStallEP)
    USBD_LL_IsoINIncomplete                  0x08008cd1   Thumb Code     4  usbd_core.o(i.USBD_LL_IsoINIncomplete)
    USBD_LL_IsoOUTIncomplete                 0x08008cd5   Thumb Code     4  usbd_core.o(i.USBD_LL_IsoOUTIncomplete)
    USBD_LL_OpenEP                           0x08008cd9   Thumb Code    24  usbd_conf.o(i.USBD_LL_OpenEP)
    USBD_LL_PrepareReceive                   0x08008cf1   Thumb Code    18  usbd_conf.o(i.USBD_LL_PrepareReceive)
    USBD_LL_Reset                            0x08008d03   Thumb Code    80  usbd_core.o(i.USBD_LL_Reset)
    USBD_LL_Resume                           0x08008d53   Thumb Code    20  usbd_core.o(i.USBD_LL_Resume)
    USBD_LL_SOF                              0x08008d67   Thumb Code    24  usbd_core.o(i.USBD_LL_SOF)
    USBD_LL_SetSpeed                         0x08008d7f   Thumb Code     6  usbd_core.o(i.USBD_LL_SetSpeed)
    USBD_LL_SetUSBAddress                    0x08008d85   Thumb Code    18  usbd_conf.o(i.USBD_LL_SetUSBAddress)
    USBD_LL_SetupStage                       0x08008d97   Thumb Code    86  usbd_core.o(i.USBD_LL_SetupStage)
    USBD_LL_StallEP                          0x08008ded   Thumb Code    18  usbd_conf.o(i.USBD_LL_StallEP)
    USBD_LL_Start                            0x08008dff   Thumb Code    18  usbd_conf.o(i.USBD_LL_Start)
    USBD_LL_Suspend                          0x08008e11   Thumb Code    18  usbd_core.o(i.USBD_LL_Suspend)
    USBD_LL_Transmit                         0x08008e23   Thumb Code    18  usbd_conf.o(i.USBD_LL_Transmit)
    USBD_ParseSetupRequest                   0x08008e35   Thumb Code    40  usbd_ctlreq.o(i.USBD_ParseSetupRequest)
    USBD_RegisterClass                       0x08008e5d   Thumb Code    18  usbd_core.o(i.USBD_RegisterClass)
    USBD_SetClassConfig                      0x08008e6f   Thumb Code    22  usbd_core.o(i.USBD_SetClassConfig)
    USBD_Start                               0x08008f0d   Thumb Code    10  usbd_core.o(i.USBD_Start)
    USBD_StdDevReq                           0x08008f17   Thumb Code   276  usbd_ctlreq.o(i.USBD_StdDevReq)
    USBD_StdEPReq                            0x0800902b   Thumb Code   336  usbd_ctlreq.o(i.USBD_StdEPReq)
    USBD_StdItfReq                           0x0800917b   Thumb Code    78  usbd_ctlreq.o(i.USBD_StdItfReq)
    USB_ActivateEndpoint                     0x080091c9   Thumb Code   124  stm32h7xx_ll_usb.o(i.USB_ActivateEndpoint)
    USB_ActivateSetup                        0x08009249   Thumb Code    28  stm32h7xx_ll_usb.o(i.USB_ActivateSetup)
    USB_CoreInit                             0x08009265   Thumb Code   114  stm32h7xx_ll_usb.o(i.USB_CoreInit)
    USB_DeactivateEndpoint                   0x08009315   Thumb Code   118  stm32h7xx_ll_usb.o(i.USB_DeactivateEndpoint)
    USB_DevConnect                           0x08009395   Thumb Code    24  stm32h7xx_ll_usb.o(i.USB_DevConnect)
    USB_DevDisconnect                        0x080093ad   Thumb Code    24  stm32h7xx_ll_usb.o(i.USB_DevDisconnect)
    USB_DevInit                              0x080093c5   Thumb Code   368  stm32h7xx_ll_usb.o(i.USB_DevInit)
    USB_DisableGlobalInt                     0x0800953d   Thumb Code    12  stm32h7xx_ll_usb.o(i.USB_DisableGlobalInt)
    USB_EP0StartXfer                         0x08009549   Thumb Code   280  stm32h7xx_ll_usb.o(i.USB_EP0StartXfer)
    USB_EP0_OutStart                         0x08009665   Thumb Code    84  stm32h7xx_ll_usb.o(i.USB_EP0_OutStart)
    USB_EPClearStall                         0x080096bd   Thumb Code    88  stm32h7xx_ll_usb.o(i.USB_EPClearStall)
    USB_EPSetStall                           0x08009715   Thumb Code    88  stm32h7xx_ll_usb.o(i.USB_EPSetStall)
    USB_EPStartXfer                          0x0800976d   Thumb Code   482  stm32h7xx_ll_usb.o(i.USB_EPStartXfer)
    USB_EnableGlobalInt                      0x08009955   Thumb Code    12  stm32h7xx_ll_usb.o(i.USB_EnableGlobalInt)
    USB_FlushRxFifo                          0x08009961   Thumb Code    28  stm32h7xx_ll_usb.o(i.USB_FlushRxFifo)
    USB_FlushTxFifo                          0x08009981   Thumb Code    32  stm32h7xx_ll_usb.o(i.USB_FlushTxFifo)
    USB_GetDevSpeed                          0x080099a5   Thumb Code    26  stm32h7xx_ll_usb.o(i.USB_GetDevSpeed)
    USB_GetMode                              0x080099bf   Thumb Code     8  stm32h7xx_ll_usb.o(i.USB_GetMode)
    USB_ReadDevAllInEpInterrupt              0x080099c7   Thumb Code    14  stm32h7xx_ll_usb.o(i.USB_ReadDevAllInEpInterrupt)
    USB_ReadDevAllOutEpInterrupt             0x080099d5   Thumb Code    14  stm32h7xx_ll_usb.o(i.USB_ReadDevAllOutEpInterrupt)
    USB_ReadDevInEPInterrupt                 0x080099e3   Thumb Code    36  stm32h7xx_ll_usb.o(i.USB_ReadDevInEPInterrupt)
    USB_ReadDevOutEPInterrupt                0x08009a07   Thumb Code    16  stm32h7xx_ll_usb.o(i.USB_ReadDevOutEPInterrupt)
    USB_ReadInterrupts                       0x08009a17   Thumb Code     8  stm32h7xx_ll_usb.o(i.USB_ReadInterrupts)
    USB_ReadPacket                           0x08009a1f   Thumb Code    28  stm32h7xx_ll_usb.o(i.USB_ReadPacket)
    USB_SetCurrentMode                       0x08009a3b   Thumb Code    46  stm32h7xx_ll_usb.o(i.USB_SetCurrentMode)
    USB_SetDevAddress                        0x08009a69   Thumb Code    34  stm32h7xx_ll_usb.o(i.USB_SetDevAddress)
    USB_SetTurnaroundTime                    0x08009a8d   Thumb Code   158  stm32h7xx_ll_usb.o(i.USB_SetTurnaroundTime)
    USB_WritePacket                          0x08009b75   Thumb Code    36  stm32h7xx_ll_usb.o(i.USB_WritePacket)
    USER_UART_IRQ_Handler                    0x08009b99   Thumb Code    48  portserial.o(i.USER_UART_IRQ_Handler)
    UsageFault_Handler                       0x08009bd5   Thumb Code     2  stm32h7xx_it.o(i.UsageFault_Handler)
    __critical_enter                         0x08009bf9   Thumb Code     4  main.o(i.__critical_enter)
    __critical_exit                          0x08009bfd   Thumb Code     4  main.o(i.__critical_exit)
    __scatterload_copy                       0x08009c01   Thumb Code    14  handlers.o(i.__scatterload_copy)
    __scatterload_null                       0x08009c0f   Thumb Code     2  handlers.o(i.__scatterload_null)
    __scatterload_zeroinit                   0x08009c11   Thumb Code    14  handlers.o(i.__scatterload_zeroinit)
    eMBEnable                                0x08009c21   Thumb Code    28  mb.o(i.eMBEnable)
    eMBFuncReadCoils                         0x08009c41   Thumb Code   120  mbfunccoils.o(i.eMBFuncReadCoils)
    eMBFuncReadDiscreteInputs                0x08009cb9   Thumb Code   120  mbfuncdisc.o(i.eMBFuncReadDiscreteInputs)
    eMBFuncReadHoldingRegister               0x08009d31   Thumb Code    94  mbfuncholding.o(i.eMBFuncReadHoldingRegister)
    eMBFuncReadInputRegister                 0x08009d8f   Thumb Code    98  mbfuncinput.o(i.eMBFuncReadInputRegister)
    eMBFuncReadWriteMultipleHoldingRegister  0x08009df1   Thumb Code   170  mbfuncholding.o(i.eMBFuncReadWriteMultipleHoldingRegister)
    eMBFuncReportSlaveID                     0x08009e9d   Thumb Code    26  mbfuncother.o(i.eMBFuncReportSlaveID)
    eMBFuncWriteCoil                         0x08009ec1   Thumb Code    88  mbfunccoils.o(i.eMBFuncWriteCoil)
    eMBFuncWriteHoldingRegister              0x08009f19   Thumb Code    50  mbfuncholding.o(i.eMBFuncWriteHoldingRegister)
    eMBFuncWriteMultipleCoils                0x08009f4b   Thumb Code   102  mbfunccoils.o(i.eMBFuncWriteMultipleCoils)
    eMBFuncWriteMultipleHoldingRegister      0x08009fb1   Thumb Code    82  mbfuncholding.o(i.eMBFuncWriteMultipleHoldingRegister)
    eMBInit                                  0x0800a005   Thumb Code    96  mb.o(i.eMBInit)
    eMBPoll                                  0x0800a085   Thumb Code   176  mb.o(i.eMBPoll)
    eMBRTUInit                               0x0800a139   Thumb Code    72  mbrtu.o(i.eMBRTUInit)
    eMBRTUReceive                            0x0800a185   Thumb Code    80  mbrtu.o(i.eMBRTUReceive)
    eMBRTUSend                               0x0800a1dd   Thumb Code    96  mbrtu.o(i.eMBRTUSend)
    eMBRTUStart                              0x0800a245   Thumb Code    32  mbrtu.o(i.eMBRTUStart)
    eMBRTUStop                               0x0800a269   Thumb Code    26  mbrtu.o(i.eMBRTUStop)
    eMBRegCoilsCB                            0x0800a285   Thumb Code   114  main.o(i.eMBRegCoilsCB)
    eMBRegDiscreteCB                         0x0800a2fd   Thumb Code    68  main.o(i.eMBRegDiscreteCB)
    eMBRegHoldingCB                          0x0800a341   Thumb Code   108  main.o(i.eMBRegHoldingCB)
    eMBRegInputCB                            0x0800a3b5   Thumb Code    62  main.o(i.eMBRegInputCB)
    filter_moving_average                    0x0800a3fd   Thumb Code   114  adc_input.o(i.filter_moving_average)
    free                                     0x0800a471   Thumb Code    76  malloc.o(i.free)
    main                                     0x0800a4c1   Thumb Code   234  main.o(i.main)
    malloc                                   0x0800a5c1   Thumb Code    92  malloc.o(i.malloc)
    modbus_data_input_process                0x0800a62d   Thumb Code   314  input.o(i.modbus_data_input_process)
    modbus_data_output_process               0x0800a7a9   Thumb Code    56  output.o(i.modbus_data_output_process)
    moving_average_value_to_float            0x0800a7e9   Thumb Code    30  adc_input.o(i.moving_average_value_to_float)
    prveMBError2Exception                    0x0800a819   Thumb Code    24  mbutils.o(i.prveMBError2Exception)
    read_input_1                             0x0800a831   Thumb Code    18  input.o(i.read_input_1)
    read_input_2                             0x0800a849   Thumb Code    18  input.o(i.read_input_2)
    read_input_3                             0x0800a861   Thumb Code     4  input.o(i.read_input_3)
    read_input_4                             0x0800a865   Thumb Code     4  input.o(i.read_input_4)
    set_value_to_channel_AD5696              0x0800a869   Thumb Code    34  ad5696.o(i.set_value_to_channel_AD5696)
    test_algorithm1                          0x0800a895   Thumb Code    90  test_algorithm1.o(i.test_algorithm1)
    test_algorithm2                          0x0800a8f5   Thumb Code   108  test_algorithm2.o(i.test_algorithm2)
    test_algorithm3                          0x0800a969   Thumb Code   146  test_algorithm3.o(i.test_algorithm3)
    usMBCRC16                                0x0800aa01   Thumb Code    40  mbcrc.o(i.usMBCRC16)
    vMBPortSerialEnable                      0x0800aa2d   Thumb Code    44  portserial.o(i.vMBPortSerialEnable)
    vMBPortTimersDisable                     0x0800aa5d   Thumb Code     6  porttimer.o(i.vMBPortTimersDisable)
    vMBPortTimersEnable                      0x0800aa69   Thumb Code    12  porttimer.o(i.vMBPortTimersEnable)
    xMBPortEventGet                          0x0800aa7d   Thumb Code    26  portevent.o(i.xMBPortEventGet)
    xMBPortEventInit                         0x0800aa9d   Thumb Code    10  portevent.o(i.xMBPortEventInit)
    xMBPortEventPost                         0x0800aaad   Thumb Code    12  portevent.o(i.xMBPortEventPost)
    xMBPortSerialGetByte                     0x0800aabd   Thumb Code    12  portserial.o(i.xMBPortSerialGetByte)
    xMBPortSerialInit                        0x0800aacd   Thumb Code   118  portserial.o(i.xMBPortSerialInit)
    xMBPortSerialPutByte                     0x0800ab55   Thumb Code    10  portserial.o(i.xMBPortSerialPutByte)
    xMBPortTimersInit                        0x0800ab65   Thumb Code     8  porttimer.o(i.xMBPortTimersInit)
    xMBRTUReceiveFSM                         0x0800ab71   Thumb Code    92  mbrtu.o(i.xMBRTUReceiveFSM)
    xMBRTUTimerT35Expired                    0x0800abd5   Thumb Code    58  mbrtu.o(i.xMBRTUTimerT35Expired)
    xMBRTUTransmitFSM                        0x0800ac15   Thumb Code    86  mbrtu.o(i.xMBRTUTransmitFSM)
    xMBUtilGetBits                           0x0800ac71   Thumb Code    34  mbutils.o(i.xMBUtilGetBits)
    xMBUtilSetBits                           0x0800ac93   Thumb Code    54  mbutils.o(i.xMBUtilSetBits)
    D1CorePrescTable                         0x0800acd0   Data          16  system_stm32h7xx.o(.constdata)
    Region$$Table$$Base                      0x0800aee0   Number         0  anon$$obj.o(Region$$Table)
    Region$$Table$$Limit                     0x0800af00   Number         0  anon$$obj.o(Region$$Table)
    aADCxConvertedData                       0x24000006   Data           4  main.o(.data)
    FS_Desc                                  0x2400000c   Data          28  usbd_desc.o(.data)
    USBD_LangIDDesc                          0x24000028   Data           4  usbd_desc.o(.data)
    USBD_FS_DeviceDesc                       0x2400002c   Data          18  usbd_desc.o(.data)
    USBD_StringSerial                        0x24000040   Data          26  usbd_desc.o(.data)
    USBD_Interface_fops_FS                   0x2400005c   Data          16  usbd_cdc_if.o(.data)
    uwTickFreq                               0x2400006c   Data           1  stm32h7xx_hal.o(.data)
    uwTickPrio                               0x24000070   Data           4  stm32h7xx_hal.o(.data)
    uwTick                                   0x24000074   Data           4  stm32h7xx_hal.o(.data)
    SystemCoreClock                          0x24000078   Data           4  system_stm32h7xx.o(.data)
    SystemD2Clock                            0x2400007c   Data           4  system_stm32h7xx.o(.data)
    USBD_CDC_CfgHSDesc                       0x24000090   Data          67  usbd_cdc.o(.data)
    USBD_CDC_CfgFSDesc                       0x240000d4   Data          67  usbd_cdc.o(.data)
    USBD_CDC_OtherSpeedCfgDesc               0x24000118   Data          67  usbd_cdc.o(.data)
    USBD_CDC                                 0x2400015c   Data          56  usbd_cdc.o(.data)
    pxMBFrameCBByteReceived                  0x240001c4   Data           4  mb.o(.data)
    pxMBFrameCBTransmitterEmpty              0x240001c8   Data           4  mb.o(.data)
    pxMBPortCBTimerExpired                   0x240001cc   Data           4  mb.o(.data)
    timeout_Timer6                           0x24000252   Data           2  porttimer.o(.data)
    counter_Timer6                           0x24000254   Data           2  porttimer.o(.data)
    VDDD_U                                   0x24000258   Data           4  input.o(.data)
    VDDD_I                                   0x2400025c   Data           4  input.o(.data)
    VDDA_U                                   0x24000260   Data           4  input.o(.data)
    VDDA_I                                   0x24000264   Data           4  input.o(.data)
    V2_5VDD_U                                0x24000268   Data           4  input.o(.data)
    VDDA_DAC_U                               0x2400026c   Data           4  input.o(.data)
    VDD_PIX_U                                0x24000270   Data           4  input.o(.data)
    VDD_PIX_I                                0x24000274   Data           4  input.o(.data)
    VDDA_TRANS_U                             0x24000278   Data           4  input.o(.data)
    VDDA_TRANS_I                             0x2400027c   Data           4  input.o(.data)
    VCCD_U                                   0x24000280   Data           4  input.o(.data)
    VCCD_I                                   0x24000284   Data           4  input.o(.data)
    VDDU_U                                   0x24000288   Data           4  input.o(.data)
    VDDU_I                                   0x2400028c   Data           4  input.o(.data)
    VMMerge_DAC_U                            0x24000290   Data           4  input.o(.data)
    VMMerge_DAC_I                            0x24000294   Data           4  input.o(.data)
    TXbuffer                                 0x24000298   Data           3  ad5696.o(.data)
    OUTPUT_VDDA_DAC                          0x2400029c   Data           4  output.o(.data)
    OUTPUT_VDDA_TRANS                        0x240002a0   Data           4  output.o(.data)
    OUTPUT_VDDA_PIX                          0x240002a4   Data           4  output.o(.data)
    OUTPUT_VMMerge_DAC                       0x240002a8   Data           4  output.o(.data)
    OUTPUT_CURRENT_ALGORITHM                 0x240002ac   Data           4  output.o(.data)
    adc_average_value1                       0x240002b0   Data           4  adc_input.o(.data)
    adc_average_value2                       0x240002b4   Data           4  adc_input.o(.data)
    ADC_11                                   0x240002b8   Data           2  adc_input.o(.data)
    ADC_12                                   0x240002ba   Data           2  adc_input.o(.data)
    filter_reg1                              0x240002bc   Data           4  adc_input.o(.data)
    filter_reg2                              0x240002c0   Data           4  adc_input.o(.data)
    filter_value11                           0x240002c4   Data           4  adc_input.o(.data)
    filter_value12                           0x240002c8   Data           4  adc_input.o(.data)
    flag_adc_dma                             0x240002cc   Data           1  adc_input.o(.data)
    Timer_Tick                               0x240002d8   Data           4  timer.o(.data)
    __microlib_freelist                      0x240002dc   Data           4  mvars.o(.data)
    __microlib_freelist_initialised          0x240002e0   Data           4  mvars.o(.data)
    OutRegHoldingBuf                         0x240002f8   Data          64  main.o(.bss)
    InputHoldingBuf                          0x24000338   Data          64  main.o(.bss)
    ucRegCoilsBuf                            0x24000378   Data          16  main.o(.bss)
    hadc1                                    0x24000388   Data         100  adc.o(.bss)
    hdma_adc1                                0x240003ec   Data         120  adc.o(.bss)
    TxConfig                                 0x24000464   Data          52  eth.o(.bss)
    heth                                     0x24000498   Data         112  eth.o(.bss)
    hi2c1                                    0x24000508   Data          76  i2c.o(.bss)
    hi2c2                                    0x24000554   Data          76  i2c.o(.bss)
    htim6                                    0x240005a0   Data          64  tim.o(.bss)
    htim7                                    0x240005e0   Data          64  tim.o(.bss)
    huart4                                   0x24000620   Data         140  usart.o(.bss)
    huart3                                   0x240006ac   Data         140  usart.o(.bss)
    hUsbDeviceFS                             0x24000738   Data         708  usb_device.o(.bss)
    hpcd_USB_OTG_FS                          0x240009fc   Data        1032  usbd_conf.o(.bss)
    USBD_StrDesc                             0x24000e04   Data         512  usbd_desc.o(.bss)
    UserRxBufferFS                           0x24001004   Data        2048  usbd_cdc_if.o(.bss)
    UserTxBufferFS                           0x24001804   Data        2048  usbd_cdc_if.o(.bss)
    ucRTUBuf                                 0x24002024   Data         256  mbrtu.o(.bss)
    buf_11                                   0x24002124   Data         256  adc_input.o(.bss)
    buf_12                                   0x24002224   Data         256  adc_input.o(.bss)
    __heap_base                              0x24002328   Data           0  startup_stm32h743xx.o(HEAP)
    __heap_limit                             0x24002728   Data           0  startup_stm32h743xx.o(HEAP)
    __initial_sp                             0x24002b28   Data           0  startup_stm32h743xx.o(STACK)
    DMARxDscrTab                             0x30040000   Data          96  eth.o(.ARM.__AT_0x30040000)
    DMATxDscrTab                             0x30040060   Data          96  eth.o(.ARM.__AT_0x30040060)
    Rx_Buff                                  0x30040200   Data        6112  eth.o(.ARM.__AT_0x30040200)



==============================================================================

Memory Map of the image

  Image Entry point : 0x08000299

  Load Region LR_IROM1 (Base: 0x08000000, Size: 0x0000b1e4, Max: 0x00200000, ABSOLUTE, COMPRESSED[0x0000b00c])

    Execution Region ER_IROM1 (Exec base: 0x08000000, Load base: 0x08000000, Size: 0x0000af00, Max: 0x00200000, ABSOLUTE)

    Exec Addr    Load Addr    Size         Type   Attr      Idx    E Section Name        Object

    0x08000000   0x08000000   0x00000298   Data   RO            3    RESET               startup_stm32h743xx.o
    0x08000298   0x08000298   0x00000000   Code   RO         7981  * .ARM.Collect$$$$00000000  mc_w.l(entry.o)
    0x08000298   0x08000298   0x00000004   Code   RO         8022    .ARM.Collect$$$$00000001  mc_w.l(entry2.o)
    0x0800029c   0x0800029c   0x00000004   Code   RO         8025    .ARM.Collect$$$$00000004  mc_w.l(entry5.o)
    0x080002a0   0x080002a0   0x00000000   Code   RO         8027    .ARM.Collect$$$$00000008  mc_w.l(entry7b.o)
    0x080002a0   0x080002a0   0x00000000   Code   RO         8029    .ARM.Collect$$$$0000000A  mc_w.l(entry8b.o)
    0x080002a0   0x080002a0   0x00000008   Code   RO         8030    .ARM.Collect$$$$0000000B  mc_w.l(entry9a.o)
    0x080002a8   0x080002a8   0x00000000   Code   RO         8032    .ARM.Collect$$$$0000000D  mc_w.l(entry10a.o)
    0x080002a8   0x080002a8   0x00000000   Code   RO         8034    .ARM.Collect$$$$0000000F  mc_w.l(entry11a.o)
    0x080002a8   0x080002a8   0x00000004   Code   RO         8023    .ARM.Collect$$$$00002712  mc_w.l(entry2.o)
    0x080002ac   0x080002ac   0x00000024   Code   RO            4    .text               startup_stm32h743xx.o
    0x080002d0   0x080002d0   0x00000062   Code   RO         7984    .text               mc_w.l(uldiv.o)
    0x08000332   0x08000332   0x00000024   Code   RO         7988    .text               mc_w.l(memcpya.o)
    0x08000356   0x08000356   0x00000024   Code   RO         7990    .text               mc_w.l(memseta.o)
    0x0800037a   0x0800037a   0x0000001e   Code   RO         8036    .text               mc_w.l(llshl.o)
    0x08000398   0x08000398   0x00000020   Code   RO         8038    .text               mc_w.l(llushr.o)
    0x080003b8   0x080003b8   0x00000024   Code   RO         8042    .text               mc_w.l(init.o)
    0x080003dc   0x080003dc   0x00000056   Code   RO         8052    .text               mc_w.l(__dczerorl2.o)
    0x08000432   0x08000432   0x00000002   PAD
    0x08000434   0x08000434   0x0000004c   Code   RO         7572    i.AD5696_init       ad5696.o
    0x08000480   0x08000480   0x00000108   Code   RO         4190    i.ADC_ConfigureBoostMode  stm32h7xx_hal_adc.o
    0x08000588   0x08000588   0x000000dc   Code   RO         4191    i.ADC_ConversionStop  stm32h7xx_hal_adc.o
    0x08000664   0x08000664   0x00000068   Code   RO         4192    i.ADC_DMAConvCplt   stm32h7xx_hal_adc.o
    0x080006cc   0x080006cc   0x0000001a   Code   RO         4193    i.ADC_DMAError      stm32h7xx_hal_adc.o
    0x080006e6   0x080006e6   0x0000000a   Code   RO         4194    i.ADC_DMAHalfConvCplt  stm32h7xx_hal_adc.o
    0x080006f0   0x080006f0   0x00000068   Code   RO         4195    i.ADC_Disable       stm32h7xx_hal_adc.o
    0x08000758   0x08000758   0x000000a4   Code   RO         4196    i.ADC_Enable        stm32h7xx_hal_adc.o
    0x080007fc   0x080007fc   0x00000098   Code   RO           13    i.ADC_data_read     main.o
    0x08000894   0x08000894   0x00000030   Code   RO           14    i.Algorithm_process  main.o
    0x080008c4   0x080008c4   0x00000002   Code   RO         1036    i.BusFault_Handler  stm32h7xx_it.o
    0x080008c6   0x080008c6   0x00000004   Code   RO          984    i.CDC_Control_FS    usbd_cdc_if.o
    0x080008ca   0x080008ca   0x00000004   Code   RO          985    i.CDC_DeInit_FS     usbd_cdc_if.o
    0x080008ce   0x080008ce   0x00000002   PAD
    0x080008d0   0x080008d0   0x00000024   Code   RO          986    i.CDC_Init_FS       usbd_cdc_if.o
    0x080008f4   0x080008f4   0x00000018   Code   RO          987    i.CDC_Receive_FS    usbd_cdc_if.o
    0x0800090c   0x0800090c   0x0000000c   Code   RO         1037    i.DMA1_Stream0_IRQHandler  stm32h7xx_it.o
    0x08000918   0x08000918   0x000000b4   Code   RO         2418    i.DMA_CalcBaseAndBitshift  stm32h7xx_hal_dma.o
    0x080009cc   0x080009cc   0x0000009c   Code   RO         2419    i.DMA_CalcDMAMUXChannelBaseAndMask  stm32h7xx_hal_dma.o
    0x08000a68   0x08000a68   0x00000074   Code   RO         2420    i.DMA_CalcDMAMUXRequestGenBaseAndMask  stm32h7xx_hal_dma.o
    0x08000adc   0x08000adc   0x00000054   Code   RO         2421    i.DMA_CheckFifoParam  stm32h7xx_hal_dma.o
    0x08000b30   0x08000b30   0x00000220   Code   RO         2422    i.DMA_SetConfig     stm32h7xx_hal_dma.o
    0x08000d50   0x08000d50   0x00000002   Code   RO         1038    i.DebugMon_Handler  stm32h7xx_it.o
    0x08000d52   0x08000d52   0x000000d8   Code   RO         4641    i.ETH_MACDMAConfig  stm32h7xx_hal_eth.o
    0x08000e2a   0x08000e2a   0x00000002   PAD
    0x08000e2c   0x08000e2c   0x000000b4   Code   RO         4643    i.ETH_SetDMAConfig  stm32h7xx_hal_eth.o
    0x08000ee0   0x08000ee0   0x000001a8   Code   RO         4644    i.ETH_SetMACConfig  stm32h7xx_hal_eth.o
    0x08001088   0x08001088   0x00000002   Code   RO           15    i.Error_Handler     main.o
    0x0800108a   0x0800108a   0x00000002   PAD
    0x0800108c   0x0800108c   0x0000009c   Code   RO         4412    i.HAL_ADCEx_Calibration_Start  stm32h7xx_hal_adc_ex.o
    0x08001128   0x08001128   0x00000124   Code   RO         4432    i.HAL_ADCEx_MultiModeConfigChannel  stm32h7xx_hal_adc_ex.o
    0x0800124c   0x0800124c   0x000003dc   Code   RO         4198    i.HAL_ADC_ConfigChannel  stm32h7xx_hal_adc.o
    0x08001628   0x08001628   0x00000024   Code   RO           17    i.HAL_ADC_ConvCpltCallback  main.o
    0x0800164c   0x0800164c   0x0000000c   Code   RO           18    i.HAL_ADC_ConvHalfCpltCallback  main.o
    0x08001658   0x08001658   0x00000002   Code   RO         4202    i.HAL_ADC_ErrorCallback  stm32h7xx_hal_adc.o
    0x0800165a   0x0800165a   0x00000002   PAD
    0x0800165c   0x0800165c   0x00000224   Code   RO         4207    i.HAL_ADC_Init      stm32h7xx_hal_adc.o
    0x08001880   0x08001880   0x000000b8   Code   RO          400    i.HAL_ADC_MspInit   adc.o
    0x08001938   0x08001938   0x00000108   Code   RO         4214    i.HAL_ADC_Start_DMA  stm32h7xx_hal_adc.o
    0x08001a40   0x08001a40   0x0000007a   Code   RO         4217    i.HAL_ADC_Stop_DMA  stm32h7xx_hal_adc.o
    0x08001aba   0x08001aba   0x00000002   PAD
    0x08001abc   0x08001abc   0x00000364   Code   RO         2423    i.HAL_DMA_Abort     stm32h7xx_hal_dma.o
    0x08001e20   0x08001e20   0x00000284   Code   RO         2424    i.HAL_DMA_Abort_IT  stm32h7xx_hal_dma.o
    0x080020a4   0x080020a4   0x00000006   Code   RO         2427    i.HAL_DMA_GetState  stm32h7xx_hal_dma.o
    0x080020aa   0x080020aa   0x00000002   PAD
    0x080020ac   0x080020ac   0x000006f0   Code   RO         2428    i.HAL_DMA_IRQHandler  stm32h7xx_hal_dma.o
    0x0800279c   0x0800279c   0x000003c4   Code   RO         2429    i.HAL_DMA_Init      stm32h7xx_hal_dma.o
    0x08002b60   0x08002b60   0x0000029c   Code   RO         2433    i.HAL_DMA_Start_IT  stm32h7xx_hal_dma.o
    0x08002dfc   0x08002dfc   0x00000024   Code   RO         3273    i.HAL_Delay         stm32h7xx_hal.o
    0x08002e20   0x08002e20   0x00000204   Code   RO         4664    i.HAL_ETH_Init      stm32h7xx_hal_eth.o
    0x08003024   0x08003024   0x00000100   Code   RO          466    i.HAL_ETH_MspInit   eth.o
    0x08003124   0x08003124   0x00000230   Code   RO         2271    i.HAL_GPIO_Init     stm32h7xx_hal_gpio.o
    0x08003354   0x08003354   0x0000000a   Code   RO         2273    i.HAL_GPIO_ReadPin  stm32h7xx_hal_gpio.o
    0x0800335e   0x0800335e   0x0000000a   Code   RO         2275    i.HAL_GPIO_WritePin  stm32h7xx_hal_gpio.o
    0x08003368   0x08003368   0x0000000c   Code   RO         3288    i.HAL_GetREVID      stm32h7xx_hal.o
    0x08003374   0x08003374   0x0000000c   Code   RO         3289    i.HAL_GetTick       stm32h7xx_hal.o
    0x08003380   0x08003380   0x00000058   Code   RO         4064    i.HAL_I2CEx_ConfigAnalogFilter  stm32h7xx_hal_i2c_ex.o
    0x080033d8   0x080033d8   0x00000054   Code   RO         4065    i.HAL_I2CEx_ConfigDigitalFilter  stm32h7xx_hal_i2c_ex.o
    0x0800342c   0x0800342c   0x00000002   Code   RO         3602    i.HAL_I2C_AbortCpltCallback  stm32h7xx_hal_i2c.o
    0x0800342e   0x0800342e   0x00000002   Code   RO         3603    i.HAL_I2C_AddrCallback  stm32h7xx_hal_i2c.o
    0x08003430   0x08003430   0x00000068   Code   RO         3606    i.HAL_I2C_ER_IRQHandler  stm32h7xx_hal_i2c.o
    0x08003498   0x08003498   0x00000010   Code   RO         3607    i.HAL_I2C_EV_IRQHandler  stm32h7xx_hal_i2c.o
    0x080034a8   0x080034a8   0x00000002   Code   RO         3609    i.HAL_I2C_ErrorCallback  stm32h7xx_hal_i2c.o
    0x080034aa   0x080034aa   0x00000002   PAD
    0x080034ac   0x080034ac   0x000000b8   Code   RO         3613    i.HAL_I2C_Init      stm32h7xx_hal_i2c.o
    0x08003564   0x08003564   0x00000130   Code   RO         3614    i.HAL_I2C_IsDeviceReady  stm32h7xx_hal_i2c.o
    0x08003694   0x08003694   0x00000002   Code   RO         3615    i.HAL_I2C_ListenCpltCallback  stm32h7xx_hal_i2c.o
    0x08003696   0x08003696   0x00000002   PAD
    0x08003698   0x08003698   0x00000124   Code   RO         3626    i.HAL_I2C_Master_Transmit  stm32h7xx_hal_i2c.o
    0x080037bc   0x080037bc   0x000000cc   Code   RO          511    i.HAL_I2C_MspInit   i2c.o
    0x08003888   0x08003888   0x00000002   Code   RO         3639    i.HAL_I2C_SlaveRxCpltCallback  stm32h7xx_hal_i2c.o
    0x0800388a   0x0800388a   0x00000002   Code   RO         3640    i.HAL_I2C_SlaveTxCpltCallback  stm32h7xx_hal_i2c.o
    0x0800388c   0x0800388c   0x00000010   Code   RO         3295    i.HAL_IncTick       stm32h7xx_hal.o
    0x0800389c   0x0800389c   0x0000005c   Code   RO         3296    i.HAL_Init          stm32h7xx_hal.o
    0x080038f8   0x080038f8   0x00000040   Code   RO         3297    i.HAL_InitTick      stm32h7xx_hal.o
    0x08003938   0x08003938   0x0000001c   Code   RO         1160    i.HAL_MspInit       stm32h7xx_hal_msp.o
    0x08003954   0x08003954   0x0000001a   Code   RO         3131    i.HAL_NVIC_EnableIRQ  stm32h7xx_hal_cortex.o
    0x0800396e   0x0800396e   0x00000002   PAD
    0x08003970   0x08003970   0x00000040   Code   RO         3137    i.HAL_NVIC_SetPriority  stm32h7xx_hal_cortex.o
    0x080039b0   0x080039b0   0x00000024   Code   RO         3138    i.HAL_NVIC_SetPriorityGrouping  stm32h7xx_hal_cortex.o
    0x080039d4   0x080039d4   0x00000028   Code   RO         1405    i.HAL_PCDEx_ActivateLPM  stm32h7xx_hal_pcd_ex.o
    0x080039fc   0x080039fc   0x00000002   Code   RO         1410    i.HAL_PCDEx_LPM_Callback  stm32h7xx_hal_pcd_ex.o
    0x080039fe   0x080039fe   0x00000008   Code   RO         1411    i.HAL_PCDEx_SetRxFiFo  stm32h7xx_hal_pcd_ex.o
    0x08003a06   0x08003a06   0x00000046   Code   RO         1412    i.HAL_PCDEx_SetTxFiFo  stm32h7xx_hal_pcd_ex.o
    0x08003a4c   0x08003a4c   0x00000008   Code   RO          703    i.HAL_PCD_ConnectCallback  usbd_conf.o
    0x08003a54   0x08003a54   0x00000012   Code   RO          704    i.HAL_PCD_DataInStageCallback  usbd_conf.o
    0x08003a66   0x08003a66   0x00000014   Code   RO          705    i.HAL_PCD_DataOutStageCallback  usbd_conf.o
    0x08003a7a   0x08003a7a   0x00000008   Code   RO          706    i.HAL_PCD_DisconnectCallback  usbd_conf.o
    0x08003a82   0x08003a82   0x0000004c   Code   RO         1193    i.HAL_PCD_EP_Close  stm32h7xx_hal_pcd.o
    0x08003ace   0x08003ace   0x0000005c   Code   RO         1194    i.HAL_PCD_EP_ClrStall  stm32h7xx_hal_pcd.o
    0x08003b2a   0x08003b2a   0x00000012   Code   RO         1196    i.HAL_PCD_EP_GetRxCount  stm32h7xx_hal_pcd.o
    0x08003b3c   0x08003b3c   0x00000060   Code   RO         1197    i.HAL_PCD_EP_Open   stm32h7xx_hal_pcd.o
    0x08003b9c   0x08003b9c   0x00000044   Code   RO         1198    i.HAL_PCD_EP_Receive  stm32h7xx_hal_pcd.o
    0x08003be0   0x08003be0   0x00000074   Code   RO         1199    i.HAL_PCD_EP_SetStall  stm32h7xx_hal_pcd.o
    0x08003c54   0x08003c54   0x00000044   Code   RO         1200    i.HAL_PCD_EP_Transmit  stm32h7xx_hal_pcd.o
    0x08003c98   0x08003c98   0x00000474   Code   RO         1202    i.HAL_PCD_IRQHandler  stm32h7xx_hal_pcd.o
    0x0800410c   0x0800410c   0x00000008   Code   RO          707    i.HAL_PCD_ISOINIncompleteCallback  usbd_conf.o
    0x08004114   0x08004114   0x00000008   Code   RO          708    i.HAL_PCD_ISOOUTIncompleteCallback  usbd_conf.o
    0x0800411c   0x0800411c   0x000000f2   Code   RO         1205    i.HAL_PCD_Init      stm32h7xx_hal_pcd.o
    0x0800420e   0x0800420e   0x00000002   PAD
    0x08004210   0x08004210   0x00000078   Code   RO          710    i.HAL_PCD_MspInit   usbd_conf.o
    0x08004288   0x08004288   0x0000002c   Code   RO          711    i.HAL_PCD_ResetCallback  usbd_conf.o
    0x080042b4   0x080042b4   0x00000008   Code   RO          712    i.HAL_PCD_ResumeCallback  usbd_conf.o
    0x080042bc   0x080042bc   0x00000008   Code   RO          713    i.HAL_PCD_SOFCallback  usbd_conf.o
    0x080042c4   0x080042c4   0x00000028   Code   RO         1211    i.HAL_PCD_SetAddress  stm32h7xx_hal_pcd.o
    0x080042ec   0x080042ec   0x0000000e   Code   RO          714    i.HAL_PCD_SetupStageCallback  usbd_conf.o
    0x080042fa   0x080042fa   0x00000042   Code   RO         1213    i.HAL_PCD_Start     stm32h7xx_hal_pcd.o
    0x0800433c   0x0800433c   0x00000030   Code   RO          715    i.HAL_PCD_SuspendCallback  usbd_conf.o
    0x0800436c   0x0800436c   0x00000054   Code   RO         2872    i.HAL_PWREx_ConfigSupply  stm32h7xx_hal_pwr_ex.o
    0x080043c0   0x080043c0   0x00000010   Code   RO         2889    i.HAL_PWREx_EnableUSBVoltageDetector  stm32h7xx_hal_pwr_ex.o
    0x080043d0   0x080043d0   0x00000024   Code   RO         1892    i.HAL_RCCEx_GetD3PCLK1Freq  stm32h7xx_hal_rcc_ex.o
    0x080043f4   0x080043f4   0x00000144   Code   RO         1893    i.HAL_RCCEx_GetPLL1ClockFreq  stm32h7xx_hal_rcc_ex.o
    0x08004538   0x08004538   0x00000144   Code   RO         1894    i.HAL_RCCEx_GetPLL2ClockFreq  stm32h7xx_hal_rcc_ex.o
    0x0800467c   0x0800467c   0x00000144   Code   RO         1895    i.HAL_RCCEx_GetPLL3ClockFreq  stm32h7xx_hal_rcc_ex.o
    0x080047c0   0x080047c0   0x000001d8   Code   RO         1897    i.HAL_RCCEx_GetPeriphCLKFreq  stm32h7xx_hal_rcc_ex.o
    0x08004998   0x08004998   0x0000089c   Code   RO         1901    i.HAL_RCCEx_PeriphCLKConfig  stm32h7xx_hal_rcc_ex.o
    0x08005234   0x08005234   0x0000025c   Code   RO         1777    i.HAL_RCC_ClockConfig  stm32h7xx_hal_rcc.o
    0x08005490   0x08005490   0x00000044   Code   RO         1782    i.HAL_RCC_GetHCLKFreq  stm32h7xx_hal_rcc.o
    0x080054d4   0x080054d4   0x00000024   Code   RO         1784    i.HAL_RCC_GetPCLK1Freq  stm32h7xx_hal_rcc.o
    0x080054f8   0x080054f8   0x00000024   Code   RO         1785    i.HAL_RCC_GetPCLK2Freq  stm32h7xx_hal_rcc.o
    0x0800551c   0x0800551c   0x00000138   Code   RO         1786    i.HAL_RCC_GetSysClockFreq  stm32h7xx_hal_rcc.o
    0x08005654   0x08005654   0x000004ea   Code   RO         1789    i.HAL_RCC_OscConfig  stm32h7xx_hal_rcc.o
    0x08005b3e   0x08005b3e   0x00000002   PAD
    0x08005b40   0x08005b40   0x00000014   Code   RO         3308    i.HAL_SYSCFG_ETHInterfaceSelect  stm32h7xx_hal.o
    0x08005b54   0x08005b54   0x00000026   Code   RO         3142    i.HAL_SYSTICK_Config  stm32h7xx_hal_cortex.o
    0x08005b7a   0x08005b7a   0x00000002   Code   RO         5780    i.HAL_TIMEx_Break2Callback  stm32h7xx_hal_tim_ex.o
    0x08005b7c   0x08005b7c   0x00000002   Code   RO         5781    i.HAL_TIMEx_BreakCallback  stm32h7xx_hal_tim_ex.o
    0x08005b7e   0x08005b7e   0x00000002   Code   RO         5782    i.HAL_TIMEx_CommutCallback  stm32h7xx_hal_tim_ex.o
    0x08005b80   0x08005b80   0x00000098   Code   RO         5801    i.HAL_TIMEx_MasterConfigSynchronization  stm32h7xx_hal_tim_ex.o
    0x08005c18   0x08005c18   0x00000036   Code   RO         5083    i.HAL_TIM_Base_Init  stm32h7xx_hal_tim.o
    0x08005c4e   0x08005c4e   0x00000002   PAD
    0x08005c50   0x08005c50   0x00000064   Code   RO          559    i.HAL_TIM_Base_MspInit  tim.o
    0x08005cb4   0x08005cb4   0x0000002c   Code   RO         5088    i.HAL_TIM_Base_Start_IT  stm32h7xx_hal_tim.o
    0x08005ce0   0x08005ce0   0x0000002a   Code   RO         5091    i.HAL_TIM_Base_Stop_IT  stm32h7xx_hal_tim.o
    0x08005d0a   0x08005d0a   0x00000002   Code   RO         5114    i.HAL_TIM_IC_CaptureCallback  stm32h7xx_hal_tim.o
    0x08005d0c   0x08005d0c   0x00000182   Code   RO         5128    i.HAL_TIM_IRQHandler  stm32h7xx_hal_tim.o
    0x08005e8e   0x08005e8e   0x00000002   Code   RO         5131    i.HAL_TIM_OC_DelayElapsedCallback  stm32h7xx_hal_tim.o
    0x08005e90   0x08005e90   0x00000002   Code   RO         5158    i.HAL_TIM_PWM_PulseFinishedCallback  stm32h7xx_hal_tim.o
    0x08005e92   0x08005e92   0x00000002   PAD
    0x08005e94   0x08005e94   0x0000005c   Code   RO           19    i.HAL_TIM_PeriodElapsedCallback  main.o
    0x08005ef0   0x08005ef0   0x00000002   Code   RO         5171    i.HAL_TIM_TriggerCallback  stm32h7xx_hal_tim.o
    0x08005ef2   0x08005ef2   0x00000040   Code   RO         6451    i.HAL_UARTEx_DisableFifoMode  stm32h7xx_hal_uart_ex.o
    0x08005f32   0x08005f32   0x00000002   Code   RO         6455    i.HAL_UARTEx_RxFifoFullCallback  stm32h7xx_hal_uart_ex.o
    0x08005f34   0x08005f34   0x0000004c   Code   RO         6456    i.HAL_UARTEx_SetRxFifoThreshold  stm32h7xx_hal_uart_ex.o
    0x08005f80   0x08005f80   0x0000004c   Code   RO         6457    i.HAL_UARTEx_SetTxFifoThreshold  stm32h7xx_hal_uart_ex.o
    0x08005fcc   0x08005fcc   0x00000002   Code   RO         6459    i.HAL_UARTEx_TxFifoEmptyCallback  stm32h7xx_hal_uart_ex.o
    0x08005fce   0x08005fce   0x00000002   Code   RO         6460    i.HAL_UARTEx_WakeupCallback  stm32h7xx_hal_uart_ex.o
    0x08005fd0   0x08005fd0   0x00000002   Code   RO         6079    i.HAL_UART_ErrorCallback  stm32h7xx_hal_uart.o
    0x08005fd2   0x08005fd2   0x00000002   PAD
    0x08005fd4   0x08005fd4   0x000001c0   Code   RO         6082    i.HAL_UART_IRQHandler  stm32h7xx_hal_uart.o
    0x08006194   0x08006194   0x0000006a   Code   RO         6083    i.HAL_UART_Init     stm32h7xx_hal_uart.o
    0x080061fe   0x080061fe   0x00000002   PAD
    0x08006200   0x08006200   0x000000f4   Code   RO          607    i.HAL_UART_MspInit  usart.o
    0x080062f4   0x080062f4   0x00000002   Code   RO         6095    i.HAL_UART_TxCpltCallback  stm32h7xx_hal_uart.o
    0x080062f6   0x080062f6   0x00000002   Code   RO         1039    i.HardFault_Handler  stm32h7xx_it.o
    0x080062f8   0x080062f8   0x0000000c   Code   RO         1040    i.I2C2_ER_IRQHandler  stm32h7xx_it.o
    0x08006304   0x08006304   0x0000000c   Code   RO         1041    i.I2C2_EV_IRQHandler  stm32h7xx_it.o
    0x08006310   0x08006310   0x00000014   Code   RO         3652    i.I2C_DMAAbort      stm32h7xx_hal_i2c.o
    0x08006324   0x08006324   0x00000060   Code   RO         3658    i.I2C_Disable_IRQ   stm32h7xx_hal_i2c.o
    0x08006384   0x08006384   0x00000022   Code   RO         3660    i.I2C_Flush_TXDR    stm32h7xx_hal_i2c.o
    0x080063a6   0x080063a6   0x00000094   Code   RO         3661    i.I2C_ITAddrCplt    stm32h7xx_hal_i2c.o
    0x0800643a   0x0800643a   0x00000002   PAD
    0x0800643c   0x0800643c   0x000000f8   Code   RO         3662    i.I2C_ITError       stm32h7xx_hal_i2c.o
    0x08006534   0x08006534   0x00000064   Code   RO         3663    i.I2C_ITListenCplt  stm32h7xx_hal_i2c.o
    0x08006598   0x08006598   0x000001cc   Code   RO         3666    i.I2C_ITSlaveCplt   stm32h7xx_hal_i2c.o
    0x08006764   0x08006764   0x00000072   Code   RO         3667    i.I2C_ITSlaveSeqCplt  stm32h7xx_hal_i2c.o
    0x080067d6   0x080067d6   0x00000002   PAD
    0x080067d8   0x080067d8   0x00000088   Code   RO         3668    i.I2C_IsAcknowledgeFailed  stm32h7xx_hal_i2c.o
    0x08006860   0x08006860   0x00000120   Code   RO         3674    i.I2C_Slave_ISR_IT  stm32h7xx_hal_i2c.o
    0x08006980   0x08006980   0x0000002c   Code   RO         3675    i.I2C_TransferConfig  stm32h7xx_hal_i2c.o
    0x080069ac   0x080069ac   0x0000002a   Code   RO         3676    i.I2C_TreatErrorCallback  stm32h7xx_hal_i2c.o
    0x080069d6   0x080069d6   0x0000005a   Code   RO         3677    i.I2C_WaitOnFlagUntilTimeout  stm32h7xx_hal_i2c.o
    0x08006a30   0x08006a30   0x0000004e   Code   RO         3679    i.I2C_WaitOnSTOPFlagUntilTimeout  stm32h7xx_hal_i2c.o
    0x08006a7e   0x08006a7e   0x00000052   Code   RO         3680    i.I2C_WaitOnTXISFlagUntilTimeout  stm32h7xx_hal_i2c.o
    0x08006ad0   0x08006ad0   0x00000038   Code   RO          898    i.IntToUnicode      usbd_desc.o
    0x08006b08   0x08006b08   0x00000008   Code   RO         4219    i.LL_ADC_INJ_IsConversionOngoing  stm32h7xx_hal_adc.o
    0x08006b10   0x08006b10   0x00000008   Code   RO         4220    i.LL_ADC_REG_IsConversionOngoing  stm32h7xx_hal_adc.o
    0x08006b18   0x08006b18   0x00000008   Code   RO         4442    i.LL_ADC_REG_IsConversionOngoing  stm32h7xx_hal_adc_ex.o
    0x08006b20   0x08006b20   0x00000010   Code   RO         4221    i.LL_ADC_REG_IsTriggerSourceSWStart  stm32h7xx_hal_adc.o
    0x08006b30   0x08006b30   0x0000001e   Code   RO         4223    i.LL_ADC_SetChannelSamplingTime  stm32h7xx_hal_adc.o
    0x08006b4e   0x08006b4e   0x00000002   PAD
    0x08006b50   0x08006b50   0x000000a8   Code   RO          401    i.MX_ADC1_Init      adc.o
    0x08006bf8   0x08006bf8   0x0000002c   Code   RO          441    i.MX_DMA_Init       dma.o
    0x08006c24   0x08006c24   0x00000070   Code   RO          467    i.MX_ETH_Init       eth.o
    0x08006c94   0x08006c94   0x00000144   Code   RO          371    i.MX_GPIO_Init      gpio.o
    0x08006dd8   0x08006dd8   0x00000058   Code   RO          512    i.MX_I2C1_Init      i2c.o
    0x08006e30   0x08006e30   0x00000058   Code   RO          513    i.MX_I2C2_Init      i2c.o
    0x08006e88   0x08006e88   0x00000048   Code   RO          560    i.MX_TIM6_Init      tim.o
    0x08006ed0   0x08006ed0   0x00000048   Code   RO          561    i.MX_TIM7_Init      tim.o
    0x08006f18   0x08006f18   0x00000002   Code   RO          608    i.MX_UART4_Init     usart.o
    0x08006f1a   0x08006f1a   0x00000002   PAD
    0x08006f1c   0x08006f1c   0x00000068   Code   RO          609    i.MX_USART3_UART_Init  usart.o
    0x08006f84   0x08006f84   0x00000054   Code   RO          655    i.MX_USB_DEVICE_Init  usb_device.o
    0x08006fd8   0x08006fd8   0x00000002   Code   RO         1042    i.MemManage_Handler  stm32h7xx_it.o
    0x08006fda   0x08006fda   0x00000012   Code   RO           20    i.ModbusRTU_polling  main.o
    0x08006fec   0x08006fec   0x00000002   Code   RO         1043    i.NMI_Handler       stm32h7xx_it.o
    0x08006fee   0x08006fee   0x00000002   PAD
    0x08006ff0   0x08006ff0   0x0000000c   Code   RO         1044    i.OTG_FS_IRQHandler  stm32h7xx_it.o
    0x08006ffc   0x08006ffc   0x000000cc   Code   RO         1216    i.PCD_EP_OutXfrComplete_int  stm32h7xx_hal_pcd.o
    0x080070c8   0x080070c8   0x000000a2   Code   RO         1217    i.PCD_WriteEmptyTxFifo  stm32h7xx_hal_pcd.o
    0x0800716a   0x0800716a   0x00000002   Code   RO         1045    i.PendSV_Handler    stm32h7xx_it.o
    0x0800716c   0x0800716c   0x00000120   Code   RO         1904    i.RCCEx_PLL2_Config  stm32h7xx_hal_rcc_ex.o
    0x0800728c   0x0800728c   0x00000120   Code   RO         1905    i.RCCEx_PLL3_Config  stm32h7xx_hal_rcc_ex.o
    0x080073ac   0x080073ac   0x00000024   Code   RO           21    i.SCB_InvalidateDCache_by_Addr  main.o
    0x080073d0   0x080073d0   0x00000002   Code   RO         1046    i.SVC_Handler       stm32h7xx_it.o
    0x080073d2   0x080073d2   0x00000004   Code   RO         1047    i.SysTick_Handler   stm32h7xx_it.o
    0x080073d6   0x080073d6   0x00000002   PAD
    0x080073d8   0x080073d8   0x000000e8   Code   RO           22    i.SystemClock_Config  main.o
    0x080074c0   0x080074c0   0x0000009c   Code   RO         6545    i.SystemInit        system_stm32h7xx.o
    0x0800755c   0x0800755c   0x0000000c   Code   RO         1048    i.TIM6_DAC_IRQHandler  stm32h7xx_it.o
    0x08007568   0x08007568   0x0000000c   Code   RO         1049    i.TIM7_IRQHandler   stm32h7xx_it.o
    0x08007574   0x08007574   0x000000c4   Code   RO         5173    i.TIM_Base_SetConfig  stm32h7xx_hal_tim.o
    0x08007638   0x08007638   0x00000038   Code   RO         7949    i.Timer_process_delay  timer.o
    0x08007670   0x08007670   0x00000014   Code   RO         1050    i.UART4_IRQHandler  stm32h7xx_it.o
    0x08007684   0x08007684   0x00000064   Code   RO         6461    i.UARTEx_SetNbDataToProcess  stm32h7xx_hal_uart_ex.o
    0x080076e8   0x080076e8   0x000000c8   Code   RO         6097    i.UART_AdvFeatureConfig  stm32h7xx_hal_uart.o
    0x080077b0   0x080077b0   0x0000005e   Code   RO         6098    i.UART_CheckIdleState  stm32h7xx_hal_uart.o
    0x0800780e   0x0800780e   0x00000014   Code   RO         6099    i.UART_DMAAbortOnError  stm32h7xx_hal_uart.o
    0x08007822   0x08007822   0x00000002   PAD
    0x08007824   0x08007824   0x00000028   Code   RO         6109    i.UART_EndRxTransfer  stm32h7xx_hal_uart.o
    0x0800784c   0x0800784c   0x00000c10   Code   RO         6115    i.UART_SetConfig    stm32h7xx_hal_uart.o
    0x0800845c   0x0800845c   0x000000a4   Code   RO         6120    i.UART_WaitOnFlagUntilTimeout  stm32h7xx_hal_uart.o
    0x08008500   0x08008500   0x0000000c   Code   RO         1051    i.USART3_IRQHandler  stm32h7xx_it.o
    0x0800850c   0x0800850c   0x0000004a   Code   RO         6844    i.USBD_CDC_DataIn   usbd_cdc.o
    0x08008556   0x08008556   0x0000002e   Code   RO         6845    i.USBD_CDC_DataOut  usbd_cdc.o
    0x08008584   0x08008584   0x00000044   Code   RO         6846    i.USBD_CDC_DeInit   usbd_cdc.o
    0x080085c8   0x080085c8   0x00000024   Code   RO         6847    i.USBD_CDC_EP0_RxReady  usbd_cdc.o
    0x080085ec   0x080085ec   0x0000000c   Code   RO         6848    i.USBD_CDC_GetDeviceQualifierDescriptor  usbd_cdc.o
    0x080085f8   0x080085f8   0x0000000c   Code   RO         6849    i.USBD_CDC_GetFSCfgDesc  usbd_cdc.o
    0x08008604   0x08008604   0x0000000c   Code   RO         6850    i.USBD_CDC_GetHSCfgDesc  usbd_cdc.o
    0x08008610   0x08008610   0x0000000c   Code   RO         6851    i.USBD_CDC_GetOtherSpeedCfgDesc  usbd_cdc.o
    0x0800861c   0x0800861c   0x00000094   Code   RO         6852    i.USBD_CDC_Init     usbd_cdc.o
    0x080086b0   0x080086b0   0x00000028   Code   RO         6853    i.USBD_CDC_ReceivePacket  usbd_cdc.o
    0x080086d8   0x080086d8   0x00000014   Code   RO         6854    i.USBD_CDC_RegisterInterface  usbd_cdc.o
    0x080086ec   0x080086ec   0x0000000c   Code   RO         6855    i.USBD_CDC_SetRxBuffer  usbd_cdc.o
    0x080086f8   0x080086f8   0x00000010   Code   RO         6856    i.USBD_CDC_SetTxBuffer  usbd_cdc.o
    0x08008708   0x08008708   0x000000ae   Code   RO         6857    i.USBD_CDC_Setup    usbd_cdc.o
    0x080087b6   0x080087b6   0x0000000e   Code   RO         6581    i.USBD_ClrClassConfig  usbd_core.o
    0x080087c4   0x080087c4   0x00000010   Code   RO         6784    i.USBD_CtlContinueRx  usbd_ioreq.o
    0x080087d4   0x080087d4   0x00000010   Code   RO         6785    i.USBD_CtlContinueSendData  usbd_ioreq.o
    0x080087e4   0x080087e4   0x00000016   Code   RO         6719    i.USBD_CtlError     usbd_ctlreq.o
    0x080087fa   0x080087fa   0x0000001e   Code   RO         6786    i.USBD_CtlPrepareRx  usbd_ioreq.o
    0x08008818   0x08008818   0x00000016   Code   RO         6787    i.USBD_CtlReceiveStatus  usbd_ioreq.o
    0x0800882e   0x0800882e   0x0000001a   Code   RO         6788    i.USBD_CtlSendData  usbd_ioreq.o
    0x08008848   0x08008848   0x00000016   Code   RO         6789    i.USBD_CtlSendStatus  usbd_ioreq.o
    0x0800885e   0x0800885e   0x00000002   PAD
    0x08008860   0x08008860   0x00000020   Code   RO          899    i.USBD_FS_ConfigStrDescriptor  usbd_desc.o
    0x08008880   0x08008880   0x0000000c   Code   RO          900    i.USBD_FS_DeviceDescriptor  usbd_desc.o
    0x0800888c   0x0800888c   0x00000024   Code   RO          901    i.USBD_FS_InterfaceStrDescriptor  usbd_desc.o
    0x080088b0   0x080088b0   0x0000000c   Code   RO          902    i.USBD_FS_LangIDStrDescriptor  usbd_desc.o
    0x080088bc   0x080088bc   0x00000028   Code   RO          903    i.USBD_FS_ManufacturerStrDescriptor  usbd_desc.o
    0x080088e4   0x080088e4   0x0000002c   Code   RO          904    i.USBD_FS_ProductStrDescriptor  usbd_desc.o
    0x08008910   0x08008910   0x0000003c   Code   RO          905    i.USBD_FS_SerialStrDescriptor  usbd_desc.o
    0x0800894c   0x0800894c   0x000000e8   Code   RO         6720    i.USBD_GetDescriptor  usbd_ctlreq.o
    0x08008a34   0x08008a34   0x0000004a   Code   RO         6721    i.USBD_GetString    usbd_ctlreq.o
    0x08008a7e   0x08008a7e   0x00000018   Code   RO          716    i.USBD_Get_USB_Status  usbd_conf.o
    0x08008a96   0x08008a96   0x0000002a   Code   RO         6583    i.USBD_Init         usbd_core.o
    0x08008ac0   0x08008ac0   0x00000012   Code   RO          717    i.USBD_LL_ClearStallEP  usbd_conf.o
    0x08008ad2   0x08008ad2   0x00000012   Code   RO          718    i.USBD_LL_CloseEP   usbd_conf.o
    0x08008ae4   0x08008ae4   0x000000c2   Code   RO         6584    i.USBD_LL_DataInStage  usbd_core.o
    0x08008ba6   0x08008ba6   0x00000082   Code   RO         6585    i.USBD_LL_DataOutStage  usbd_core.o
    0x08008c28   0x08008c28   0x00000004   Code   RO         6586    i.USBD_LL_DevConnected  usbd_core.o
    0x08008c2c   0x08008c2c   0x00000016   Code   RO         6587    i.USBD_LL_DevDisconnected  usbd_core.o
    0x08008c42   0x08008c42   0x00000008   Code   RO          722    i.USBD_LL_GetRxDataSize  usbd_conf.o
    0x08008c4a   0x08008c4a   0x00000002   PAD
    0x08008c4c   0x08008c4c   0x00000064   Code   RO          723    i.USBD_LL_Init      usbd_conf.o
    0x08008cb0   0x08008cb0   0x00000020   Code   RO          724    i.USBD_LL_IsStallEP  usbd_conf.o
    0x08008cd0   0x08008cd0   0x00000004   Code   RO         6588    i.USBD_LL_IsoINIncomplete  usbd_core.o
    0x08008cd4   0x08008cd4   0x00000004   Code   RO         6589    i.USBD_LL_IsoOUTIncomplete  usbd_core.o
    0x08008cd8   0x08008cd8   0x00000018   Code   RO          725    i.USBD_LL_OpenEP    usbd_conf.o
    0x08008cf0   0x08008cf0   0x00000012   Code   RO          726    i.USBD_LL_PrepareReceive  usbd_conf.o
    0x08008d02   0x08008d02   0x00000050   Code   RO         6590    i.USBD_LL_Reset     usbd_core.o
    0x08008d52   0x08008d52   0x00000014   Code   RO         6591    i.USBD_LL_Resume    usbd_core.o
    0x08008d66   0x08008d66   0x00000018   Code   RO         6592    i.USBD_LL_SOF       usbd_core.o
    0x08008d7e   0x08008d7e   0x00000006   Code   RO         6593    i.USBD_LL_SetSpeed  usbd_core.o
    0x08008d84   0x08008d84   0x00000012   Code   RO          727    i.USBD_LL_SetUSBAddress  usbd_conf.o
    0x08008d96   0x08008d96   0x00000056   Code   RO         6594    i.USBD_LL_SetupStage  usbd_core.o
    0x08008dec   0x08008dec   0x00000012   Code   RO          728    i.USBD_LL_StallEP   usbd_conf.o
    0x08008dfe   0x08008dfe   0x00000012   Code   RO          729    i.USBD_LL_Start     usbd_conf.o
    0x08008e10   0x08008e10   0x00000012   Code   RO         6595    i.USBD_LL_Suspend   usbd_core.o
    0x08008e22   0x08008e22   0x00000012   Code   RO          731    i.USBD_LL_Transmit  usbd_conf.o
    0x08008e34   0x08008e34   0x00000028   Code   RO         6722    i.USBD_ParseSetupRequest  usbd_ctlreq.o
    0x08008e5c   0x08008e5c   0x00000012   Code   RO         6596    i.USBD_RegisterClass  usbd_core.o
    0x08008e6e   0x08008e6e   0x00000016   Code   RO         6598    i.USBD_SetClassConfig  usbd_core.o
    0x08008e84   0x08008e84   0x00000088   Code   RO         6723    i.USBD_SetConfig    usbd_ctlreq.o
    0x08008f0c   0x08008f0c   0x0000000a   Code   RO         6599    i.USBD_Start        usbd_core.o
    0x08008f16   0x08008f16   0x00000114   Code   RO         6724    i.USBD_StdDevReq    usbd_ctlreq.o
    0x0800902a   0x0800902a   0x00000150   Code   RO         6725    i.USBD_StdEPReq     usbd_ctlreq.o
    0x0800917a   0x0800917a   0x0000004e   Code   RO         6726    i.USBD_StdItfReq    usbd_ctlreq.o
    0x080091c8   0x080091c8   0x00000080   Code   RO         1477    i.USB_ActivateEndpoint  stm32h7xx_ll_usb.o
    0x08009248   0x08009248   0x0000001c   Code   RO         1479    i.USB_ActivateSetup  stm32h7xx_ll_usb.o
    0x08009264   0x08009264   0x00000078   Code   RO         1481    i.USB_CoreInit      stm32h7xx_ll_usb.o
    0x080092dc   0x080092dc   0x00000038   Code   RO         1482    i.USB_CoreReset     stm32h7xx_ll_usb.o
    0x08009314   0x08009314   0x00000080   Code   RO         1485    i.USB_DeactivateEndpoint  stm32h7xx_ll_usb.o
    0x08009394   0x08009394   0x00000018   Code   RO         1486    i.USB_DevConnect    stm32h7xx_ll_usb.o
    0x080093ac   0x080093ac   0x00000018   Code   RO         1487    i.USB_DevDisconnect  stm32h7xx_ll_usb.o
    0x080093c4   0x080093c4   0x00000178   Code   RO         1488    i.USB_DevInit       stm32h7xx_ll_usb.o
    0x0800953c   0x0800953c   0x0000000c   Code   RO         1489    i.USB_DisableGlobalInt  stm32h7xx_ll_usb.o
    0x08009548   0x08009548   0x0000011c   Code   RO         1492    i.USB_EP0StartXfer  stm32h7xx_ll_usb.o
    0x08009664   0x08009664   0x00000058   Code   RO         1493    i.USB_EP0_OutStart  stm32h7xx_ll_usb.o
    0x080096bc   0x080096bc   0x00000058   Code   RO         1494    i.USB_EPClearStall  stm32h7xx_ll_usb.o
    0x08009714   0x08009714   0x00000058   Code   RO         1495    i.USB_EPSetStall    stm32h7xx_ll_usb.o
    0x0800976c   0x0800976c   0x000001e8   Code   RO         1496    i.USB_EPStartXfer   stm32h7xx_ll_usb.o
    0x08009954   0x08009954   0x0000000c   Code   RO         1497    i.USB_EnableGlobalInt  stm32h7xx_ll_usb.o
    0x08009960   0x08009960   0x00000020   Code   RO         1498    i.USB_FlushRxFifo   stm32h7xx_ll_usb.o
    0x08009980   0x08009980   0x00000024   Code   RO         1499    i.USB_FlushTxFifo   stm32h7xx_ll_usb.o
    0x080099a4   0x080099a4   0x0000001a   Code   RO         1501    i.USB_GetDevSpeed   stm32h7xx_ll_usb.o
    0x080099be   0x080099be   0x00000008   Code   RO         1503    i.USB_GetMode       stm32h7xx_ll_usb.o
    0x080099c6   0x080099c6   0x0000000e   Code   RO         1510    i.USB_ReadDevAllInEpInterrupt  stm32h7xx_ll_usb.o
    0x080099d4   0x080099d4   0x0000000e   Code   RO         1511    i.USB_ReadDevAllOutEpInterrupt  stm32h7xx_ll_usb.o
    0x080099e2   0x080099e2   0x00000024   Code   RO         1512    i.USB_ReadDevInEPInterrupt  stm32h7xx_ll_usb.o
    0x08009a06   0x08009a06   0x00000010   Code   RO         1513    i.USB_ReadDevOutEPInterrupt  stm32h7xx_ll_usb.o
    0x08009a16   0x08009a16   0x00000008   Code   RO         1514    i.USB_ReadInterrupts  stm32h7xx_ll_usb.o
    0x08009a1e   0x08009a1e   0x0000001c   Code   RO         1515    i.USB_ReadPacket    stm32h7xx_ll_usb.o
    0x08009a3a   0x08009a3a   0x0000002e   Code   RO         1517    i.USB_SetCurrentMode  stm32h7xx_ll_usb.o
    0x08009a68   0x08009a68   0x00000022   Code   RO         1518    i.USB_SetDevAddress  stm32h7xx_ll_usb.o
    0x08009a8a   0x08009a8a   0x00000002   PAD
    0x08009a8c   0x08009a8c   0x000000e8   Code   RO         1520    i.USB_SetTurnaroundTime  stm32h7xx_ll_usb.o
    0x08009b74   0x08009b74   0x00000024   Code   RO         1523    i.USB_WritePacket   stm32h7xx_ll_usb.o
    0x08009b98   0x08009b98   0x0000003c   Code   RO         7392    i.USER_UART_IRQ_Handler  portserial.o
    0x08009bd4   0x08009bd4   0x00000002   Code   RO         1052    i.UsageFault_Handler  stm32h7xx_it.o
    0x08009bd6   0x08009bd6   0x00000022   Code   RO         3144    i.__NVIC_SetPriority  stm32h7xx_hal_cortex.o
    0x08009bf8   0x08009bf8   0x00000004   Code   RO           23    i.__critical_enter  main.o
    0x08009bfc   0x08009bfc   0x00000004   Code   RO           24    i.__critical_exit   main.o
    0x08009c00   0x08009c00   0x0000000e   Code   RO         8046    i.__scatterload_copy  mc_w.l(handlers.o)
    0x08009c0e   0x08009c0e   0x00000002   Code   RO         8047    i.__scatterload_null  mc_w.l(handlers.o)
    0x08009c10   0x08009c10   0x0000000e   Code   RO         8048    i.__scatterload_zeroinit  mc_w.l(handlers.o)
    0x08009c1e   0x08009c1e   0x00000002   PAD
    0x08009c20   0x08009c20   0x00000020   Code   RO         7288    i.eMBEnable         mb.o
    0x08009c40   0x08009c40   0x00000078   Code   RO         6950    i.eMBFuncReadCoils  mbfunccoils.o
    0x08009cb8   0x08009cb8   0x00000078   Code   RO         7004    i.eMBFuncReadDiscreteInputs  mbfuncdisc.o
    0x08009d30   0x08009d30   0x0000005e   Code   RO         7028    i.eMBFuncReadHoldingRegister  mbfuncholding.o
    0x08009d8e   0x08009d8e   0x00000062   Code   RO         7070    i.eMBFuncReadInputRegister  mbfuncinput.o
    0x08009df0   0x08009df0   0x000000aa   Code   RO         7029    i.eMBFuncReadWriteMultipleHoldingRegister  mbfuncholding.o
    0x08009e9a   0x08009e9a   0x00000002   PAD
    0x08009e9c   0x08009e9c   0x00000024   Code   RO         7094    i.eMBFuncReportSlaveID  mbfuncother.o
    0x08009ec0   0x08009ec0   0x00000058   Code   RO         6951    i.eMBFuncWriteCoil  mbfunccoils.o
    0x08009f18   0x08009f18   0x00000032   Code   RO         7030    i.eMBFuncWriteHoldingRegister  mbfuncholding.o
    0x08009f4a   0x08009f4a   0x00000066   Code   RO         6952    i.eMBFuncWriteMultipleCoils  mbfunccoils.o
    0x08009fb0   0x08009fb0   0x00000052   Code   RO         7031    i.eMBFuncWriteMultipleHoldingRegister  mbfuncholding.o
    0x0800a002   0x0800a002   0x00000002   PAD
    0x0800a004   0x0800a004   0x00000080   Code   RO         7289    i.eMBInit           mb.o
    0x0800a084   0x0800a084   0x000000b4   Code   RO         7290    i.eMBPoll           mb.o
    0x0800a138   0x0800a138   0x0000004c   Code   RO         7189    i.eMBRTUInit        mbrtu.o
    0x0800a184   0x0800a184   0x00000058   Code   RO         7190    i.eMBRTUReceive     mbrtu.o
    0x0800a1dc   0x0800a1dc   0x00000068   Code   RO         7191    i.eMBRTUSend        mbrtu.o
    0x0800a244   0x0800a244   0x00000024   Code   RO         7192    i.eMBRTUStart       mbrtu.o
    0x0800a268   0x0800a268   0x0000001a   Code   RO         7193    i.eMBRTUStop        mbrtu.o
    0x0800a282   0x0800a282   0x00000002   PAD
    0x0800a284   0x0800a284   0x00000078   Code   RO           25    i.eMBRegCoilsCB     main.o
    0x0800a2fc   0x0800a2fc   0x00000044   Code   RO           26    i.eMBRegDiscreteCB  main.o
    0x0800a340   0x0800a340   0x00000074   Code   RO           27    i.eMBRegHoldingCB   main.o
    0x0800a3b4   0x0800a3b4   0x00000048   Code   RO           28    i.eMBRegInputCB     main.o
    0x0800a3fc   0x0800a3fc   0x00000072   Code   RO         7662    i.filter_moving_average  adc_input.o
    0x0800a46e   0x0800a46e   0x00000002   PAD
    0x0800a470   0x0800a470   0x00000050   Code   RO         7994    i.free              mc_w.l(malloc.o)
    0x0800a4c0   0x0800a4c0   0x00000100   Code   RO           29    i.main              main.o
    0x0800a5c0   0x0800a5c0   0x0000006c   Code   RO         7995    i.malloc            mc_w.l(malloc.o)
    0x0800a62c   0x0800a62c   0x0000017c   Code   RO         7491    i.modbus_data_input_process  input.o
    0x0800a7a8   0x0800a7a8   0x00000040   Code   RO         7622    i.modbus_data_output_process  output.o
    0x0800a7e8   0x0800a7e8   0x00000030   Code   RO         7663    i.moving_average_value_to_float  adc_input.o
    0x0800a818   0x0800a818   0x00000018   Code   RO         7127    i.prveMBError2Exception  mbutils.o
    0x0800a830   0x0800a830   0x00000018   Code   RO         7492    i.read_input_1      input.o
    0x0800a848   0x0800a848   0x00000018   Code   RO         7493    i.read_input_2      input.o
    0x0800a860   0x0800a860   0x00000004   Code   RO         7494    i.read_input_3      input.o
    0x0800a864   0x0800a864   0x00000004   Code   RO         7495    i.read_input_4      input.o
    0x0800a868   0x0800a868   0x0000002c   Code   RO         7574    i.set_value_to_channel_AD5696  ad5696.o
    0x0800a894   0x0800a894   0x00000060   Code   RO         7898    i.test_algorithm1   test_algorithm1.o
    0x0800a8f4   0x0800a8f4   0x00000074   Code   RO         7822    i.test_algorithm2   test_algorithm2.o
    0x0800a968   0x0800a968   0x00000098   Code   RO         7923    i.test_algorithm3   test_algorithm3.o
    0x0800aa00   0x0800aa00   0x0000002c   Code   RO         7163    i.usMBCRC16         mbcrc.o
    0x0800aa2c   0x0800aa2c   0x00000030   Code   RO         7393    i.vMBPortSerialEnable  portserial.o
    0x0800aa5c   0x0800aa5c   0x0000000c   Code   RO         7478    i.vMBPortTimersDisable  porttimer.o
    0x0800aa68   0x0800aa68   0x00000014   Code   RO         7472    i.vMBPortTimersEnable  porttimer.o
    0x0800aa7c   0x0800aa7c   0x00000020   Code   RO         7354    i.xMBPortEventGet   portevent.o
    0x0800aa9c   0x0800aa9c   0x00000010   Code   RO         7355    i.xMBPortEventInit  portevent.o
    0x0800aaac   0x0800aaac   0x00000010   Code   RO         7356    i.xMBPortEventPost  portevent.o
    0x0800aabc   0x0800aabc   0x00000010   Code   RO         7394    i.xMBPortSerialGetByte  portserial.o
    0x0800aacc   0x0800aacc   0x00000088   Code   RO         7395    i.xMBPortSerialInit  portserial.o
    0x0800ab54   0x0800ab54   0x00000010   Code   RO         7396    i.xMBPortSerialPutByte  portserial.o
    0x0800ab64   0x0800ab64   0x0000000c   Code   RO         7451    i.xMBPortTimersInit  porttimer.o
    0x0800ab70   0x0800ab70   0x00000064   Code   RO         7194    i.xMBRTUReceiveFSM  mbrtu.o
    0x0800abd4   0x0800abd4   0x00000040   Code   RO         7195    i.xMBRTUTimerT35Expired  mbrtu.o
    0x0800ac14   0x0800ac14   0x0000005c   Code   RO         7196    i.xMBRTUTransmitFSM  mbrtu.o
    0x0800ac70   0x0800ac70   0x00000022   Code   RO         7128    i.xMBUtilGetBits    mbutils.o
    0x0800ac92   0x0800ac92   0x00000036   Code   RO         7129    i.xMBUtilSetBits    mbutils.o
    0x0800acc8   0x0800acc8   0x00000008   Data   RO         2435    .constdata          stm32h7xx_hal_dma.o
    0x0800acd0   0x0800acd0   0x00000010   Data   RO         6546    .constdata          system_stm32h7xx.o
    0x0800ace0   0x0800ace0   0x00000200   Data   RO         7164    .constdata          mbcrc.o
    0x0800aee0   0x0800aee0   0x00000020   Data   RO         8044    Region$$Table       anon$$obj.o


    Execution Region RW_IRAM1 (Exec base: 0x20000000, Load base: 0x0800af00, Size: 0x00000000, Max: 0x00020000, ABSOLUTE)

    **** No section assigned to this execution region ****


    Execution Region RW_IRAM2 (Exec base: 0x24000000, Load base: 0x0800af00, Size: 0x00002b28, Max: 0x00080000, ABSOLUTE, COMPRESSED[0x0000010c])

    Exec Addr    Load Addr    Size         Type   Attr      Idx    E Section Name        Object

    0x24000000   COMPRESSED   0x0000000a   Data   RW           31    .data               main.o
    0x2400000a   COMPRESSED   0x00000002   PAD
    0x2400000c   COMPRESSED   0x0000001c   Data   RW          907    .data               usbd_desc.o
    0x24000028   COMPRESSED   0x00000032   Data   RW          908    .data               usbd_desc.o
    0x2400005a   COMPRESSED   0x00000002   PAD
    0x2400005c   COMPRESSED   0x00000010   Data   RW          990    .data               usbd_cdc_if.o
    0x2400006c   COMPRESSED   0x0000000c   Data   RW         3318    .data               stm32h7xx_hal.o
    0x24000078   COMPRESSED   0x00000008   Data   RW         6547    .data               system_stm32h7xx.o
    0x24000080   COMPRESSED   0x00000001   Data   RW         6727    .data               usbd_ctlreq.o
    0x24000081   COMPRESSED   0x00000003   PAD
    0x24000084   COMPRESSED   0x000000d7   Data   RW         6859    .data               usbd_cdc.o
    0x2400015b   COMPRESSED   0x00000001   PAD
    0x2400015c   COMPRESSED   0x00000038   Data   RW         6860    .data               usbd_cdc.o
    0x24000194   COMPRESSED   0x00000002   Data   RW         7097    .data               mbfuncother.o
    0x24000196   COMPRESSED   0x00000002   PAD
    0x24000198   COMPRESSED   0x0000000c   Data   RW         7198    .data               mbrtu.o
    0x240001a4   COMPRESSED   0x000000ac   Data   RW         7292    .data               mb.o
    0x24000250   COMPRESSED   0x00000002   Data   RW         7357    .data               portevent.o
    0x24000252   COMPRESSED   0x00000004   Data   RW         7452    .data               porttimer.o
    0x24000256   COMPRESSED   0x00000002   PAD
    0x24000258   COMPRESSED   0x00000040   Data   RW         7500    .data               input.o
    0x24000298   COMPRESSED   0x00000003   Data   RW         7576    .data               ad5696.o
    0x2400029b   COMPRESSED   0x00000001   PAD
    0x2400029c   COMPRESSED   0x00000014   Data   RW         7623    .data               output.o
    0x240002b0   COMPRESSED   0x00000004   Data   RW         7667    .data               adc_input.o
    0x240002b4   COMPRESSED   0x00000004   Data   RW         7668    .data               adc_input.o
    0x240002b8   COMPRESSED   0x00000002   Data   RW         7673    .data               adc_input.o
    0x240002ba   COMPRESSED   0x00000002   Data   RW         7674    .data               adc_input.o
    0x240002bc   COMPRESSED   0x00000004   Data   RW         7676    .data               adc_input.o
    0x240002c0   COMPRESSED   0x00000004   Data   RW         7677    .data               adc_input.o
    0x240002c4   COMPRESSED   0x00000004   Data   RW         7679    .data               adc_input.o
    0x240002c8   COMPRESSED   0x00000004   Data   RW         7680    .data               adc_input.o
    0x240002cc   COMPRESSED   0x00000001   Data   RW         7682    .data               adc_input.o
    0x240002cd   COMPRESSED   0x00000001   Data   RW         7823    .data               test_algorithm2.o
    0x240002ce   COMPRESSED   0x00000001   Data   RW         7899    .data               test_algorithm1.o
    0x240002cf   COMPRESSED   0x00000001   Data   RW         7924    .data               test_algorithm3.o
    0x240002d0   COMPRESSED   0x0000000c   Data   RW         7950    .data               timer.o
    0x240002dc   COMPRESSED   0x00000004   Data   RW         8040    .data               mc_w.l(mvars.o)
    0x240002e0   COMPRESSED   0x00000004   Data   RW         8041    .data               mc_w.l(mvars.o)
    0x240002e4        -       0x000000a4   Zero   RW           30    .bss                main.o
    0x24000388        -       0x000000dc   Zero   RW          402    .bss                adc.o
    0x24000464        -       0x000000a4   Zero   RW          471    .bss                eth.o
    0x24000508        -       0x00000098   Zero   RW          514    .bss                i2c.o
    0x240005a0        -       0x00000080   Zero   RW          562    .bss                tim.o
    0x24000620        -       0x0000008c   Zero   RW          610    .bss                usart.o
    0x240006ac        -       0x0000008c   Zero   RW          611    .bss                usart.o
    0x24000738        -       0x000002c4   Zero   RW          656    .bss                usb_device.o
    0x240009fc        -       0x00000408   Zero   RW          732    .bss                usbd_conf.o
    0x24000e04        -       0x00000200   Zero   RW          906    .bss                usbd_desc.o
    0x24001004        -       0x00001000   Zero   RW          989    .bss                usbd_cdc_if.o
    0x24002004        -       0x00000020   Zero   RW         7096    .bss                mbfuncother.o
    0x24002024        -       0x00000100   Zero   RW         7197    .bss                mbrtu.o
    0x24002124        -       0x00000100   Zero   RW         7664    .bss                adc_input.o
    0x24002224        -       0x00000100   Zero   RW         7665    .bss                adc_input.o
    0x24002324   COMPRESSED   0x00000004   PAD
    0x24002328        -       0x00000400   Zero   RW            2    HEAP                startup_stm32h743xx.o
    0x24002728        -       0x00000400   Zero   RW            1    STACK               startup_stm32h743xx.o



  Load Region LR$$.ARM.__AT_0x30040000 (Base: 0x30040000, Size: 0x00000000, Max: 0x00000060, ABSOLUTE)

    Execution Region ER$$.ARM.__AT_0x30040000 (Exec base: 0x30040000, Load base: 0x30040000, Size: 0x00000060, Max: 0x00000060, ABSOLUTE, UNINIT)

    Exec Addr    Load Addr    Size         Type   Attr      Idx    E Section Name        Object

    0x30040000        -       0x00000060   Zero   RW          468    .ARM.__AT_0x30040000  eth.o



  Load Region LR$$.ARM.__AT_0x30040060 (Base: 0x30040060, Size: 0x00000000, Max: 0x00000060, ABSOLUTE)

    Execution Region ER$$.ARM.__AT_0x30040060 (Exec base: 0x30040060, Load base: 0x30040060, Size: 0x00000060, Max: 0x00000060, ABSOLUTE, UNINIT)

    Exec Addr    Load Addr    Size         Type   Attr      Idx    E Section Name        Object

    0x30040060        -       0x00000060   Zero   RW          469    .ARM.__AT_0x30040060  eth.o



  Load Region LR$$.ARM.__AT_0x30040200 (Base: 0x30040200, Size: 0x00000000, Max: 0x000017e0, ABSOLUTE)

    Execution Region ER$$.ARM.__AT_0x30040200 (Exec base: 0x30040200, Load base: 0x30040200, Size: 0x000017e0, Max: 0x000017e0, ABSOLUTE, UNINIT)

    Exec Addr    Load Addr    Size         Type   Attr      Idx    E Section Name        Object

    0x30040200        -       0x000017e0   Zero   RW          470    .ARM.__AT_0x30040200  eth.o


==============================================================================

Image component sizes


      Code (inc. data)   RO Data    RW Data    ZI Data      Debug   Object Name

       120         16          0          3          0       1764   ad5696.o
       352         44          0          0        220       1851   adc.o
       162         18          0         29        512       3197   adc_input.o
        44          4          0          0          0        742   dma.o
       368         42          0          0       6468       2018   eth.o
       324         26          0          0          0       1091   gpio.o
       380         46          0          0        152       2358   i2c.o
       436         78          0         64          0       4305   input.o
      1268        176          0         10        164    1393615   main.o
       340         40          0        172          0       4104   mb.o
        44          4        512          0          0       1208   mbcrc.o
       310          0          0          0          0       4342   mbfunccoils.o
       120          0          0          0          0       1556   mbfuncdisc.o
       396          0          0          0          0       5207   mbfuncholding.o
        98          0          0          0          0       1543   mbfuncinput.o
        36         10          0          2         32       1355   mbfuncother.o
       586         44          0         12        256       6499   mbrtu.o
       112          0          0          0          0       2678   mbutils.o
        64          8          0         20          0       2484   output.o
        64         16          0          2          0       2220   portevent.o
       276         44          0          0          0       5026   portserial.o
        44         18          0          4          0       2261   porttimer.o
        36          8        664          0       2048        828   startup_stm32h743xx.o
       252         50          0         12          0      23552   stm32h7xx_hal.o
      2878        222          0          0          0      75826   stm32h7xx_hal_adc.o
       456         32          0          0          0      62765   stm32h7xx_hal_adc_ex.o
       198         12          0          0          0      38951   stm32h7xx_hal_cortex.o
      6006        246          8          0          0      12301   stm32h7xx_hal_dma.o
      1336         62          0          0          0       5767   stm32h7xx_hal_eth.o
       580         50          0          0          0       3223   stm32h7xx_hal_gpio.o
      2892        100          0          0          0      22137   stm32h7xx_hal_i2c.o
       172          0          0          0          0       1955   stm32h7xx_hal_i2c_ex.o
        28          6          0          0          0        774   stm32h7xx_hal_msp.o
      2388         16          0          0          0      12849   stm32h7xx_hal_pcd.o
       120          6          0          0          0       3147   stm32h7xx_hal_pcd_ex.o
       100         10          0          0          0       1350   stm32h7xx_hal_pwr_ex.o
      2314        102          0          0          0       6940   stm32h7xx_hal_rcc.o
      4260        166          0          0          0      10231   stm32h7xx_hal_rcc_ex.o
       730         38          0          0          0       7320   stm32h7xx_hal_tim.o
       158         24          0          0          0       3056   stm32h7xx_hal_tim_ex.o
      4164        134          0          0          0      10974   stm32h7xx_hal_uart.o
       322         18          0          0          0       5330   stm32h7xx_hal_uart_ex.o
       124         46          0          0          0       7717   stm32h7xx_it.o
      2510        130          0          0          0      22631   stm32h7xx_ll_usb.o
       156         22         16          8          0       1338   system_stm32h7xx.o
        96         24          0          1          0        594   test_algorithm1.o
       116         18          0          1          0        666   test_algorithm2.o
       152         30          0          1          0        646   test_algorithm3.o
       244         34          0          0        128       2171   tim.o
        56          6          0         12          0       1335   timer.o
       350         36          0          0        280       2329   usart.o
        84         18          0          0        708       2483   usb_device.o
       682         16          0        271          0      12616   usbd_cdc.o
        68         16          0         16       4096       2606   usbd_cdc_if.o
       626         26          0          0       1032      14756   usbd_conf.o
       698          0          0          0          0      12185   usbd_core.o
      1194         30          0          1          0       8200   usbd_ctlreq.o
       292        106          0         78        512       5873   usbd_desc.o
       132          0          0          0          0       4488   usbd_ioreq.o

    ----------------------------------------------------------------------
     42972       2494       1232        732      16612    1863334   Object Totals
         0          0         32          0          0          0   (incl. Generated)
        58          0          0         13          4          0   (incl. Padding)

    ----------------------------------------------------------------------

      Code (inc. data)   RO Data    RW Data    ZI Data      Debug   Library Member Name

        86          0          0          0          0          0   __dczerorl2.o
         0          0          0          0          0          0   entry.o
         0          0          0          0          0          0   entry10a.o
         0          0          0          0          0          0   entry11a.o
         8          4          0          0          0          0   entry2.o
         4          0          0          0          0          0   entry5.o
         0          0          0          0          0          0   entry7b.o
         0          0          0          0          0          0   entry8b.o
         8          4          0          0          0          0   entry9a.o
        30          0          0          0          0          0   handlers.o
        36          8          0          0          0         68   init.o
        30          0          0          0          0         68   llshl.o
        32          0          0          0          0         68   llushr.o
       188         20          0          0          0        160   malloc.o
        36          0          0          0          0         68   memcpya.o
        36          0          0          0          0        108   memseta.o
         0          0          0          8          0          0   mvars.o
        98          0          0          0          0         92   uldiv.o

    ----------------------------------------------------------------------
       596         36          0          8          0        632   Library Totals
         4          0          0          0          0          0   (incl. Padding)

    ----------------------------------------------------------------------

      Code (inc. data)   RO Data    RW Data    ZI Data      Debug   Library Name

       592         36          0          8          0        632   mc_w.l

    ----------------------------------------------------------------------
       596         36          0          8          0        632   Library Totals

    ----------------------------------------------------------------------

==============================================================================


      Code (inc. data)   RO Data    RW Data    ZI Data      Debug   

     43568       2530       1232        740      16612    1830090   Grand Totals
     43568       2530       1232        268      16612    1830090   ELF Image Totals (compressed)
     43568       2530       1232        268          0          0   ROM Totals

==============================================================================

    Total RO  Size (Code + RO Data)                44800 (  43.75kB)
    Total RW  Size (RW Data + ZI Data)             17352 (  16.95kB)
    Total ROM Size (Code + RO Data + RW Data)      45068 (  44.01kB)

==============================================================================

